
> kraak-group@0.0.0 test C:\Users\USER\kraak-consulting
> node ./scripts/workspace-runner.mjs test

[runner] Run shared libraries, API, client unit tests, then Playwright end-to-end tests.
[runner] Starting shared-libraries phase.
[libs] 
[libs] > kraak-group@0.0.0 test:libs C:\Users\USER\kraak-consulting
[libs] > pnpm -r --filter @kraak/contracts --filter @kraak/domain --filter @kraak/api-client --filter @kraak/tokens test
[libs] 
[libs] Scope: 4 of 7 workspace projects
[libs] packages/tokens test$ vitest run
[libs] packages/contracts test$ vitest run
[libs] packages/contracts test: [1m[30m[46m RUN [49m[39m[22m [36mv4.1.4 [39m[90mC:/Users/USER/kraak-consulting/packages/contracts[39m
[libs] packages/tokens test: [1m[30m[46m RUN [49m[39m[22m [36mv4.1.4 [39m[90mC:/Users/USER/kraak-consulting/packages/tokens[39m
[libs] packages/tokens test:  [32m✓[39m src/tokens.spec.ts [2m([22m[2m27 tests[22m[2m)[22m[32m 8[2mms[22m[39m
[libs] packages/tokens test: [2m Test Files [22m [1m[32m1 passed[39m[22m[90m (1)[39m
[libs] packages/tokens test: [2m      Tests [22m [1m[32m27 passed[39m[22m[90m (27)[39m
[libs] packages/tokens test: [2m   Start at [22m 12:17:34
[libs] packages/tokens test: [2m   Duration [22m 2.22s[2m (transform 156ms, setup 0ms, import 192ms, tests 8ms, environment 0ms)[22m
[libs] packages/tokens test: Done
[libs] packages/contracts test:  [32m✓[39m src/enums.spec.ts [2m([22m[2m34 tests[22m[2m)[22m[32m 9[2mms[22m[39m
[libs] packages/contracts test:  [32m✓[39m src/dto.spec.ts [2m([22m[2m49 tests[22m[2m)[22m[32m 14[2mms[22m[39m
[libs] packages/contracts test:  [32m✓[39m src/schemas.spec.ts [2m([22m[2m91 tests[22m[2m)[22m[32m 72[2mms[22m[39m
[libs] packages/contracts test: [2m Test Files [22m [1m[32m3 passed[39m[22m[90m (3)[39m
[libs] packages/contracts test: [2m      Tests [22m [1m[32m174 passed[39m[22m[90m (174)[39m
[libs] packages/contracts test: [2m   Start at [22m 12:17:34
[libs] packages/contracts test: [2m   Duration [22m 5.24s[2m (transform 1.65s, setup 0ms, import 1.94s, tests 94ms, environment 0ms)[22m
[libs] packages/contracts test: Done
[libs] packages/domain test$ vitest run
[libs] packages/api-client test$ vitest run
[libs] packages/domain test: [1m[30m[46m RUN [49m[39m[22m [36mv4.1.4 [39m[90mC:/Users/USER/kraak-consulting/packages/domain[39m
[libs] packages/api-client test: [1m[30m[46m RUN [49m[39m[22m [36mv4.1.4 [39m[90mC:/Users/USER/kraak-consulting/packages/api-client[39m
[libs] packages/api-client test:  [32m✓[39m src/console-debug.spec.ts [2m([22m[2m2 tests[22m[2m)[22m[32m 11[2mms[22m[39m
[libs] packages/api-client test:  [32m✓[39m src/resolve-auth-error.spec.ts [2m([22m[2m13 tests[22m[2m)[22m[32m 9[2mms[22m[39m
[libs] packages/api-client test:  [32m✓[39m src/client.spec.ts [2m([22m[2m42 tests[22m[2m)[22m[32m 138[2mms[22m[39m
[libs] packages/api-client test: [2m Test Files [22m [1m[32m3 passed[39m[22m[90m (3)[39m
[libs] packages/api-client test: [2m      Tests [22m [1m[32m57 passed[39m[22m[90m (57)[39m
[libs] packages/api-client test: [2m   Start at [22m 12:17:43
[libs] packages/api-client test: [2m   Duration [22m 4.80s[2m (transform 1.21s, setup 0ms, import 1.47s, tests 158ms, environment 1ms)[22m
[libs] packages/api-client test: Done
[libs] packages/domain test:  [32m✓[39m src/dashboard-loader.spec.ts [2m([22m[2m12 tests[22m[2m)[22m[32m 12[2mms[22m[39m
[libs] packages/domain test:  [32m✓[39m src/progress.spec.ts [2m([22m[2m7 tests[22m[2m)[22m[32m 5[2mms[22m[39m
[libs] packages/domain test:  [32m✓[39m src/announcements.spec.ts [2m([22m[2m19 tests[22m[2m)[22m[32m 41[2mms[22m[39m
[libs] packages/domain test:  [32m✓[39m src/permissions.spec.ts [2m([22m[2m60 tests[22m[2m)[22m[32m 34[2mms[22m[39m
[libs] packages/domain test:  [32m✓[39m src/transitions.spec.ts [2m([22m[2m91 tests[22m[2m)[22m[32m 48[2mms[22m[39m
[libs] packages/domain test: [2m Test Files [22m [1m[32m5 passed[39m[22m[90m (5)[39m
[libs] packages/domain test: [2m      Tests [22m [1m[32m189 passed[39m[22m[90m (189)[39m
[libs] packages/domain test: [2m   Start at [22m 12:17:43
[libs] packages/domain test: [2m   Duration [22m 7.24s[2m (transform 2.54s, setup 0ms, import 3.21s, tests 140ms, environment 1ms)[22m
[libs] packages/domain test: Done
[runner] Starting unit phase.
[client] 
[client] > kraak-group@0.0.0 test:unit C:\Users\USER\kraak-consulting
[client] > pnpm --filter @kraak/client test
[client] 
[api] 
[api] > kraak-group@0.0.0 test:api C:\Users\USER\kraak-consulting
[api] > pnpm --filter @kraak/api test
[api] 
[client] 
[client] > @kraak/client@0.0.0 test C:\Users\USER\kraak-consulting\apps\client
[client] > ng test --watch=false
[client] 
[api] 
[api] > @kraak/api@0.0.0 test C:\Users\USER\kraak-consulting\apps\api
[api] > jest
[api] 
[client] Using Vitest configuration file: C:\Users\USER\kraak-consulting\apps\client\projects\web\vitest.config.ts
[client] [33m❯[39m Building...
[api] [31m[Nest] 52724  - [39m05/25/2026, 12:18:14 PM [31m  ERROR[39m [38;5;3m[UsersService] [39m[31mErreur lors de la récupération des utilisateurs[39m
[api] [31m[Nest] 52724  - [39m05/25/2026, 12:18:14 PM [31m  ERROR[39m [38;5;3m[UsersService] [39mObject(1) {
[api]   message: [32m'DB error'[39m
[api] }
[api] [31m[Nest] 52724  - [39m05/25/2026, 12:18:14 PM [31m  ERROR[39m [38;5;3m[UsersService] [39m[31mErreur lors de la mise à jour de l'utilisateur user-1[39m
[api] [31m[Nest] 52724  - [39m05/25/2026, 12:18:14 PM [31m  ERROR[39m [38;5;3m[UsersService] [39mObject(1) {
[api]   message: [32m'DB error'[39m
[api] }
[api] PASS src/users/users.service.spec.ts
[api] PASS src/programs/programs.module.spec.ts (5.139 s)
[api] PASS src/resources/resources.module.spec.ts (9.613 s)
[api] PASS src/programs/programs.service.spec.ts
[api]   ● Console
[api] 
[api]     console.error
[api]       Enrollment query failed { context: 'programs.listPrograms', code: null, message: 'db-error' }
[api] 
[api]     [0m [90m 68 |[39m   [36mif[39m ([33m![39mshouldRetry(primaryResult[33m.[39merror)) {
[api]      [90m 69 |[39m     [36mif[39m (primaryFailureNotice) {
[api]     [31m[1m>[22m[39m[90m 70 |[39m       console[33m.[39merror(primaryFailureNotice[33m,[39m {
[api]      [90m    |[39m               [31m[1m^[22m[39m
[api]      [90m 71 |[39m         context[33m,[39m
[api]      [90m 72 |[39m         code[33m:[39m readSupabaseErrorCode(primaryResult[33m.[39merror)[33m,[39m
[api]      [90m 73 |[39m         message[33m:[39m readSupabaseErrorMessage(primaryResult[33m.[39merror)[33m,[39m[0m
[api] 
[api]       at readSupabaseQueryWithFallback (shared/supabase-query-fallback.utils.ts:70:15)
[api]       at ProgramsService.readEnrollmentQuery (programs/programs.service.ts:241:20)
[api]       at ProgramsService.readParticipantEnrollments (programs/programs.service.ts:214:18)
[api]       at ProgramsService.listPrograms (programs/programs.service.ts:176:25)
[api]       at Object.<anonymous> (programs/programs.service.spec.ts:456:5)
[api] 
[api]     console.warn
[api]       Enrollment progress columns missing; retrying fallback {
[api]         context: 'programs.listPrograms',
[api]         code: '42703',
[api]         message: 'column enrollment.progress_completed_session_ids does not exist'
[api]       }
[api] 
[api]     [0m [90m 78 |[39m   }
[api]      [90m 79 |[39m
[api]     [31m[1m>[22m[39m[90m 80 |[39m   console[33m.[39mwarn(retryNotice[33m,[39m {
[api]      [90m    |[39m           [31m[1m^[22m[39m
[api]      [90m 81 |[39m     context[33m,[39m
[api]      [90m 82 |[39m     code[33m:[39m readSupabaseErrorCode(primaryResult[33m.[39merror)[33m,[39m
[api]      [90m 83 |[39m     message[33m:[39m readSupabaseErrorMessage(primaryResult[33m.[39merror)[33m,[39m[0m
[api] 
[api]       at readSupabaseQueryWithFallback (shared/supabase-query-fallback.utils.ts:80:11)
[api]       at ProgramsService.readEnrollmentQuery (programs/programs.service.ts:241:20)
[api]       at ProgramsService.readParticipantEnrollments (programs/programs.service.ts:214:18)
[api]       at ProgramsService.listPrograms (programs/programs.service.ts:176:25)
[api]       at Object.<anonymous> (programs/programs.service.spec.ts:537:5)
[api] 
[api]     console.error
[api]       Enrollment query failed {
[api]         context: 'programs.readEnrollmentByProgram',
[api]         code: null,
[api]         message: 'enrollment db error'
[api]       }
[api] 
[api]     [0m [90m 68 |[39m   [36mif[39m ([33m![39mshouldRetry(primaryResult[33m.[39merror)) {
[api]      [90m 69 |[39m     [36mif[39m (primaryFailureNotice) {
[api]     [31m[1m>[22m[39m[90m 70 |[39m       console[33m.[39merror(primaryFailureNotice[33m,[39m {
[api]      [90m    |[39m               [31m[1m^[22m[39m
[api]      [90m 71 |[39m         context[33m,[39m
[api]      [90m 72 |[39m         code[33m:[39m readSupabaseErrorCode(primaryResult[33m.[39merror)[33m,[39m
[api]      [90m 73 |[39m         message[33m:[39m readSupabaseErrorMessage(primaryResult[33m.[39merror)[33m,[39m[0m
[api] 
[api]       at readSupabaseQueryWithFallback (shared/supabase-query-fallback.utils.ts:70:15)
[api]       at ProgramsService.readEnrollmentQuery (programs/programs.service.ts:241:20)
[api]       at ProgramsService.readEnrollmentByProgram (programs/programs.service.ts:761:18)
[api]       at ProgramsService.getProgramDetail (programs/programs.service.ts:397:24)
[api]       at Object.<anonymous> (programs/programs.service.spec.ts:1316:5)
[api] 
[api]     console.warn
[api]       Enrollment progress columns missing; retrying fallback {
[api]         context: 'programs.readEnrollmentByProgram',
[api]         code: '42703',
[api]         message: 'column enrollment.progress_updated_at does not exist'
[api]       }
[api] 
[api]     [0m [90m 78 |[39m   }
[api]      [90m 79 |[39m
[api]     [31m[1m>[22m[39m[90m 80 |[39m   console[33m.[39mwarn(retryNotice[33m,[39m {
[api]      [90m    |[39m           [31m[1m^[22m[39m
[api]      [90m 81 |[39m     context[33m,[39m
[api]      [90m 82 |[39m     code[33m:[39m readSupabaseErrorCode(primaryResult[33m.[39merror)[33m,[39m
[api]      [90m 83 |[39m     message[33m:[39m readSupabaseErrorMessage(primaryResult[33m.[39merror)[33m,[39m[0m
[api] 
[api]       at readSupabaseQueryWithFallback (shared/supabase-query-fallback.utils.ts:80:11)
[api]       at ProgramsService.readEnrollmentQuery (programs/programs.service.ts:241:20)
[api]       at ProgramsService.readEnrollmentByProgram (programs/programs.service.ts:761:18)
[api]       at ProgramsService.getProgramDetail (programs/programs.service.ts:397:24)
[api]       at Object.<anonymous> (programs/programs.service.spec.ts:1420:5)
[api] 
[api]     console.error
[api]       Enrollment query failed {
[api]         context: 'programs.readEnrollmentByProgram',
[api]         code: null,
[api]         message: 'enrollment db error'
[api]       }
[api] 
[api]     [0m [90m 68 |[39m   [36mif[39m ([33m![39mshouldRetry(primaryResult[33m.[39merror)) {
[api]      [90m 69 |[39m     [36mif[39m (primaryFailureNotice) {
[api]     [31m[1m>[22m[39m[90m 70 |[39m       console[33m.[39merror(primaryFailureNotice[33m,[39m {
[api]      [90m    |[39m               [31m[1m^[22m[39m
[api]      [90m 71 |[39m         context[33m,[39m
[api]      [90m 72 |[39m         code[33m:[39m readSupabaseErrorCode(primaryResult[33m.[39merror)[33m,[39m
[api]      [90m 73 |[39m         message[33m:[39m readSupabaseErrorMessage(primaryResult[33m.[39merror)[33m,[39m[0m
[api] 
[api]       at readSupabaseQueryWithFallback (shared/supabase-query-fallback.utils.ts:70:15)
[api]       at ProgramsService.readEnrollmentQuery (programs/programs.service.ts:241:20)
[api]       at ProgramsService.readEnrollmentByProgram (programs/programs.service.ts:761:18)
[api]       at ProgramsService.markSessionProgress (programs/programs.service.ts:458:24)
[api]       at Object.<anonymous> (programs/programs.service.spec.ts:1695:5)
[api] 
[api] PASS src/auth/auth.controller.spec.ts
[api] PASS src/app.controller.spec.ts
[api] PASS src/articles/articles.service.spec.ts (13.502 s)
[api] PASS src/resources/resources.service.spec.ts
[api]   ● Console
[api] 
[api]     console.error
[api]       Public resources listing failed {
[api]         context: 'resources.list.public',
[api]         message: 'Database connection failed'
[api]       }
[api] 
[api]     [0m [90m 82 |[39m
[api]      [90m 83 |[39m     [36mif[39m (error) {
[api]     [31m[1m>[22m[39m[90m 84 |[39m       console[33m.[39merror([32m'Public resources listing failed'[39m[33m,[39m {
[api]      [90m    |[39m               [31m[1m^[22m[39m
[api]      [90m 85 |[39m         context[33m:[39m [32m'resources.list.public'[39m[33m,[39m
[api]      [90m 86 |[39m         message[33m:[39m error[33m.[39mmessage[33m,[39m
[api]      [90m 87 |[39m       })[33m;[39m[0m
[api] 
[api]       at ResourcesService.listResources (resources/resources.service.ts:84:15)
[api]       at Object.<anonymous> (resources/resources.service.spec.ts:238:7)
[api] 
[api] [31m[Nest] 52724  - [39m05/25/2026, 12:18:27 PM [31m  ERROR[39m [38;5;3m[SupportService] [39m[31mÉchec de l'envoi d'email transactionnel (Resend a retourné une erreur)[39m
[api] {"statusCode":403,"name":"validation_error","message":"You can only send testing emails to your own email address."}
[api] [31m[Nest] 52724  - [39m05/25/2026, 12:18:27 PM [31m  ERROR[39m [38;5;3m[SupportService] [39m[31mÉchec de l'envoi d'email transactionnel[39m
[api] Error: Network error
[api]     at Object.<anonymous> (C:\Users\USER\kraak-consulting\apps\api\src\support\support.service.spec.ts:695:32)
[api]     at Promise.then.completed (C:\Users\USER\kraak-consulting\node_modules\.pnpm\jest-circus@29.7.0\node_modules\jest-circus\build\utils.js:298:28)
[api]     at new Promise (<anonymous>)
[api]     at callAsyncCircusFn (C:\Users\USER\kraak-consulting\node_modules\.pnpm\jest-circus@29.7.0\node_modules\jest-circus\build\utils.js:231:10)
[api]     at _callCircusTest (C:\Users\USER\kraak-consulting\node_modules\.pnpm\jest-circus@29.7.0\node_modules\jest-circus\build\run.js:316:40)
[api]     at processTicksAndRejections (node:internal/process/task_queues:104:5)
[api]     at _runTest (C:\Users\USER\kraak-consulting\node_modules\.pnpm\jest-circus@29.7.0\node_modules\jest-circus\build\run.js:252:3)
[api]     at _runTestsForDescribeBlock (C:\Users\USER\kraak-consulting\node_modules\.pnpm\jest-circus@29.7.0\node_modules\jest-circus\build\run.js:126:9)
[api]     at _runTestsForDescribeBlock (C:\Users\USER\kraak-consulting\node_modules\.pnpm\jest-circus@29.7.0\node_modules\jest-circus\build\run.js:121:9)
[api]     at run (C:\Users\USER\kraak-consulting\node_modules\.pnpm\jest-circus@29.7.0\node_modules\jest-circus\build\run.js:71:3)
[api]     at runAndTransformResultsToJestFormat (C:\Users\USER\kraak-consulting\node_modules\.pnpm\jest-circus@29.7.0\node_modules\jest-circus\build\legacy-code-todo-rewrite\jestAdapterInit.js:122:21)
[api]     at jestAdapter (C:\Users\USER\kraak-consulting\node_modules\.pnpm\jest-circus@29.7.0\node_modules\jest-circus\build\legacy-code-todo-rewrite\jestAdapter.js:79:19)
[api]     at runTestInternal (C:\Users\USER\kraak-consulting\node_modules\.pnpm\jest-runner@29.7.0\node_modules\jest-runner\build\runTest.js:367:16)
[api]     at runTest (C:\Users\USER\kraak-consulting\node_modules\.pnpm\jest-runner@29.7.0\node_modules\jest-runner\build\runTest.js:444:34)
[api]     at Object.worker (C:\Users\USER\kraak-consulting\node_modules\.pnpm\jest-runner@29.7.0\node_modules\jest-runner\build\testWorker.js:106:12)
[api] [31m[Nest] 52724  - [39m05/25/2026, 12:18:27 PM [31m  ERROR[39m [38;5;3m[SupportService] [39m[31mÉchec de l'envoi d'email transactionnel[39m
[api] PASS src/support/support.service.spec.ts
[api] PASS src/announcements/announcements.service.spec.ts
[api]   ● Console
[api] 
[api]     console.warn
[api]       Announcement priority column missing; retrying fallback {
[api]         context: 'announcements.list',
[api]         code: '42703',
[api]         message: 'column announcement.priority does not exist'
[api]       }
[api] 
[api]     [0m [90m 78 |[39m   }
[api]      [90m 79 |[39m
[api]     [31m[1m>[22m[39m[90m 80 |[39m   console[33m.[39mwarn(retryNotice[33m,[39m {
[api]      [90m    |[39m           [31m[1m^[22m[39m
[api]      [90m 81 |[39m     context[33m,[39m
[api]      [90m 82 |[39m     code[33m:[39m readSupabaseErrorCode(primaryResult[33m.[39merror)[33m,[39m
[api]      [90m 83 |[39m     message[33m:[39m readSupabaseErrorMessage(primaryResult[33m.[39merror)[33m,[39m[0m
[api] 
[api]       at readSupabaseQueryWithFallback (shared/supabase-query-fallback.utils.ts:80:11)
[api] 
[api]     console.warn
[api]       Announcement priority column missing; retrying fallback {
[api]         context: 'announcements.getById',
[api]         code: '42703',
[api]         message: 'column announcement.priority does not exist'
[api]       }
[api] 
[api]     [0m [90m 78 |[39m   }
[api]      [90m 79 |[39m
[api]     [31m[1m>[22m[39m[90m 80 |[39m   console[33m.[39mwarn(retryNotice[33m,[39m {
[api]      [90m    |[39m           [31m[1m^[22m[39m
[api]      [90m 81 |[39m     context[33m,[39m
[api]      [90m 82 |[39m     code[33m:[39m readSupabaseErrorCode(primaryResult[33m.[39merror)[33m,[39m
[api]      [90m 83 |[39m     message[33m:[39m readSupabaseErrorMessage(primaryResult[33m.[39merror)[33m,[39m[0m
[api] 
[api]       at readSupabaseQueryWithFallback (shared/supabase-query-fallback.utils.ts:80:11)
[api] 
[api] PASS src/dashboard/dashboard.service.spec.ts
[api] PASS src/programs/programs.controller.spec.ts
[api] FAIL src/users/users.controller.spec.ts (14.454 s)
[api]   ● UsersController › findAll › Given an admin token, When findAll is called, Then returns user list
[api] 
[api]     expect(jest.fn()).toHaveBeenCalledWith(...expected)
[api] 
[api]     Expected: "Bearer valid-token"
[api] 
[api]     Number of calls: 0
[api] 
[api]     [0m [90m 53 |[39m
[api]      [90m 54 |[39m       expect(result)[33m.[39mtoEqual(users)[33m;[39m
[api]     [31m[1m>[22m[39m[90m 55 |[39m       expect(mockExtractAccessToken)[33m.[39mtoHaveBeenCalledWith(validToken)[33m;[39m
[api]      [90m    |[39m                                      [31m[1m^[22m[39m
[api]      [90m 56 |[39m       expect(mockRequireAdminAccess)[33m.[39mtoHaveBeenCalled()[33m;[39m
[api]      [90m 57 |[39m     })[33m;[39m
[api]      [90m 58 |[39m[0m
[api] 
[api]       at Object.<anonymous> (users/users.controller.spec.ts:55:38)
[api] 
[api]   ● UsersController › findAll › Given a missing token, When findAll is called, Then throws UnauthorizedException
[api] 
[api]     expect(received).rejects.toThrow()
[api] 
[api]     Received promise resolved instead of rejected
[api]     Resolved to value: undefined
[api] 
[api]     [0m [90m 60 |[39m       mockExtractAccessToken[33m.[39mmockReturnValueOnce([36mnull[39m)[33m;[39m
[api]      [90m 61 |[39m
[api]     [31m[1m>[22m[39m[90m 62 |[39m       [36mawait[39m expect(controller[33m.[39mfindAll([32m''[39m))[33m.[39mrejects[33m.[39mtoThrow(
[api]      [90m    |[39m             [31m[1m^[22m[39m
[api]      [90m 63 |[39m         [33mUnauthorizedException[39m[33m,[39m
[api]      [90m 64 |[39m       )[33m;[39m
[api]      [90m 65 |[39m     })[33m;[39m[0m
[api] 
[api]       at expect (../../../node_modules/.pnpm/expect@29.7.0/node_modules/expect/build/index.js:113:15)
[api]       at Object.<anonymous> (users/users.controller.spec.ts:62:13)
[api] 
[api]   ● UsersController › findOne › Given a missing token, When findOne is called, Then throws UnauthorizedException
[api] 
[api]     expect(received).rejects.toThrow()
[api] 
[api]     Received promise resolved instead of rejected
[api]     Resolved to value: undefined
[api] 
[api]     [0m [90m 79 |[39m       mockExtractAccessToken[33m.[39mmockReturnValueOnce([36mnull[39m)[33m;[39m
[api]      [90m 80 |[39m
[api]     [31m[1m>[22m[39m[90m 81 |[39m       [36mawait[39m expect(controller[33m.[39mfindOne([32m'1'[39m[33m,[39m [32m''[39m))[33m.[39mrejects[33m.[39mtoThrow(
[api]      [90m    |[39m             [31m[1m^[22m[39m
[api]      [90m 82 |[39m         [33mUnauthorizedException[39m[33m,[39m
[api]      [90m 83 |[39m       )[33m;[39m
[api]      [90m 84 |[39m     })[33m;[39m[0m
[api] 
[api]       at expect (../../../node_modules/.pnpm/expect@29.7.0/node_modules/expect/build/index.js:113:15)
[api]       at Object.<anonymous> (users/users.controller.spec.ts:81:13)
[api] 
[api] PASS src/dashboard/dashboard.controller.spec.ts (14.703 s)
[api] PASS src/resources/resources.controller.spec.ts (14.952 s)
[api] PASS src/announcements/announcements.controller.spec.ts (15.385 s)
[api] PASS src/shared/supabase-query-fallback.utils.spec.ts
[api]   ● Console
[api] 
[api]     console.warn
[api]       Announcement priority column missing; retrying fallback {
[api]         context: 'announcements.list',
[api]         code: '42703',
[api]         message: 'column announcement.priority does not exist'
[api]       }
[api] 
[api]     [0m [90m 78 |[39m   }
[api]      [90m 79 |[39m
[api]     [31m[1m>[22m[39m[90m 80 |[39m   console[33m.[39mwarn(retryNotice[33m,[39m {
[api]      [90m    |[39m           [31m[1m^[22m[39m
[api]      [90m 81 |[39m     context[33m,[39m
[api]      [90m 82 |[39m     code[33m:[39m readSupabaseErrorCode(primaryResult[33m.[39merror)[33m,[39m
[api]      [90m 83 |[39m     message[33m:[39m readSupabaseErrorMessage(primaryResult[33m.[39merror)[33m,[39m[0m
[api] 
[api]       at readSupabaseQueryWithFallback (shared/supabase-query-fallback.utils.ts:80:11)
[api]       at Object.<anonymous> (shared/supabase-query-fallback.utils.spec.ts:76:5)
[api] 
[api] PASS src/resources/resources.dto.spec.ts
[api] PASS src/articles/articles-public.controller.spec.ts
[api] PASS src/auth/auth.dto.spec.ts
[api] PASS src/programs/programs.dto.spec.ts
[api] PASS src/app.service.spec.ts
[api] PASS src/auth/auth.service.spec.ts
[api] PASS src/users/users.dto.spec.ts
[api] PASS src/config/environment-files.spec.ts
[api] PASS src/articles/articles.dto.spec.ts
[api] PASS src/cors.spec.ts
[api] PASS src/shared/dto-validation.utils.spec.ts
[api] PASS src/support/support.dto.spec.ts
[api] PASS src/support/contact-triage.config.spec.ts
[api] PASS src/supabase/supabase.service.spec.ts
[api] PASS src/support/support.controller.spec.ts (16.976 s)
[api] PASS src/support/support-requests.controller.spec.ts (16.893 s)
[api] PASS src/articles/articles.controller.spec.ts (17.734 s)
[client] [32m✔[39m Building...
[client] [1mInitial chunk files[22m                                                            [2m | [22m[1mNames[22m                                                                       [2m | [22m [1mRaw size[22m
[client] [32mstyles.css[39m                                                                     [2m | [22m[2mstyles[22m                                                                      [2m | [22m[36m142.32 kB[39m[2m | [22m
[client] [32mchunk-KRMM6GZC.js[39m                                                              [2m | [22m[2m-[22m                                                                           [2m | [22m [36m69.28 kB[39m[2m | [22m
[client] [32mchunk-QJP7CS3J.js[39m                                                              [2m | [22m[2m-[22m                                                                           [2m | [22m [36m47.23 kB[39m[2m | [22m
[client] [32mchunk-JEK47TDH.js[39m                                                              [2m | [22m[2m-[22m                                                                           [2m | [22m [36m44.34 kB[39m[2m | [22m
[client] [32mchunk-KVZ7OKPA.js[39m                                                              [2m | [22m[2m-[22m                                                                           [2m | [22m [36m39.49 kB[39m[2m | [22m
[client] [32mchunk-MC7X7C24.js[39m                                                              [2m | [22m[2m-[22m                                                                           [2m | [22m [36m38.91 kB[39m[2m | [22m
[client] [32mchunk-UTTZYFUK.js[39m                                                              [2m | [22m[2m-[22m                                                                           [2m | [22m [36m38.23 kB[39m[2m | [22m
[client] [32mchunk-JKL56M6S.js[39m                                                              [2m | [22m[2m-[22m                                                                           [2m | [22m [36m33.80 kB[39m[2m | [22m
[client] [32mchunk-XDMWCMZQ.js[39m                                                              [2m | [22m[2m-[22m                                                                           [2m | [22m [36m30.39 kB[39m[2m | [22m
[client] [32mchunk-BHEDPXUJ.js[39m                                                              [2m | [22m[2m-[22m                                                                           [2m | [22m [36m25.99 kB[39m[2m | [22m
[client] [32mchunk-2L73XN73.js[39m                                                              [2m | [22m[2m-[22m                                                                           [2m | [22m [36m25.53 kB[39m[2m | [22m
[client] [32mchunk-ZMSWTSLJ.js[39m                                                              [2m | [22m[2m-[22m                                                                           [2m | [22m [36m24.99 kB[39m[2m | [22m
[client] [32mspec-app-app.component.js[39m                                                      [2m | [22m[2mspec-app-app.component[22m                                                      [2m | [22m [36m24.06 kB[39m[2m | [22m
[client] [32mchunk-NZYXJNDG.js[39m                                                              [2m | [22m[2m-[22m                                                                           [2m | [22m [36m23.54 kB[39m[2m | [22m
[client] [32mspec-app-core-auth-web-auth.service.js[39m                                         [2m | [22m[2mspec-app-core-auth-web-auth.service[22m                                         [2m | [22m [36m22.51 kB[39m[2m | [22m
[client] [32mchunk-PJQXUBXE.js[39m                                                              [2m | [22m[2m-[22m                                                                           [2m | [22m [36m22.08 kB[39m[2m | [22m
[client] [32mchunk-NAB7ZHSW.js[39m                                                              [2m | [22m[2m-[22m                                                                           [2m | [22m [36m19.98 kB[39m[2m | [22m
[client] [32mspec-app-app.routes.js[39m                                                         [2m | [22m[2mspec-app-app.routes[22m                                                         [2m | [22m [36m19.70 kB[39m[2m | [22m
[client] [32mchunk-AYQUIVHR.js[39m                                                              [2m | [22m[2m-[22m                                                                           [2m | [22m [36m18.73 kB[39m[2m | [22m
[client] [32mspec-app-shared-fading-partners-fading-partners.js[39m                             [2m | [22m[2mspec-app-shared-fading-partners-fading-partners[22m                             [2m | [22m [36m18.29 kB[39m[2m | [22m
[client] [32mchunk-V6OPQKII.js[39m                                                              [2m | [22m[2m-[22m                                                                           [2m | [22m [36m17.39 kB[39m[2m | [22m
[client] [32mspec-app-features-contact-contact.page.js[39m                                      [2m | [22m[2mspec-app-features-contact-contact.page[22m                                      [2m | [22m [36m17.30 kB[39m[2m | [22m
[client] [32mchunk-DK2VNMPM.js[39m                                                              [2m | [22m[2m-[22m                                                                           [2m | [22m [36m17.29 kB[39m[2m | [22m
[client] [32mchunk-DXKQUCDO.js[39m                                                              [2m | [22m[2m-[22m                                                                           [2m | [22m [36m17.14 kB[39m[2m | [22m
[client] [32mchunk-5KQLPCSN.js[39m                                                              [2m | [22m[2m-[22m                                                                           [2m | [22m [36m16.64 kB[39m[2m | [22m
[client] [32mchunk-C5XNRV5D.js[39m                                                              [2m | [22m[2m-[22m                                                                           [2m | [22m [36m16.43 kB[39m[2m | [22m
[client] [32mchunk-K2D4UBSK.js[39m                                                              [2m | [22m[2m-[22m                                                                           [2m | [22m [36m15.57 kB[39m[2m | [22m
[client] [32mchunk-NYITQHT6.js[39m                                                              [2m | [22m[2m-[22m                                                                           [2m | [22m [36m14.36 kB[39m[2m | [22m
[client] [32mchunk-IT5OM4TS.js[39m                                                              [2m | [22m[2m-[22m                                                                           [2m | [22m [36m13.88 kB[39m[2m | [22m
[client] [32mchunk-JXSKVQMP.js[39m                                                              [2m | [22m[2m-[22m                                                                           [2m | [22m [36m13.03 kB[39m[2m | [22m
[client] [32mspec-app-features-participant-dashboard-dashboard.page.js[39m                      [2m | [22m[2mspec-app-features-participant-dashboard-dashboard.page[22m                      [2m | [22m [36m12.70 kB[39m[2m | [22m
[client] [32mchunk-OOSEQPYK.js[39m                                                              [2m | [22m[2m-[22m                                                                           [2m | [22m [36m12.37 kB[39m[2m | [22m
[client] [32mchunk-MGAUOLBR.js[39m                                                              [2m | [22m[2m-[22m                                                                           [2m | [22m [36m12.23 kB[39m[2m | [22m
[client] [32mspec-app-features-admin-ressources-admin-ressources.page.js[39m                    [2m | [22m[2mspec-app-features-admin-ressources-admin-ressources.page[22m                    [2m | [22m [36m12.21 kB[39m[2m | [22m
[client] [32mchunk-USJQPHP6.js[39m                                                              [2m | [22m[2m-[22m                                                                           [2m | [22m [36m11.87 kB[39m[2m | [22m
[client] [32mspec-app-features-admin-programmes-admin-programmes.page.js[39m                    [2m | [22m[2mspec-app-features-admin-programmes-admin-programmes.page[22m                    [2m | [22m [36m11.76 kB[39m[2m | [22m
[client] [32mchunk-Z2J6S7NS.js[39m                                                              [2m | [22m[2m-[22m                                                                           [2m | [22m [36m11.17 kB[39m[2m | [22m
[client] [32mspec-app-shared-team-grid-team-grid.js[39m                                         [2m | [22m[2mspec-app-shared-team-grid-team-grid[22m                                         [2m | [22m [36m11.01 kB[39m[2m | [22m
[client] [32mchunk-AMTY2I3A.js[39m                                                              [2m | [22m[2m-[22m                                                                           [2m | [22m [36m10.83 kB[39m[2m | [22m
[client] [32mchunk-GJHJXP3W.js[39m                                                              [2m | [22m[2m-[22m                                                                           [2m | [22m [36m10.76 kB[39m[2m | [22m
[client] [32mchunk-ULUKPSB7.js[39m                                                              [2m | [22m[2m-[22m                                                                           [2m | [22m  [36m9.67 kB[39m[2m | [22m
[client] [32mchunk-O6H6QDWY.js[39m                                                              [2m | [22m[2m-[22m                                                                           [2m | [22m  [36m8.80 kB[39m[2m | [22m
[client] [32mspec-app-core-auth-auth.guard.js[39m                                               [2m | [22m[2mspec-app-core-auth-auth.guard[22m                                               [2m | [22m  [36m8.42 kB[39m[2m | [22m
[client] [32mspec-app-shared-card-card.component.js[39m                                         [2m | [22m[2mspec-app-shared-card-card.component[22m                                         [2m | [22m  [36m7.97 kB[39m[2m | [22m
[client] [32mchunk-ZR2TQARN.js[39m                                                              [2m | [22m[2m-[22m                                                                           [2m | [22m  [36m7.85 kB[39m[2m | [22m
[client] [32mspec-app-core-ml-ml-runtime.service.js[39m                                         [2m | [22m[2mspec-app-core-ml-ml-runtime.service[22m                                         [2m | [22m  [36m7.57 kB[39m[2m | [22m
[client] [32mspec-app-shared-scroll-to-top-scroll-to-top.js[39m                                 [2m | [22m[2mspec-app-shared-scroll-to-top-scroll-to-top[22m                                 [2m | [22m  [36m7.26 kB[39m[2m | [22m
[client] [32mspec-app-core-animations-gsap-animations.service.js[39m                            [2m | [22m[2mspec-app-core-animations-gsap-animations.service[22m                            [2m | [22m  [36m6.76 kB[39m[2m | [22m
[client] [32mchunk-22SQL3VJ.js[39m                                                              [2m | [22m[2m-[22m                                                                           [2m | [22m  [36m6.33 kB[39m[2m | [22m
[client] [32mspec-app-features-blog-blog-article.page.js[39m                                    [2m | [22m[2mspec-app-features-blog-blog-article.page[22m                                    [2m | [22m  [36m6.28 kB[39m[2m | [22m
[client] [32mspec-app-shared-section-section.component.js[39m                                   [2m | [22m[2mspec-app-shared-section-section.component[22m                                   [2m | [22m  [36m5.83 kB[39m[2m | [22m
[client] [32mspec-app-shared-impact-stats-impact-stats.js[39m                                   [2m | [22m[2mspec-app-shared-impact-stats-impact-stats[22m                                   [2m | [22m  [36m5.47 kB[39m[2m | [22m
[client] [32mchunk-ODT6MS4S.js[39m                                                              [2m | [22m[2m-[22m                                                                           [2m | [22m  [36m5.43 kB[39m[2m | [22m
[client] [32mchunk-4UEIPHLC.js[39m                                                              [2m | [22m[2m-[22m                                                                           [2m | [22m  [36m5.40 kB[39m[2m | [22m
[client] [32mchunk-CTWSX4S3.js[39m                                                              [2m | [22m[2m-[22m                                                                           [2m | [22m  [36m5.37 kB[39m[2m | [22m
[client] [32mspec-app-features-auth-sign-up.page.js[39m                                         [2m | [22m[2mspec-app-features-auth-sign-up.page[22m                                         [2m | [22m  [36m5.14 kB[39m[2m | [22m
[client] [32mchunk-3I4NVLSP.js[39m                                                              [2m | [22m[2m-[22m                                                                           [2m | [22m  [36m5.01 kB[39m[2m | [22m
[client] [32mspec-app-features-home-home.page.js[39m                                            [2m | [22m[2mspec-app-features-home-home.page[22m                                            [2m | [22m  [36m4.77 kB[39m[2m | [22m
[client] [32mchunk-RSTWSNOR.js[39m                                                              [2m | [22m[2m-[22m                                                                           [2m | [22m  [36m4.75 kB[39m[2m | [22m
[client] [32mspec-app-features-auth-sign-in.page.js[39m                                         [2m | [22m[2mspec-app-features-auth-sign-in.page[22m                                         [2m | [22m  [36m4.63 kB[39m[2m | [22m
[client] [32mchunk-JZILGXWY.js[39m                                                              [2m | [22m[2m-[22m                                                                           [2m | [22m  [36m4.60 kB[39m[2m | [22m
[client] [32mspec-app-seo-seo.service.js[39m                                                    [2m | [22m[2mspec-app-seo-seo.service[22m                                                    [2m | [22m  [36m4.36 kB[39m[2m | [22m
[client] [32mspec-app-shared-home-preview-sections-home-preview-sections.component.js[39m       [2m | [22m[2mspec-app-shared-home-preview-sections-home-preview-sections.component[22m       [2m | [22m  [36m4.34 kB[39m[2m | [22m
[client] [32mspec-app-core-analytics-analytics.service.js[39m                                   [2m | [22m[2mspec-app-core-analytics-analytics.service[22m                                   [2m | [22m  [36m4.19 kB[39m[2m | [22m
[client] [32mspec-app-shared-fading-partners-fading-partners.component.js[39m                   [2m | [22m[2mspec-app-shared-fading-partners-fading-partners.component[22m                   [2m | [22m  [36m3.90 kB[39m[2m | [22m
[client] [32mspec-app-features-blog-blog-public.service.js[39m                                  [2m | [22m[2mspec-app-features-blog-blog-public.service[22m                                  [2m | [22m  [36m3.71 kB[39m[2m | [22m
[client] [32mchunk-L6ZLA44L.js[39m                                                              [2m | [22m[2m-[22m                                                                           [2m | [22m  [36m3.67 kB[39m[2m | [22m
[client] [32mspec-app-shared-testimonials-testimonials.component.js[39m                         [2m | [22m[2mspec-app-shared-testimonials-testimonials.component[22m                         [2m | [22m  [36m3.66 kB[39m[2m | [22m
[client] [32mspec-app-shared-scroll-to-top-scroll-to-top.component.js[39m                       [2m | [22m[2mspec-app-shared-scroll-to-top-scroll-to-top.component[22m                       [2m | [22m  [36m3.54 kB[39m[2m | [22m
[client] [32mspec-app-seo-site-seo.js[39m                                                       [2m | [22m[2mspec-app-seo-site-seo[22m                                                       [2m | [22m  [36m3.36 kB[39m[2m | [22m
[client] [32mchunk-RH5GSPOI.js[39m                                                              [2m | [22m[2m-[22m                                                                           [2m | [22m  [36m3.34 kB[39m[2m | [22m
[client] [32mspec-app-core-runtime-runtime-config.js[39m                                        [2m | [22m[2mspec-app-core-runtime-runtime-config[22m                                        [2m | [22m  [36m3.27 kB[39m[2m | [22m
[client] [32mchunk-46GBUJOF.js[39m                                                              [2m | [22m[2m-[22m                                                                           [2m | [22m  [36m3.27 kB[39m[2m | [22m
[client] [32mspec-app-app.routes.server.js[39m                                                  [2m | [22m[2mspec-app-app.routes.server[22m                                                  [2m | [22m  [36m3.17 kB[39m[2m | [22m
[client] [32mchunk-MGE3SGAN.js[39m                                                              [2m | [22m[2m-[22m                                                                           [2m | [22m  [36m3.14 kB[39m[2m | [22m
[client] [32mspec-app-shared-participant-nav-cta-participant-nav-cta-link.component.js[39m      [2m | [22m[2mspec-app-shared-participant-nav-cta-participant-nav-cta-link.component[22m      [2m | [22m  [36m3.14 kB[39m[2m | [22m
[client] [32mspec-app-shared-cta-banner-cta-banner.component.js[39m                             [2m | [22m[2mspec-app-shared-cta-banner-cta-banner.component[22m                             [2m | [22m  [36m3.06 kB[39m[2m | [22m
[client] [32mchunk-MVM65RH4.js[39m                                                              [2m | [22m[2m-[22m                                                                           [2m | [22m  [36m3.01 kB[39m[2m | [22m
[client] [32mspec-app-shared-participant-nav-cta-participant-nav-cta.component.js[39m           [2m | [22m[2mspec-app-shared-participant-nav-cta-participant-nav-cta.component[22m           [2m | [22m  [36m2.99 kB[39m[2m | [22m
[client] [32mspec-app-features-programs-programs.page.js[39m                                    [2m | [22m[2mspec-app-features-programs-programs.page[22m                                    [2m | [22m  [36m2.97 kB[39m[2m | [22m
[client] [32mspec-app-shared-faq-accordion-faq-accordion.component.js[39m                       [2m | [22m[2mspec-app-shared-faq-accordion-faq-accordion.component[22m                       [2m | [22m  [36m2.94 kB[39m[2m | [22m
[client] [32mspec-app-features-services-services.page.js[39m                                    [2m | [22m[2mspec-app-features-services-services.page[22m                                    [2m | [22m  [36m2.79 kB[39m[2m | [22m
[client] [32mspec-app-features-legal-politique-de-confidentialite.page.js[39m                   [2m | [22m[2mspec-app-features-legal-politique-de-confidentialite.page[22m                   [2m | [22m  [36m2.77 kB[39m[2m | [22m
[client] [32mspec-app-features-admin-utilisateurs-user-form-state.service.js[39m                [2m | [22m[2mspec-app-features-admin-utilisateurs-user-form-state.service[22m                [2m | [22m  [36m2.76 kB[39m[2m | [22m
[client] [32mspec-app-features-about-about.page.js[39m                                          [2m | [22m[2mspec-app-features-about-about.page[22m                                          [2m | [22m  [36m2.74 kB[39m[2m | [22m
[client] [32mspec-app-features-support-faq.page.js[39m                                          [2m | [22m[2mspec-app-features-support-faq.page[22m                                          [2m | [22m  [36m2.74 kB[39m[2m | [22m
[client] [32mspec-ssr-path.js[39m                                                               [2m | [22m[2mspec-ssr-path[22m                                                               [2m | [22m  [36m2.70 kB[39m[2m | [22m
[client] [32mspec-app-features-blog-blog.page.js[39m                                            [2m | [22m[2mspec-app-features-blog-blog.page[22m                                            [2m | [22m  [36m2.48 kB[39m[2m | [22m
[client] [32mspec-app-shared-badge-badge.component.js[39m                                       [2m | [22m[2mspec-app-shared-badge-badge.component[22m                                       [2m | [22m  [36m2.45 kB[39m[2m | [22m
[client] [32mspec-app-features-admin-utilisateurs-admin-user-list.page.js[39m                   [2m | [22m[2mspec-app-features-admin-utilisateurs-admin-user-list.page[22m                   [2m | [22m  [36m2.40 kB[39m[2m | [22m
[client] [32mspec-app-features-legal-mentions-legales.page.js[39m                               [2m | [22m[2mspec-app-features-legal-mentions-legales.page[22m                               [2m | [22m  [36m2.39 kB[39m[2m | [22m
[client] [32mspec-app-features-auth-password-reset.page.js[39m                                  [2m | [22m[2mspec-app-features-auth-password-reset.page[22m                                  [2m | [22m  [36m2.37 kB[39m[2m | [22m
[client] [32mspec-app-core-error-handler-kraak-error-handler.js[39m                             [2m | [22m[2mspec-app-core-error-handler-kraak-error-handler[22m                             [2m | [22m  [36m2.26 kB[39m[2m | [22m
[client] [32mchunk-5MPCEDMS.js[39m                                                              [2m | [22m[2m-[22m                                                                           [2m | [22m  [36m2.22 kB[39m[2m | [22m
[client] [32mspec-app-features-admin-utilisateurs-steps-authorization.page.js[39m               [2m | [22m[2mspec-app-features-admin-utilisateurs-steps-authorization.page[22m               [2m | [22m  [36m2.19 kB[39m[2m | [22m
[client] [32mspec-app-shared-participant-nav-cta-participant-nav-cta.prod.component.js[39m      [2m | [22m[2mspec-app-shared-participant-nav-cta-participant-nav-cta.prod.component[22m      [2m | [22m  [36m2.08 kB[39m[2m | [22m
[client] [32mspec-app-features-admin-utilisateurs-steps-account-status.page.js[39m              [2m | [22m[2mspec-app-features-admin-utilisateurs-steps-account-status.page[22m              [2m | [22m  [36m2.07 kB[39m[2m | [22m
[client] [32mspec-app-features-admin-utilisateurs-steps-basic-information.page.js[39m           [2m | [22m[2mspec-app-features-admin-utilisateurs-steps-basic-information.page[22m           [2m | [22m  [36m2.07 kB[39m[2m | [22m
[client] [32mspec-app-features-admin-utilisateurs-admin-user-create-layout.page.js[39m          [2m | [22m[2mspec-app-features-admin-utilisateurs-admin-user-create-layout.page[22m          [2m | [22m  [36m2.04 kB[39m[2m | [22m
[client] [32mchunk-SKXNRARA.js[39m                                                              [2m | [22m[2m-[22m                                                                           [2m | [22m  [36m2.03 kB[39m[2m | [22m
[client] [32mspec-app-shared-about-preview-sections-about-preview-sections.prod.component.js[39m[2m | [22m[2mspec-app-shared-about-preview-sections-about-preview-sections.prod.component[22m[2m | [22m  [36m1.99 kB[39m[2m | [22m
[client] [32mspec-app-shared-home-preview-sections-home-preview-sections.prod.component.js[39m  [2m | [22m[2mspec-app-shared-home-preview-sections-home-preview-sections.prod.component[22m  [2m | [22m  [36m1.96 kB[39m[2m | [22m
[client] [32mchunk-I5FN6T4W.js[39m                                                              [2m | [22m[2m-[22m                                                                           [2m | [22m  [36m1.92 kB[39m[2m | [22m
[client] [32mspec-app-features-admin-utilisateurs-steps-business-information.page.js[39m        [2m | [22m[2mspec-app-features-admin-utilisateurs-steps-business-information.page[22m        [2m | [22m  [36m1.92 kB[39m[2m | [22m
[client] [32mchunk-RU4PISQ7.js[39m                                                              [2m | [22m[2m-[22m                                                                           [2m | [22m  [36m1.89 kB[39m[2m | [22m
[client] [32mspec-app-features-admin-dashboard-dashboard.page.js[39m                            [2m | [22m[2mspec-app-features-admin-dashboard-dashboard.page[22m                            [2m | [22m  [36m1.88 kB[39m[2m | [22m
[client] [32mspec-app-features-resources-resources.page.js[39m                                  [2m | [22m[2mspec-app-features-resources-resources.page[22m                                  [2m | [22m  [36m1.87 kB[39m[2m | [22m
[client] [32mspec-app-features-admin-utilisateurs-steps-location-information.page.js[39m        [2m | [22m[2mspec-app-features-admin-utilisateurs-steps-location-information.page[22m        [2m | [22m  [36m1.85 kB[39m[2m | [22m
[client] [32mchunk-VTI34OBS.js[39m                                                              [2m | [22m[2m-[22m                                                                           [2m | [22m  [36m1.41 kB[39m[2m | [22m
[client] [32mspec-app-shared-team-grid-team-grid.component.js[39m                               [2m | [22m[2mspec-app-shared-team-grid-team-grid.component[22m                               [2m | [22m  [36m1.38 kB[39m[2m | [22m
[client] [32mchunk-SAWRKHPL.js[39m                                                              [2m | [22m[2m-[22m                                                                           [2m | [22m  [36m1.31 kB[39m[2m | [22m
[client] [32minit-testbed.js[39m                                                                [2m | [22m[2minit-testbed[22m                                                                [2m | [22m  [36m1.21 kB[39m[2m | [22m
[client] [32mchunk-6SSDYR25.js[39m                                                              [2m | [22m[2m-[22m                                                                           [2m | [22m  [36m1.20 kB[39m[2m | [22m
[client] [32mspec-app-features-support-unauthorized.page.js[39m                                 [2m | [22m[2mspec-app-features-support-unauthorized.page[22m                                 [2m | [22m  [36m1.19 kB[39m[2m | [22m
[client] [32mspec-app-features-support-server-error.page.js[39m                                 [2m | [22m[2mspec-app-features-support-server-error.page[22m                                 [2m | [22m  [36m1.18 kB[39m[2m | [22m
[client] [32mspec-app-features-support-forbidden.page.js[39m                                    [2m | [22m[2mspec-app-features-support-forbidden.page[22m                                    [2m | [22m  [36m1.15 kB[39m[2m | [22m
[client] [32mspec-app-features-support-not-found.page.js[39m                                    [2m | [22m[2mspec-app-features-support-not-found.page[22m                                    [2m | [22m  [36m1.14 kB[39m[2m | [22m
[client] [32mspec-app-admin-area.routes.js[39m                                                  [2m | [22m[2mspec-app-admin-area.routes[22m                                                  [2m | [22m  [36m1.09 kB[39m[2m | [22m
[client] [32mspec-app-shared-about-preview-sections-about-preview-sections.component.js[39m     [2m | [22m[2mspec-app-shared-about-preview-sections-about-preview-sections.component[22m     [2m | [22m[36m984 bytes[39m[2m | [22m
[client] [32mvitest-mock-patch.js[39m                                                           [2m | [22m[2mvitest-mock-patch[22m                                                           [2m | [22m[36m969 bytes[39m[2m | [22m
[client] [32mspec-app-shared-impact-stats-impact-stats.component.js[39m                         [2m | [22m[2mspec-app-shared-impact-stats-impact-stats.component[22m                         [2m | [22m[36m960 bytes[39m[2m | [22m
[client] [32mchunk-JAZABQHG.js[39m                                                              [2m | [22m[2m-[22m                                                                           [2m | [22m[36m879 bytes[39m[2m | [22m
[client] [32mchunk-2IKP2NNV.js[39m                                                              [2m | [22m[2m-[22m                                                                           [2m | [22m[36m781 bytes[39m[2m | [22m
[client] [32mchunk-W333XFUO.js[39m                                                              [2m | [22m[2m-[22m                                                                           [2m | [22m[36m570 bytes[39m[2m | [22m
[client] 
[client] [1m [22m                                                                              [2m | [22m[1mInitial total[22m                                                               [2m | [22m  [1m1.29 MB[22m
[client] 
[client] [1mLazy chunk files[22m                                                               [2m | [22m[1mNames[22m                                                                       [2m | [22m [1mRaw size[22m
[client] [32mchunk-VRTMOGOI.js[39m                                                              [2m | [22m[2mutilisateurs-routes[22m                                                         [2m | [22m  [36m1.83 kB[39m[2m | [22m
[client] [32mchunk-BC3I4MKP.js[39m                                                              [2m | [22m[2mblog-article-page[22m                                                           [2m | [22m[36m471 bytes[39m[2m | [22m
[client] [32mchunk-B5CRSEUX.js[39m                                                              [2m | [22m[2mblog-page[22m                                                                   [2m | [22m[36m397 bytes[39m[2m | [22m
[client] [32mchunk-3LOGLYVP.js[39m                                                              [2m | [22m[2mcontact-page[22m                                                                [2m | [22m[36m373 bytes[39m[2m | [22m
[client] [32mchunk-JFTYYHWV.js[39m                                                              [2m | [22m[2mabout-page[22m                                                                  [2m | [22m[36m339 bytes[39m[2m | [22m
[client] [32mchunk-MI5QHHPL.js[39m                                                              [2m | [22m[2mpolitique-de-confidentialite-page[22m                                           [2m | [22m[36m321 bytes[39m[2m | [22m
[client] [32mchunk-UUQ4N7X6.js[39m                                                              [2m | [22m[2mservices-page[22m                                                               [2m | [22m[36m315 bytes[39m[2m | [22m
[client] [32mchunk-PHDHBC2M.js[39m                                                              [2m | [22m[2madmin-user-create-layout-page[22m                                               [2m | [22m[36m311 bytes[39m[2m | [22m
[client] [32mchunk-PZTSQA4J.js[39m                                                              [2m | [22m[2mhome-page[22m                                                                   [2m | [22m[36m307 bytes[39m[2m | [22m
[client] [32mchunk-CF4664B4.js[39m                                                              [2m | [22m[2mmentions-legales-page[22m                                                       [2m | [22m[36m299 bytes[39m[2m | [22m
[client] [32mchunk-OUSTFMFH.js[39m                                                              [2m | [22m[2mpassword-reset-page[22m                                                         [2m | [22m[36m295 bytes[39m[2m | [22m
[client] [32mchunk-BXH4ZS7H.js[39m                                                              [2m | [22m[2maccount-status-page[22m                                                         [2m | [22m[36m295 bytes[39m[2m | [22m
[client] [32mchunk-GIANNXXW.js[39m                                                              [2m | [22m[2mresources-page[22m                                                              [2m | [22m[36m287 bytes[39m[2m | [22m
[client] [32mchunk-CRCVJNWN.js[39m                                                              [2m | [22m[2mprograms-page[22m                                                               [2m | [22m[36m285 bytes[39m[2m | [22m
[client] [32mchunk-KLXRHSNA.js[39m                                                              [2m | [22m[2msign-up-page[22m                                                                [2m | [22m[36m281 bytes[39m[2m | [22m
[client] [2m...and 15 more lazy chunks files. Use "--verbose" to show all the files.[22m
[client] 
[client] Application bundle generation complete. [33.965 seconds] - 2026-05-25T12:18:34.065Z
[client] 
[api] [31m[Nest] 30940  - [39m05/25/2026, 12:18:35 PM [31m  ERROR[39m [38;5;3m[ExceptionsHandler] [39mError: boom
[api]     at Object.<anonymous> [90m(C:\Users\USER\kraak-consulting\apps\api\[39msrc\integration\critical-modules.integration.spec.ts:494:9[90m)[39m
[api]     at Promise.then.completed (C:\Users\USER\kraak-consulting\node_modules\[4m.pnpm[24m\jest-circus@29.7.0\node_modules\[4mjest-circus[24m\build\utils.js:298:28)
[api]     at new Promise (<anonymous>)
[api]     at callAsyncCircusFn (C:\Users\USER\kraak-consulting\node_modules\[4m.pnpm[24m\jest-circus@29.7.0\node_modules\[4mjest-circus[24m\build\utils.js:231:10)
[api]     at _callCircusTest (C:\Users\USER\kraak-consulting\node_modules\[4m.pnpm[24m\jest-circus@29.7.0\node_modules\[4mjest-circus[24m\build\run.js:316:40)
[api] [90m    at processTicksAndRejections (node:internal/process/task_queues:104:5)[39m
[api]     at _runTest (C:\Users\USER\kraak-consulting\node_modules\[4m.pnpm[24m\jest-circus@29.7.0\node_modules\[4mjest-circus[24m\build\run.js:252:3)
[api]     at _runTestsForDescribeBlock (C:\Users\USER\kraak-consulting\node_modules\[4m.pnpm[24m\jest-circus@29.7.0\node_modules\[4mjest-circus[24m\build\run.js:126:9)
[api]     at _runTestsForDescribeBlock (C:\Users\USER\kraak-consulting\node_modules\[4m.pnpm[24m\jest-circus@29.7.0\node_modules\[4mjest-circus[24m\build\run.js:121:9)
[api]     at _runTestsForDescribeBlock (C:\Users\USER\kraak-consulting\node_modules\[4m.pnpm[24m\jest-circus@29.7.0\node_modules\[4mjest-circus[24m\build\run.js:121:9)
[api]     at run (C:\Users\USER\kraak-consulting\node_modules\[4m.pnpm[24m\jest-circus@29.7.0\node_modules\[4mjest-circus[24m\build\run.js:71:3)
[api]     at runAndTransformResultsToJestFormat (C:\Users\USER\kraak-consulting\node_modules\[4m.pnpm[24m\jest-circus@29.7.0\node_modules\[4mjest-circus[24m\build\legacy-code-todo-rewrite\jestAdapterInit.js:122:21)
[api]     at jestAdapter (C:\Users\USER\kraak-consulting\node_modules\[4m.pnpm[24m\jest-circus@29.7.0\node_modules\[4mjest-circus[24m\build\legacy-code-todo-rewrite\jestAdapter.js:79:19)
[api]     at runTestInternal (C:\Users\USER\kraak-consulting\node_modules\[4m.pnpm[24m\jest-runner@29.7.0\node_modules\[4mjest-runner[24m\build\runTest.js:367:16)
[api]     at runTest (C:\Users\USER\kraak-consulting\node_modules\[4m.pnpm[24m\jest-runner@29.7.0\node_modules\[4mjest-runner[24m\build\runTest.js:444:34)
[api]     at Object.worker (C:\Users\USER\kraak-consulting\node_modules\[4m.pnpm[24m\jest-runner@29.7.0\node_modules\[4mjest-runner[24m\build\testWorker.js:106:12)
[api] PASS src/integration/critical-modules.integration.spec.ts (19.946 s)
[api] 
[api] Summary of all failing tests
[api] FAIL users/users.controller.spec.ts (14.454 s)
[api]   ● UsersController › findAll › Given an admin token, When findAll is called, Then returns user list
[api] 
[api]     expect(jest.fn()).toHaveBeenCalledWith(...expected)
[api] 
[api]     Expected: "Bearer valid-token"
[api] 
[api]     Number of calls: 0
[api] 
[api]     [0m [90m 53 |[39m
[api]      [90m 54 |[39m       expect(result)[33m.[39mtoEqual(users)[33m;[39m
[api]     [31m[1m>[22m[39m[90m 55 |[39m       expect(mockExtractAccessToken)[33m.[39mtoHaveBeenCalledWith(validToken)[33m;[39m
[api]      [90m    |[39m                                      [31m[1m^[22m[39m
[api]      [90m 56 |[39m       expect(mockRequireAdminAccess)[33m.[39mtoHaveBeenCalled()[33m;[39m
[api]      [90m 57 |[39m     })[33m;[39m
[api]      [90m 58 |[39m[0m
[api] 
[api]       at Object.<anonymous> (users/users.controller.spec.ts:55:38)
[api] 
[api]   ● UsersController › findAll › Given a missing token, When findAll is called, Then throws UnauthorizedException
[api] 
[api]     expect(received).rejects.toThrow()
[api] 
[api]     Received promise resolved instead of rejected
[api]     Resolved to value: undefined
[api] 
[api]     [0m [90m 60 |[39m       mockExtractAccessToken[33m.[39mmockReturnValueOnce([36mnull[39m)[33m;[39m
[api]      [90m 61 |[39m
[api]     [31m[1m>[22m[39m[90m 62 |[39m       [36mawait[39m expect(controller[33m.[39mfindAll([32m''[39m))[33m.[39mrejects[33m.[39mtoThrow(
[api]      [90m    |[39m             [31m[1m^[22m[39m
[api]      [90m 63 |[39m         [33mUnauthorizedException[39m[33m,[39m
[api]      [90m 64 |[39m       )[33m;[39m
[api]      [90m 65 |[39m     })[33m;[39m[0m
[api] 
[api]       at expect (../../../node_modules/.pnpm/expect@29.7.0/node_modules/expect/build/index.js:113:15)
[api]       at Object.<anonymous> (users/users.controller.spec.ts:62:13)
[api] 
[api]   ● UsersController › findOne › Given a missing token, When findOne is called, Then throws UnauthorizedException
[api] 
[api]     expect(received).rejects.toThrow()
[api] 
[api]     Received promise resolved instead of rejected
[api]     Resolved to value: undefined
[api] 
[api]     [0m [90m 79 |[39m       mockExtractAccessToken[33m.[39mmockReturnValueOnce([36mnull[39m)[33m;[39m
[api]      [90m 80 |[39m
[api]     [31m[1m>[22m[39m[90m 81 |[39m       [36mawait[39m expect(controller[33m.[39mfindOne([32m'1'[39m[33m,[39m [32m''[39m))[33m.[39mrejects[33m.[39mtoThrow(
[api]      [90m    |[39m             [31m[1m^[22m[39m
[api]      [90m 82 |[39m         [33mUnauthorizedException[39m[33m,[39m
[api]      [90m 83 |[39m       )[33m;[39m
[api]      [90m 84 |[39m     })[33m;[39m[0m
[api] 
[api]       at expect (../../../node_modules/.pnpm/expect@29.7.0/node_modules/expect/build/index.js:113:15)
[api]       at Object.<anonymous> (users/users.controller.spec.ts:81:13)
[api] 
[api] 
[api] Test Suites: 1 failed, 34 passed, 35 total
[api] Tests:       3 failed, 460 passed, 463 total
[api] Snapshots:   0 total
[api] Time:        37.677 s
[api] Ran all test suites.
[api] C:\Users\USER\kraak-consulting\apps\api:
[api]  ERR_PNPM_RECURSIVE_RUN_FIRST_FAIL  @kraak/api@0.0.0 test: `jest`
[api] Exit status 1
[client] 
[client] [1m[30m[46m RUN [49m[39m[22m [36mv4.1.4 [39m[90mC:/Users/USER/kraak-consulting/apps/client[39m
[client]       [2mCoverage enabled with [22m[33mv8[39m
[client] 
[api]  ELIFECYCLE  Command failed with exit code 1.
[client] [90mstderr[2m | projects/web/src/app/shared/fading-partners/fading-partners.spec.ts[2m > [22m[2mFadingPartners[2m > [22m[2mshould create
[client] [22m[39mWARNING: sanitizing HTML stripped some content, see https://angular.dev/best-practices/security#preventing-cross-site-scripting-xss
[client] WARNING: sanitizing HTML stripped some content, see https://angular.dev/best-practices/security#preventing-cross-site-scripting-xss
[client] WARNING: sanitizing HTML stripped some content, see https://angular.dev/best-practices/security#preventing-cross-site-scripting-xss
[client] WARNING: sanitizing HTML stripped some content, see https://angular.dev/best-practices/security#preventing-cross-site-scripting-xss
[client] WARNING: sanitizing HTML stripped some content, see https://angular.dev/best-practices/security#preventing-cross-site-scripting-xss
[client] WARNING: sanitizing HTML stripped some content, see https://angular.dev/best-practices/security#preventing-cross-site-scripting-xss
[client] WARNING: sanitizing HTML stripped some content, see https://angular.dev/best-practices/security#preventing-cross-site-scripting-xss
[client] WARNING: sanitizing HTML stripped some content, see https://angular.dev/best-practices/security#preventing-cross-site-scripting-xss
[client] WARNING: sanitizing HTML stripped some content, see https://angular.dev/best-practices/security#preventing-cross-site-scripting-xss
[client] WARNING: sanitizing HTML stripped some content, see https://angular.dev/best-practices/security#preventing-cross-site-scripting-xss
[client] 
[client] [90mstderr[2m | projects/web/src/app/shared/fading-partners/fading-partners.spec.ts[2m > [22m[2mFadingPartners[2m > [22m[2mshould render all partners
[client] [22m[39mWARNING: sanitizing HTML stripped some content, see https://angular.dev/best-practices/security#preventing-cross-site-scripting-xss
[client] WARNING: sanitizing HTML stripped some content, see https://angular.dev/best-practices/security#preventing-cross-site-scripting-xss
[client] WARNING: sanitizing HTML stripped some content, see https://angular.dev/best-practices/security#preventing-cross-site-scripting-xss
[client] WARNING: sanitizing HTML stripped some content, see https://angular.dev/best-practices/security#preventing-cross-site-scripting-xss
[client] WARNING: sanitizing HTML stripped some content, see https://angular.dev/best-practices/security#preventing-cross-site-scripting-xss
[client] WARNING: sanitizing HTML stripped some content, see https://angular.dev/best-practices/security#preventing-cross-site-scripting-xss
[client] WARNING: sanitizing HTML stripped some content, see https://angular.dev/best-practices/security#preventing-cross-site-scripting-xss
[client] WARNING: sanitizing HTML stripped some content, see https://angular.dev/best-practices/security#preventing-cross-site-scripting-xss
[client] WARNING: sanitizing HTML stripped some content, see https://angular.dev/best-practices/security#preventing-cross-site-scripting-xss
[client] WARNING: sanitizing HTML stripped some content, see https://angular.dev/best-practices/security#preventing-cross-site-scripting-xss
[client] 
[client] [90mstderr[2m | projects/web/src/app/shared/fading-partners/fading-partners.spec.ts[2m > [22m[2mFadingPartners[2m > [22m[2mshould display partner names
[client] [22m[39mWARNING: sanitizing HTML stripped some content, see https://angular.dev/best-practices/security#preventing-cross-site-scripting-xss
[client] WARNING: sanitizing HTML stripped some content, see https://angular.dev/best-practices/security#preventing-cross-site-scripting-xss
[client] WARNING: sanitizing HTML stripped some content, see https://angular.dev/best-practices/security#preventing-cross-site-scripting-xss
[client] WARNING: sanitizing HTML stripped some content, see https://angular.dev/best-practices/security#preventing-cross-site-scripting-xss
[client] WARNING: sanitizing HTML stripped some content, see https://angular.dev/best-practices/security#preventing-cross-site-scripting-xss
[client] WARNING: sanitizing HTML stripped some content, see https://angular.dev/best-practices/security#preventing-cross-site-scripting-xss
[client] WARNING: sanitizing HTML stripped some content, see https://angular.dev/best-practices/security#preventing-cross-site-scripting-xss
[client] WARNING: sanitizing HTML stripped some content, see https://angular.dev/best-practices/security#preventing-cross-site-scripting-xss
[client] WARNING: sanitizing HTML stripped some content, see https://angular.dev/best-practices/security#preventing-cross-site-scripting-xss
[client] WARNING: sanitizing HTML stripped some content, see https://angular.dev/best-practices/security#preventing-cross-site-scripting-xss
[client] 
[client] [90mstderr[2m | projects/web/src/app/shared/fading-partners/fading-partners.spec.ts[2m > [22m[2mFadingPartners[2m > [22m[2mshould have fade gradients
[client] [22m[39mWARNING: sanitizing HTML stripped some content, see https://angular.dev/best-practices/security#preventing-cross-site-scripting-xss
[client] WARNING: sanitizing HTML stripped some content, see https://angular.dev/best-practices/security#preventing-cross-site-scripting-xss
[client] WARNING: sanitizing HTML stripped some content, see https://angular.dev/best-practices/security#preventing-cross-site-scripting-xss
[client] WARNING: sanitizing HTML stripped some content, see https://angular.dev/best-practices/security#preventing-cross-site-scripting-xss
[client] WARNING: sanitizing HTML stripped some content, see https://angular.dev/best-practices/security#preventing-cross-site-scripting-xss
[client] WARNING: sanitizing HTML stripped some content, see https://angular.dev/best-practices/security#preventing-cross-site-scripting-xss
[client] WARNING: sanitizing HTML stripped some content, see https://angular.dev/best-practices/security#preventing-cross-site-scripting-xss
[client] WARNING: sanitizing HTML stripped some content, see https://angular.dev/best-practices/security#preventing-cross-site-scripting-xss
[client] WARNING: sanitizing HTML stripped some content, see https://angular.dev/best-practices/security#preventing-cross-site-scripting-xss
[client] WARNING: sanitizing HTML stripped some content, see https://angular.dev/best-practices/security#preventing-cross-site-scripting-xss
[client] 
[client] [90mstderr[2m | projects/web/src/app/shared/fading-partners/fading-partners.spec.ts[2m > [22m[2mFadingPartners[2m > [22m[2mshould have correct partner count
[client] [22m[39mWARNING: sanitizing HTML stripped some content, see https://angular.dev/best-practices/security#preventing-cross-site-scripting-xss
[client] WARNING: sanitizing HTML stripped some content, see https://angular.dev/best-practices/security#preventing-cross-site-scripting-xss
[client] WARNING: sanitizing HTML stripped some content, see https://angular.dev/best-practices/security#preventing-cross-site-scripting-xss
[client] WARNING: sanitizing HTML stripped some content, see https://angular.dev/best-practices/security#preventing-cross-site-scripting-xss
[client] WARNING: sanitizing HTML stripped some content, see https://angular.dev/best-practices/security#preventing-cross-site-scripting-xss
[client] WARNING: sanitizing HTML stripped some content, see https://angular.dev/best-practices/security#preventing-cross-site-scripting-xss
[client] WARNING: sanitizing HTML stripped some content, see https://angular.dev/best-practices/security#preventing-cross-site-scripting-xss
[client] WARNING: sanitizing HTML stripped some content, see https://angular.dev/best-practices/security#preventing-cross-site-scripting-xss
[client] WARNING: sanitizing HTML stripped some content, see https://angular.dev/best-practices/security#preventing-cross-site-scripting-xss
[client] WARNING: sanitizing HTML stripped some content, see https://angular.dev/best-practices/security#preventing-cross-site-scripting-xss
[client] 
[client] [90mstderr[2m | projects/web/src/app/shared/fading-partners/fading-partners.spec.ts[2m > [22m[2mFadingPartners[2m > [22m[2mshould duplicate partners for infinite scroll
[client] [22m[39mWARNING: sanitizing HTML stripped some content, see https://angular.dev/best-practices/security#preventing-cross-site-scripting-xss
[client] WARNING: sanitizing HTML stripped some content, see https://angular.dev/best-practices/security#preventing-cross-site-scripting-xss
[client] WARNING: sanitizing HTML stripped some content, see https://angular.dev/best-practices/security#preventing-cross-site-scripting-xss
[client] WARNING: sanitizing HTML stripped some content, see https://angular.dev/best-practices/security#preventing-cross-site-scripting-xss
[client] WARNING: sanitizing HTML stripped some content, see https://angular.dev/best-practices/security#preventing-cross-site-scripting-xss
[client] WARNING: sanitizing HTML stripped some content, see https://angular.dev/best-practices/security#preventing-cross-site-scripting-xss
[client] WARNING: sanitizing HTML stripped some content, see https://angular.dev/best-practices/security#preventing-cross-site-scripting-xss
[client] WARNING: sanitizing HTML stripped some content, see https://angular.dev/best-practices/security#preventing-cross-site-scripting-xss
[client] WARNING: sanitizing HTML stripped some content, see https://angular.dev/best-practices/security#preventing-cross-site-scripting-xss
[client] WARNING: sanitizing HTML stripped some content, see https://angular.dev/best-practices/security#preventing-cross-site-scripting-xss
[client] 
[client] [90mstderr[2m | projects/web/src/app/shared/fading-partners/fading-partners.spec.ts[2m > [22m[2mFadingPartners[2m > [22m[2mRendering[2m > [22m[2mshould render section with correct classes
[client] [22m[39mWARNING: sanitizing HTML stripped some content, see https://angular.dev/best-practices/security#preventing-cross-site-scripting-xss
[client] WARNING: sanitizing HTML stripped some content, see https://angular.dev/best-practices/security#preventing-cross-site-scripting-xss
[client] WARNING: sanitizing HTML stripped some content, see https://angular.dev/best-practices/security#preventing-cross-site-scripting-xss
[client] WARNING: sanitizing HTML stripped some content, see https://angular.dev/best-practices/security#preventing-cross-site-scripting-xss
[client] WARNING: sanitizing HTML stripped some content, see https://angular.dev/best-practices/security#preventing-cross-site-scripting-xss
[client] WARNING: sanitizing HTML stripped some content, see https://angular.dev/best-practices/security#preventing-cross-site-scripting-xss
[client] WARNING: sanitizing HTML stripped some content, see https://angular.dev/best-practices/security#preventing-cross-site-scripting-xss
[client] WARNING: sanitizing HTML stripped some content, see https://angular.dev/best-practices/security#preventing-cross-site-scripting-xss
[client] WARNING: sanitizing HTML stripped some content, see https://angular.dev/best-practices/security#preventing-cross-site-scripting-xss
[client] WARNING: sanitizing HTML stripped some content, see https://angular.dev/best-practices/security#preventing-cross-site-scripting-xss
[client] 
[client] [90mstderr[2m | projects/web/src/app/shared/fading-partners/fading-partners.spec.ts[2m > [22m[2mFadingPartners[2m > [22m[2mRendering[2m > [22m[2mshould have animation class on scroll container
[client] [22m[39mWARNING: sanitizing HTML stripped some content, see https://angular.dev/best-practices/security#preventing-cross-site-scripting-xss
[client] WARNING: sanitizing HTML stripped some content, see https://angular.dev/best-practices/security#preventing-cross-site-scripting-xss
[client] WARNING: sanitizing HTML stripped some content, see https://angular.dev/best-practices/security#preventing-cross-site-scripting-xss
[client] WARNING: sanitizing HTML stripped some content, see https://angular.dev/best-practices/security#preventing-cross-site-scripting-xss
[client] WARNING: sanitizing HTML stripped some content, see https://angular.dev/best-practices/security#preventing-cross-site-scripting-xss
[client] WARNING: sanitizing HTML stripped some content, see https://angular.dev/best-practices/security#preventing-cross-site-scripting-xss
[client] WARNING: sanitizing HTML stripped some content, see https://angular.dev/best-practices/security#preventing-cross-site-scripting-xss
[client] WARNING: sanitizing HTML stripped some content, see https://angular.dev/best-practices/security#preventing-cross-site-scripting-xss
[client] WARNING: sanitizing HTML stripped some content, see https://angular.dev/best-practices/security#preventing-cross-site-scripting-xss
[client] WARNING: sanitizing HTML stripped some content, see https://angular.dev/best-practices/security#preventing-cross-site-scripting-xss
[client] 
[client] [90mstderr[2m | projects/web/src/app/shared/fading-partners/fading-partners.spec.ts[2m > [22m[2mFadingPartners[2m > [22m[2mRendering[2m > [22m[2mshould render partner logos
[client] [22m[39mWARNING: sanitizing HTML stripped some content, see https://angular.dev/best-practices/security#preventing-cross-site-scripting-xss
[client] WARNING: sanitizing HTML stripped some content, see https://angular.dev/best-practices/security#preventing-cross-site-scripting-xss
[client] WARNING: sanitizing HTML stripped some content, see https://angular.dev/best-practices/security#preventing-cross-site-scripting-xss
[client] WARNING: sanitizing HTML stripped some content, see https://angular.dev/best-practices/security#preventing-cross-site-scripting-xss
[client] WARNING: sanitizing HTML stripped some content, see https://angular.dev/best-practices/security#preventing-cross-site-scripting-xss
[client] WARNING: sanitizing HTML stripped some content, see https://angular.dev/best-practices/security#preventing-cross-site-scripting-xss
[client] WARNING: sanitizing HTML stripped some content, see https://angular.dev/best-practices/security#preventing-cross-site-scripting-xss
[client] WARNING: sanitizing HTML stripped some content, see https://angular.dev/best-practices/security#preventing-cross-site-scripting-xss
[client] WARNING: sanitizing HTML stripped some content, see https://angular.dev/best-practices/security#preventing-cross-site-scripting-xss
[client] WARNING: sanitizing HTML stripped some content, see https://angular.dev/best-practices/security#preventing-cross-site-scripting-xss
[client] 
[client]  [32m✓[39m [30m[46m web [49m[39m projects/web/src/app/shared/fading-partners/fading-partners.spec.ts [2m([22m[2m9 tests[22m[2m)[22m[33m 3000[2mms[22m[39m
[client]      [33m[2m✓[22m[39m should create [33m 731[2mms[22m[39m
[client]        [33m[2m✓[22m[39m should render section with correct classes [33m 327[2mms[22m[39m
[client]  [32m✓[39m [30m[46m web [49m[39m projects/web/src/app/features/blog/blog-article.page.spec.ts [2m([22m[2m7 tests[22m[2m)[22m[33m 2373[2mms[22m[39m
[client]      [33m[2m✓[22m[39m Given the article page When it renders Then it shows the article headline and details [33m 1119[2mms[22m[39m
[client] [90mstdout[2m | projects/web/src/app/features/participant/dashboard/dashboard.page.spec.ts[2m > [22m[2mWeb Participant Dashboard Page[2m > [22m[2mDashboard data integration[2m > [22m[2mGiven a dashboard API error, When the page loads, Then it shows an actionable error message and a retry button
[client] [22m[39m[Debug] web.dashboard.load
[client]   Contexte : { route: [32m'/participant/dashboard'[39m }
[client] 
[client] [90mstderr[2m | projects/web/src/app/features/participant/dashboard/dashboard.page.spec.ts[2m > [22m[2mWeb Participant Dashboard Page[2m > [22m[2mDashboard data integration[2m > [22m[2mGiven a dashboard API error, When the page loads, Then it shows an actionable error message and a retry button
[client] [22m[39m  ApiError: 503 Service Unavailable
[client]       at C:/Users/USER/kraak-consulting/apps/client/projects/web/src/app/features/participant/dashboard/dashboard.page.spec.ts:205:11
[client]       at file:///C:/Users/USER/kraak-consulting/node_modules/[4m.pnpm[24m/@vitest+runner@4.1.4/node_modules/[4m@vitest/runner[24m/dist/chunk-artifact.js:302:11
[client]       at file:///C:/Users/USER/kraak-consulting/node_modules/[4m.pnpm[24m/@vitest+runner@4.1.4/node_modules/[4m@vitest/runner[24m/dist/chunk-artifact.js:1903:26
[client]       at file:///C:/Users/USER/kraak-consulting/node_modules/[4m.pnpm[24m/@vitest+runner@4.1.4/node_modules/[4m@vitest/runner[24m/dist/chunk-artifact.js:2326:20
[client]       at new Promise (<anonymous>)
[client]       at runWithCancel (file:///C:/Users/USER/kraak-consulting/node_modules/[4m.pnpm[24m/@vitest+runner@4.1.4/node_modules/[4m@vitest/runner[24m/dist/chunk-artifact.js:2323:10)
[client]       at file:///C:/Users/USER/kraak-consulting/node_modules/[4m.pnpm[24m/@vitest+runner@4.1.4/node_modules/[4m@vitest/runner[24m/dist/chunk-artifact.js:2305:20
[client]       at new Promise (<anonymous>)
[client]       at runWithTimeout (file:///C:/Users/USER/kraak-consulting/node_modules/[4m.pnpm[24m/@vitest+runner@4.1.4/node_modules/[4m@vitest/runner[24m/dist/chunk-artifact.js:2272:10)
[client]       at file:///C:/Users/USER/kraak-consulting/node_modules/[4m.pnpm[24m/@vitest+runner@4.1.4/node_modules/[4m@vitest/runner[24m/dist/chunk-artifact.js:2955:64 {
[client]     status: [33m503[39m,
[client]     statusText: [32m'Service Unavailable'[39m,
[client]     body: { message: [32m'Service indisponible'[39m }
[client]   }
[client] 
[client] [90mstdout[2m | projects/web/src/app/features/participant/dashboard/dashboard.page.spec.ts[2m > [22m[2mWeb Participant Dashboard Page[2m > [22m[2mDashboard data integration[2m > [22m[2mGiven the retry button is clicked after an error, When the next call resolves, Then the dashboard renders fresh content
[client] [22m[39m[Debug] web.dashboard.load
[client]   Contexte : { route: [32m'/participant/dashboard'[39m }
[client] 
[client] [90mstderr[2m | projects/web/src/app/features/participant/dashboard/dashboard.page.spec.ts[2m > [22m[2mWeb Participant Dashboard Page[2m > [22m[2mDashboard data integration[2m > [22m[2mGiven the retry button is clicked after an error, When the next call resolves, Then the dashboard renders fresh content
[client] [22m[39m  ApiError: 500 Server Error
[client]       at C:/Users/USER/kraak-consulting/apps/client/projects/web/src/app/features/participant/dashboard/dashboard.page.spec.ts:226:11
[client]       at file:///C:/Users/USER/kraak-consulting/node_modules/[4m.pnpm[24m/@vitest+runner@4.1.4/node_modules/[4m@vitest/runner[24m/dist/chunk-artifact.js:302:11
[client]       at file:///C:/Users/USER/kraak-consulting/node_modules/[4m.pnpm[24m/@vitest+runner@4.1.4/node_modules/[4m@vitest/runner[24m/dist/chunk-artifact.js:1903:26
[client]       at file:///C:/Users/USER/kraak-consulting/node_modules/[4m.pnpm[24m/@vitest+runner@4.1.4/node_modules/[4m@vitest/runner[24m/dist/chunk-artifact.js:2326:20
[client]       at new Promise (<anonymous>)
[client]       at runWithCancel (file:///C:/Users/USER/kraak-consulting/node_modules/[4m.pnpm[24m/@vitest+runner@4.1.4/node_modules/[4m@vitest/runner[24m/dist/chunk-artifact.js:2323:10)
[client]       at file:///C:/Users/USER/kraak-consulting/node_modules/[4m.pnpm[24m/@vitest+runner@4.1.4/node_modules/[4m@vitest/runner[24m/dist/chunk-artifact.js:2305:20
[client]       at new Promise (<anonymous>)
[client]       at runWithTimeout (file:///C:/Users/USER/kraak-consulting/node_modules/[4m.pnpm[24m/@vitest+runner@4.1.4/node_modules/[4m@vitest/runner[24m/dist/chunk-artifact.js:2272:10)
[client]       at file:///C:/Users/USER/kraak-consulting/node_modules/[4m.pnpm[24m/@vitest+runner@4.1.4/node_modules/[4m@vitest/runner[24m/dist/chunk-artifact.js:2955:64 {
[client]     status: [33m500[39m,
[client]     statusText: [32m'Server Error'[39m,
[client]     body: { message: [32m'Erreur serveur'[39m }
[client]   }
[client] 
[client] [90mstdout[2m | projects/web/src/app/features/participant/dashboard/dashboard.page.spec.ts[2m > [22m[2mWeb Participant Dashboard Page[2m > [22m[2mDashboard data integration[2m > [22m[2mGiven a native Error rejection, When the page loads, Then it surfaces the error message
[client] [22m[39m[Debug] web.dashboard.load
[client]   Contexte : { route: [32m'/participant/dashboard'[39m }
[client] 
[client] [90mstderr[2m | projects/web/src/app/features/participant/dashboard/dashboard.page.spec.ts[2m > [22m[2mWeb Participant Dashboard Page[2m > [22m[2mDashboard data integration[2m > [22m[2mGiven a native Error rejection, When the page loads, Then it surfaces the error message
[client] [22m[39m  Error: boom
[client]       at C:/Users/USER/kraak-consulting/apps/client/projects/web/src/app/features/participant/dashboard/dashboard.page.spec.ts:255:56
[client]       at file:///C:/Users/USER/kraak-consulting/node_modules/[4m.pnpm[24m/@vitest+runner@4.1.4/node_modules/[4m@vitest/runner[24m/dist/chunk-artifact.js:302:11
[client]       at file:///C:/Users/USER/kraak-consulting/node_modules/[4m.pnpm[24m/@vitest+runner@4.1.4/node_modules/[4m@vitest/runner[24m/dist/chunk-artifact.js:1903:26
[client]       at file:///C:/Users/USER/kraak-consulting/node_modules/[4m.pnpm[24m/@vitest+runner@4.1.4/node_modules/[4m@vitest/runner[24m/dist/chunk-artifact.js:2326:20
[client]       at new Promise (<anonymous>)
[client]       at runWithCancel (file:///C:/Users/USER/kraak-consulting/node_modules/[4m.pnpm[24m/@vitest+runner@4.1.4/node_modules/[4m@vitest/runner[24m/dist/chunk-artifact.js:2323:10)
[client]       at file:///C:/Users/USER/kraak-consulting/node_modules/[4m.pnpm[24m/@vitest+runner@4.1.4/node_modules/[4m@vitest/runner[24m/dist/chunk-artifact.js:2305:20
[client]       at new Promise (<anonymous>)
[client]       at runWithTimeout (file:///C:/Users/USER/kraak-consulting/node_modules/[4m.pnpm[24m/@vitest+runner@4.1.4/node_modules/[4m@vitest/runner[24m/dist/chunk-artifact.js:2272:10)
[client]       at file:///C:/Users/USER/kraak-consulting/node_modules/[4m.pnpm[24m/@vitest+runner@4.1.4/node_modules/[4m@vitest/runner[24m/dist/chunk-artifact.js:2955:64
[client] 
[client]  [32m✓[39m [30m[46m web [49m[39m projects/web/src/app/shared/faq-accordion/faq-accordion.component.spec.ts [2m([22m[2m4 tests[22m[2m)[22m[33m 2351[2mms[22m[39m
[client]      [33m[2m✓[22m[39m Given une liste d items, When une question est ouverte, Then la réponse devient visible [33m 1841[2mms[22m[39m
[client] [90mstdout[2m | projects/web/src/app/features/participant/dashboard/dashboard.page.spec.ts[2m > [22m[2mWeb Participant Dashboard Page[2m > [22m[2mDashboard data integration[2m > [22m[2mGiven an ApiError without a message body, When the page loads, Then it shows the generic fallback message
[client] [22m[39m[Debug] web.dashboard.load
[client]   Contexte : { route: [32m'/participant/dashboard'[39m }
[client] 
[client] [90mstderr[2m | projects/web/src/app/features/participant/dashboard/dashboard.page.spec.ts[2m > [22m[2mWeb Participant Dashboard Page[2m > [22m[2mDashboard data integration[2m > [22m[2mGiven an ApiError without a message body, When the page loads, Then it shows the generic fallback message
[client] [22m[39m  ApiError: 500 Server Error
[client]       at C:/Users/USER/kraak-consulting/apps/client/projects/web/src/app/features/participant/dashboard/dashboard.page.spec.ts:266:24
[client]       at file:///C:/Users/USER/kraak-consulting/node_modules/[4m.pnpm[24m/@vitest+runner@4.1.4/node_modules/[4m@vitest/runner[24m/dist/chunk-artifact.js:302:11
[client]       at file:///C:/Users/USER/kraak-consulting/node_modules/[4m.pnpm[24m/@vitest+runner@4.1.4/node_modules/[4m@vitest/runner[24m/dist/chunk-artifact.js:1903:26
[client]       at file:///C:/Users/USER/kraak-consulting/node_modules/[4m.pnpm[24m/@vitest+runner@4.1.4/node_modules/[4m@vitest/runner[24m/dist/chunk-artifact.js:2326:20
[client]       at new Promise (<anonymous>)
[client]       at runWithCancel (file:///C:/Users/USER/kraak-consulting/node_modules/[4m.pnpm[24m/@vitest+runner@4.1.4/node_modules/[4m@vitest/runner[24m/dist/chunk-artifact.js:2323:10)
[client]       at file:///C:/Users/USER/kraak-consulting/node_modules/[4m.pnpm[24m/@vitest+runner@4.1.4/node_modules/[4m@vitest/runner[24m/dist/chunk-artifact.js:2305:20
[client]       at new Promise (<anonymous>)
[client]       at runWithTimeout (file:///C:/Users/USER/kraak-consulting/node_modules/[4m.pnpm[24m/@vitest+runner@4.1.4/node_modules/[4m@vitest/runner[24m/dist/chunk-artifact.js:2272:10)
[client]       at file:///C:/Users/USER/kraak-consulting/node_modules/[4m.pnpm[24m/@vitest+runner@4.1.4/node_modules/[4m@vitest/runner[24m/dist/chunk-artifact.js:2955:64 {
[client]     status: [33m500[39m,
[client]     statusText: [32m'Server Error'[39m,
[client]     body: {}
[client]   }
[client] 
[client] [90mstdout[2m | projects/web/src/app/features/participant/dashboard/dashboard.page.spec.ts[2m > [22m[2mWeb Participant Dashboard Page[2m > [22m[2mDashboard data integration[2m > [22m[2mGiven a non-Error rejection value, When the page loads, Then it shows the generic fallback message
[client] [22m[39m[Debug] web.dashboard.load
[client]   Contexte : { route: [32m'/participant/dashboard'[39m }
[client] 
[client] [90mstderr[2m | projects/web/src/app/features/participant/dashboard/dashboard.page.spec.ts[2m > [22m[2mWeb Participant Dashboard Page[2m > [22m[2mDashboard data integration[2m > [22m[2mGiven a non-Error rejection value, When the page loads, Then it shows the generic fallback message
[client] [22m[39m  oops
[client] 
[client]  [32m✓[39m [30m[46m web [49m[39m projects/web/src/app/features/participant/dashboard/dashboard.page.spec.ts [2m([22m[2m18 tests[22m[2m)[22m[33m 2918[2mms[22m[39m
[client]        [33m[2m✓[22m[39m Given a dashboard API error, When the page loads, Then it shows an actionable error message and a retry button [33m 713[2mms[22m[39m
[client]  [32m✓[39m [30m[46m web [49m[39m projects/web/src/app/app.routes.spec.ts [2m([22m[2m24 tests[22m[2m)[22m[33m 3766[2mms[22m[39m
[client]        [33m[2m✓[22m[39m When the admin dashboard child loadComponent is invoked Then it resolves to a component [33m 499[2mms[22m[39m
[client]        [33m[2m✓[22m[39m When each marketing route loadComponent is invoked Then it resolves to a component [33m 2878[2mms[22m[39m
[client] [90mstdout[2m | projects/web/src/app/features/auth/sign-in.page.spec.ts[2m > [22m[2mWeb SignInPage[2m > [22m[2mGiven signIn throws an error, when submit is called, then the error message is set
[client] [22m[39m[Debug] web.auth.sign-in.submit
[client]   Contexte : { route: [32m'/connexion'[39m }
[client] 
[client]  [32m✓[39m [30m[46m web [49m[39m projects/web/src/app/features/auth/sign-in.page.spec.ts [2m([22m[2m6 tests[22m[2m)[22m[33m 1073[2mms[22m[39m
[client]      [33m[2m✓[22m[39m Given signIn throws an error, when submit is called, then the error message is set [33m 312[2mms[22m[39m
[client]  [32m✓[39m [30m[46m web [49m[39m projects/web/src/app/features/support/faq.page.spec.ts [2m([22m[2m4 tests[22m[2m)[22m[33m 1792[2mms[22m[39m
[client]      [33m[2m✓[22m[39m Given the support FAQ page When it renders Then it should show the page heading [33m 869[2mms[22m[39m
[client]      [33m[2m✓[22m[39m Given the support FAQ page When it renders Then it should expose the KRAAK FAQ questions [33m 744[2mms[22m[39m
[client]  [32m✓[39m [30m[46m web [49m[39m projects/web/src/app/shared/fading-partners/fading-partners.component.spec.ts [2m([22m[2m11 tests[22m[2m)[22m[33m 1436[2mms[22m[39m
[client]      [33m[2m✓[22m[39m Given the component is created When Angular instantiates it Then the instance should exist [33m 387[2mms[22m[39m
[client]  [32m✓[39m [30m[46m web [49m[39m projects/web/src/app/features/legal/politique-de-confidentialite.page.spec.ts [2m([22m[2m5 tests[22m[2m)[22m[33m 849[2mms[22m[39m
[client] Not implemented: Window's scrollTo() method
[client]  [32m✓[39m [30m[46m web [49m[39m projects/web/src/app/shared/scroll-to-top/scroll-to-top.spec.ts [2m([22m[2m10 tests[22m[2m)[22m[33m 309[2mms[22m[39m
[client] [90mstdout[2m | projects/web/src/app/features/auth/sign-up.page.spec.ts[2m > [22m[2mWeb SignUpPage[2m > [22m[2mGiven signUp throws an error, when submit is called, then the error message is set
[client] [22m[39m[Debug] web.auth.sign-up.submit
[client]   Contexte : { route: [32m'/inscription'[39m }
[client] 
[client] [90mstderr[2m | projects/web/src/app/features/auth/sign-up.page.spec.ts[2m > [22m[2mWeb SignUpPage[2m > [22m[2mGiven signUp throws an error, when submit is called, then the error message is set
[client] [22m[39m  Error: Erreur réseau
[client]       at C:/Users/USER/kraak-consulting/apps/client/projects/web/src/app/features/auth/sign-up.page.spec.ts:152:42
[client]       at file:///C:/Users/USER/kraak-consulting/node_modules/[4m.pnpm[24m/@vitest+runner@4.1.4/node_modules/[4m@vitest/runner[24m/dist/chunk-artifact.js:302:11
[client]       at file:///C:/Users/USER/kraak-consulting/node_modules/[4m.pnpm[24m/@vitest+runner@4.1.4/node_modules/[4m@vitest/runner[24m/dist/chunk-artifact.js:1903:26
[client]       at file:///C:/Users/USER/kraak-consulting/node_modules/[4m.pnpm[24m/@vitest+runner@4.1.4/node_modules/[4m@vitest/runner[24m/dist/chunk-artifact.js:2326:20
[client]       at new Promise (<anonymous>)
[client]       at runWithCancel (file:///C:/Users/USER/kraak-consulting/node_modules/[4m.pnpm[24m/@vitest+runner@4.1.4/node_modules/[4m@vitest/runner[24m/dist/chunk-artifact.js:2323:10)
[client]       at file:///C:/Users/USER/kraak-consulting/node_modules/[4m.pnpm[24m/@vitest+runner@4.1.4/node_modules/[4m@vitest/runner[24m/dist/chunk-artifact.js:2305:20
[client]       at new Promise (<anonymous>)
[client]       at runWithTimeout (file:///C:/Users/USER/kraak-consulting/node_modules/[4m.pnpm[24m/@vitest+runner@4.1.4/node_modules/[4m@vitest/runner[24m/dist/chunk-artifact.js:2272:10)
[client]       at file:///C:/Users/USER/kraak-consulting/node_modules/[4m.pnpm[24m/@vitest+runner@4.1.4/node_modules/[4m@vitest/runner[24m/dist/chunk-artifact.js:2955:64
[client] 
[client]  [32m✓[39m [30m[46m web [49m[39m projects/web/src/app/features/auth/sign-up.page.spec.ts [2m([22m[2m5 tests[22m[2m)[22m[33m 814[2mms[22m[39m
[client]  [32m✓[39m [30m[46m web [49m[39m projects/web/src/app/features/support/forbidden.page.spec.ts [2m([22m[2m2 tests[22m[2m)[22m[32m 148[2mms[22m[39m
[client] Not implemented: Window's scrollTo() method
[client] [90mstderr[2m | projects/web/src/app/features/admin/ressources/admin-ressources.page.spec.ts[2m > [22m[2mAdminRessourcesPage[2m > [22m[2mGiven a save failure When submitForm is called Then an explicit error message is displayed
[client] [22m[39m[AdminRessourcesPage] Erreur lors de la sauvegarde de la ressource Error: save failed
[client]     at Object.<anonymous> (C:/Users/USER/kraak-consulting/apps/client/projects/web/src/app/features/admin/ressources/admin-ressources.page.spec.ts:298:15)
[client]     at Object.Mock [as create] (file:///C:/Users/USER/kraak-consulting/node_modules/[4m.pnpm[24m/@vitest+spy@4.1.4/node_modules/[4m@vitest/spy[24m/dist/index.js:332:34)
[client]     at _AdminRessourcesPage.submitForm (C:/Users/USER/kraak-consulting/apps/client/projects/web/src/app/features/admin/ressources/admin-ressources.page.ts:199:52)
[client]     at C:/Users/USER/kraak-consulting/apps/client/projects/web/src/app/features/admin/ressources/admin-ressources.page.spec.ts:317:37
[client] [90m    at processTicksAndRejections (node:internal/process/task_queues:104:5)[39m
[client] 
[client]  [32m✓[39m [30m[46m web [49m[39m projects/web/src/app/seo/seo.service.spec.ts [2m([22m[2m4 tests[22m[2m)[22m[33m 470[2mms[22m[39m
[client]  [32m✓[39m [30m[46m web [49m[39m projects/web/src/app/shared/scroll-to-top/scroll-to-top.component.spec.ts [2m([22m[2m10 tests[22m[2m)[22m[33m 421[2mms[22m[39m
[client]  [32m✓[39m [30m[46m web [49m[39m projects/web/src/app/features/legal/mentions-legales.page.spec.ts [2m([22m[2m4 tests[22m[2m)[22m[33m 1016[2mms[22m[39m
[client]        [33m[2m✓[22m[39m When displayed, Then it shows the main heading [33m 395[2mms[22m[39m
[client] [90mstderr[2m | projects/web/src/app/features/admin/programmes/admin-programmes.page.spec.ts[2m > [22m[2mAdminProgrammesPage[2m > [22m[2mGiven a save error When submitForm is called Then an explicit error message is shown
[client] [22m[39m[AdminProgrammesPage] Erreur lors de la sauvegarde du programme Error: save failed
[client]     at Object.<anonymous> (C:/Users/USER/kraak-consulting/apps/client/projects/web/src/app/features/admin/programmes/admin-programmes.page.spec.ts:281:15)
[client]     at Object.Mock [as create] (file:///C:/Users/USER/kraak-consulting/node_modules/[4m.pnpm[24m/@vitest+spy@4.1.4/node_modules/[4m@vitest/spy[24m/dist/index.js:332:34)
[client]     at _AdminProgrammesPage.submitForm (C:/Users/USER/kraak-consulting/apps/client/projects/web/src/app/features/admin/programmes/admin-programmes.page.ts:171:51)
[client]     at C:/Users/USER/kraak-consulting/apps/client/projects/web/src/app/features/admin/programmes/admin-programmes.page.spec.ts:299:37
[client] [90m    at processTicksAndRejections (node:internal/process/task_queues:104:5)[39m
[client] 
[client] [90mstderr[2m | projects/web/src/app/features/admin/ressources/admin-ressources.page.spec.ts[2m > [22m[2mAdminRessourcesPage[2m > [22m[2mGiven a loading failure When the page initializes Then the load error is exposed
[client] [22m[39m[AdminRessourcesPage] Erreur lors du chargement des ressources Error: network
[client]     at Object.<anonymous> (C:/Users/USER/kraak-consulting/apps/client/projects/web/src/app/features/admin/ressources/admin-ressources.page.spec.ts:367:15)
[client]     at Object.Mock (file:///C:/Users/USER/kraak-consulting/node_modules/[4m.pnpm[24m/@vitest+spy@4.1.4/node_modules/[4m@vitest/spy[24m/dist/index.js:332:34)
[client]     at _AdminRessourcesPage.loadRessources (C:/Users/USER/kraak-consulting/apps/client/projects/web/src/app/features/admin/ressources/admin-ressources.page.ts:115:47)
[client]     at _AdminRessourcesPage.ngOnInit (C:/Users/USER/kraak-consulting/apps/client/projects/web/src/app/features/admin/ressources/admin-ressources.page.ts:108:15)
[client]     at callHookInternal (file:///C:/Users/USER/kraak-consulting/node_modules/[4m.pnpm[24m/@angular+core@21.2.12_@angu_a6086666c366d3da7d29af1303169998/node_modules/[4m@angular/core[24m/fesm2022/_debug_node-chunk.mjs:555:10)
[client]     at callHook (file:///C:/Users/USER/kraak-consulting/node_modules/[4m.pnpm[24m/@angular+core@21.2.12_@angu_a6086666c366d3da7d29af1303169998/node_modules/[4m@angular/core[24m/fesm2022/_debug_node-chunk.mjs:570:7)
[client]     at callHooks (file:///C:/Users/USER/kraak-consulting/node_modules/[4m.pnpm[24m/@angular+core@21.2.12_@angu_a6086666c366d3da7d29af1303169998/node_modules/[4m@angular/core[24m/fesm2022/_debug_node-chunk.mjs:544:9)
[client]     at executeInitAndCheckHooks (file:///C:/Users/USER/kraak-consulting/node_modules/[4m.pnpm[24m/@angular+core@21.2.12_@angu_a6086666c366d3da7d29af1303169998/node_modules/[4m@angular/core[24m/fesm2022/_debug_node-chunk.mjs:513:5)
[client]     at refreshView (file:///C:/Users/USER/kraak-consulting/node_modules/[4m.pnpm[24m/@angular+core@21.2.12_@angu_a6086666c366d3da7d29af1303169998/node_modules/[4m@angular/core[24m/fesm2022/_debug_node-chunk.mjs:5776:11)
[client]     at detectChangesInView (file:///C:/Users/USER/kraak-consulting/node_modules/[4m.pnpm[24m/@angular+core@21.2.12_@angu_a6086666c366d3da7d29af1303169998/node_modules/[4m@angular/core[24m/fesm2022/_debug_node-chunk.mjs:5904:5)
[client] 
[client] [90mstderr[2m | projects/web/src/app/features/admin/programmes/admin-programmes.page.spec.ts[2m > [22m[2mAdminProgrammesPage[2m > [22m[2mGiven an API load failure When the page initializes Then an explicit loading error is shown
[client] [22m[39m[AdminProgrammesPage] Erreur lors du chargement des programmes Error: network
[client]     at Object.<anonymous> (C:/Users/USER/kraak-consulting/apps/client/projects/web/src/app/features/admin/programmes/admin-programmes.page.spec.ts:346:15)
[client]     at Object.Mock (file:///C:/Users/USER/kraak-consulting/node_modules/[4m.pnpm[24m/@vitest+spy@4.1.4/node_modules/[4m@vitest/spy[24m/dist/index.js:332:34)
[client]     at _AdminProgrammesPage.loadProgrammes (C:/Users/USER/kraak-consulting/apps/client/projects/web/src/app/features/admin/programmes/admin-programmes.page.ts:93:46)
[client]     at _AdminProgrammesPage.ngOnInit (C:/Users/USER/kraak-consulting/apps/client/projects/web/src/app/features/admin/programmes/admin-programmes.page.ts:86:15)
[client]     at callHookInternal (file:///C:/Users/USER/kraak-consulting/node_modules/[4m.pnpm[24m/@angular+core@21.2.12_@angu_a6086666c366d3da7d29af1303169998/node_modules/[4m@angular/core[24m/fesm2022/_debug_node-chunk.mjs:555:10)
[client]     at callHook (file:///C:/Users/USER/kraak-consulting/node_modules/[4m.pnpm[24m/@angular+core@21.2.12_@angu_a6086666c366d3da7d29af1303169998/node_modules/[4m@angular/core[24m/fesm2022/_debug_node-chunk.mjs:570:7)
[client]     at callHooks (file:///C:/Users/USER/kraak-consulting/node_modules/[4m.pnpm[24m/@angular+core@21.2.12_@angu_a6086666c366d3da7d29af1303169998/node_modules/[4m@angular/core[24m/fesm2022/_debug_node-chunk.mjs:544:9)
[client]     at executeInitAndCheckHooks (file:///C:/Users/USER/kraak-consulting/node_modules/[4m.pnpm[24m/@angular+core@21.2.12_@angu_a6086666c366d3da7d29af1303169998/node_modules/[4m@angular/core[24m/fesm2022/_debug_node-chunk.mjs:513:5)
[client]     at refreshView (file:///C:/Users/USER/kraak-consulting/node_modules/[4m.pnpm[24m/@angular+core@21.2.12_@angu_a6086666c366d3da7d29af1303169998/node_modules/[4m@angular/core[24m/fesm2022/_debug_node-chunk.mjs:5776:11)
[client]     at detectChangesInView (file:///C:/Users/USER/kraak-consulting/node_modules/[4m.pnpm[24m/@angular+core@21.2.12_@angu_a6086666c366d3da7d29af1303169998/node_modules/[4m@angular/core[24m/fesm2022/_debug_node-chunk.mjs:5904:5)
[client] 
[client]  [32m✓[39m [30m[46m web [49m[39m projects/web/src/app/features/admin/ressources/admin-ressources.page.spec.ts [2m([22m[2m14 tests[22m[2m)[22m[33m 4388[2mms[22m[39m
[client]      [33m[2m✓[22m[39m Given the admin ressources page When it is created Then the instance exists [33m 557[2mms[22m[39m
[client]      [33m[2m✓[22m[39m Given the admin ressources page When it renders Then it shows the page heading [33m 1009[2mms[22m[39m
[client]      [33m[2m✓[22m[39m Given the create button is clicked When the form opens Then it shows the create form [33m 491[2mms[22m[39m
[client]      [33m[2m✓[22m[39m Given an existing ressource When openEditForm is called Then the form is prefilled [33m 373[2mms[22m[39m
[client]      [33m[2m✓[22m[39m Given the form is open When cancelForm is called Then the form is hidden [33m 349[2mms[22m[39m
[client]  [32m✓[39m [30m[46m web [49m[39m projects/web/src/app/shared/participant-nav-cta/participant-nav-cta-link.component.spec.ts [2m([22m[2m4 tests[22m[2m)[22m[33m 343[2mms[22m[39m
[client]  [32m✓[39m [30m[46m web [49m[39m projects/web/src/app/features/admin/programmes/admin-programmes.page.spec.ts [2m([22m[2m14 tests[22m[2m)[22m[33m 4473[2mms[22m[39m
[client]      [33m[2m✓[22m[39m Given the admin programmes page When it is created Then the instance exists [33m 573[2mms[22m[39m
[client]      [33m[2m✓[22m[39m Given the admin programmes page When it renders Then it shows the page heading [33m 1012[2mms[22m[39m
[client]      [33m[2m✓[22m[39m Given the create button is clicked When the form opens Then it shows the create form [33m 485[2mms[22m[39m
[client]      [33m[2m✓[22m[39m Given an existing programme When openEditForm is called Then the form is prefilled [33m 366[2mms[22m[39m
[client]      [33m[2m✓[22m[39m Given the form is open When cancelForm is called Then the form is hidden [33m 398[2mms[22m[39m
[client]  [32m✓[39m [30m[46m web [49m[39m projects/web/src/app/shared/participant-nav-cta/participant-nav-cta.component.spec.ts [2m([22m[2m4 tests[22m[2m)[22m[32m 252[2mms[22m[39m
[client]  [32m✓[39m [30m[46m web [49m[39m projects/web/src/app/app.component.spec.ts [2m([22m[2m3 tests[22m[2m)[22m[33m 970[2mms[22m[39m
[client]      [33m[2m✓[22m[39m should render the app shell with navbar, main, and footer [33m 475[2mms[22m[39m
[client]      [33m[2m✓[22m[39m should expose a skip link and main landmark target for keyboard users [33m 306[2mms[22m[39m
[client]  [32m✓[39m [30m[46m web [49m[39m projects/web/src/app/features/blog/blog.page.spec.ts [2m([22m[2m3 tests[22m[2m)[22m[33m 962[2mms[22m[39m
[client]      [33m[2m✓[22m[39m Given the blog page When the API request is in progress Then it keeps the non-blocking fallback state [33m 510[2mms[22m[39m
[client]      [33m[2m✓[22m[39m Given the blog page When it renders before API data is loaded Then it shows the editorial hero with fallback content [33m 317[2mms[22m[39m
[client]  [32m✓[39m [30m[46m web [49m[39m projects/web/src/app/core/animations/gsap-animations.service.spec.ts [2m([22m[2m20 tests[22m[2m)[22m[33m 455[2mms[22m[39m
[client]  [32m✓[39m [30m[46m web [49m[39m projects/web/src/app/core/auth/web-auth.service.spec.ts [2m([22m[2m21 tests[22m[2m)[22m[33m 403[2mms[22m[39m
[client]  [32m✓[39m [30m[46m web [49m[39m projects/web/src/app/features/home/home.page.spec.ts [2m([22m[2m8 tests[22m[2m)[22m[33m 5570[2mms[22m[39m
[client]      [33m[2m✓[22m[39m Given the home page component When it is created Then the instance exists [33m 810[2mms[22m[39m
[client]      [33m[2m✓[22m[39m Given the home page When it renders Then it shows the consulting hero promise [33m 1355[2mms[22m[39m
[client]      [33m[2m✓[22m[39m Given the home page When it renders Then it shows the primary consulting calls to action [33m 572[2mms[22m[39m
[client]      [33m[2m✓[22m[39m Given the home page When it renders Then it lists the key solutions without collapsing them into one service label [33m 660[2mms[22m[39m
[client]      [33m[2m✓[22m[39m Given the home page When it renders Then it shows a single home-specific FAQ section [33m 627[2mms[22m[39m
[client]      [33m[2m✓[22m[39m Given the home page When it renders Then it exposes proof blocks grounded in KRAAK's real positioning [33m 674[2mms[22m[39m
[client]      [33m[2m✓[22m[39m should render home-specific FAQ section [33m 683[2mms[22m[39m
[client]  [32m✓[39m [30m[46m web [49m[39m projects/web/src/app/shared/cta-banner/cta-banner.component.spec.ts [2m([22m[2m4 tests[22m[2m)[22m[33m 638[2mms[22m[39m
[client]      [33m[2m✓[22m[39m should render a PrimeNG card surface and CTA button [33m 301[2mms[22m[39m
[client]  [32m✓[39m [30m[46m web [49m[39m projects/web/src/app/shared/testimonials/testimonials.component.spec.ts [2m([22m[2m4 tests[22m[2m)[22m[32m 249[2mms[22m[39m
[client]  [32m✓[39m [30m[46m web [49m[39m projects/web/src/app/core/auth/auth.guard.spec.ts [2m([22m[2m11 tests[22m[2m)[22m[32m 222[2mms[22m[39m
[client]  [32m✓[39m [30m[46m web [49m[39m projects/web/src/app/features/support/not-found.page.spec.ts [2m([22m[2m2 tests[22m[2m)[22m[32m 241[2mms[22m[39m
[client]  [32m✓[39m [30m[46m web [49m[39m projects/web/src/app/features/support/unauthorized.page.spec.ts [2m([22m[2m2 tests[22m[2m)[22m[32m 144[2mms[22m[39m
[client]  [32m✓[39m [30m[46m web [49m[39m projects/web/src/app/features/admin/utilisateurs/steps/authorization.page.spec.ts [2m([22m[2m4 tests[22m[2m)[22m[33m 345[2mms[22m[39m
[client]  [32m✓[39m [30m[46m web [49m[39m projects/web/src/app/core/analytics/analytics.service.spec.ts [2m([22m[2m6 tests[22m[2m)[22m[32m 192[2mms[22m[39m
[client]  [32m✓[39m [30m[46m web [49m[39m projects/web/src/app/shared/card/card.component.spec.ts [2m([22m[2m3 tests[22m[2m)[22m[33m 840[2mms[22m[39m
[client]      [33m[2m✓[22m[39m should render a PrimeNG card surface with a PrimeNG action link [33m 673[2mms[22m[39m
[client]  [32m✓[39m [30m[46m web [49m[39m projects/web/src/app/features/admin/utilisateurs/steps/account-status.page.spec.ts [2m([22m[2m4 tests[22m[2m)[22m[33m 392[2mms[22m[39m
[client]  [32m✓[39m [30m[46m web [49m[39m projects/web/src/app/features/admin/utilisateurs/steps/location-information.page.spec.ts [2m([22m[2m3 tests[22m[2m)[22m[32m 291[2mms[22m[39m
[client]  [32m✓[39m [30m[46m web [49m[39m projects/web/src/app/features/admin/utilisateurs/admin-user-create-layout.page.spec.ts [2m([22m[2m4 tests[22m[2m)[22m[32m 194[2mms[22m[39m
[client]  [32m✓[39m [30m[46m web [49m[39m projects/web/src/app/core/ml/ml-runtime.service.spec.ts [2m([22m[2m7 tests[22m[2m)[22m[32m 126[2mms[22m[39m
[client] [90mstderr[2m | projects/web/src/app/features/blog/blog-public.service.spec.ts[2m > [22m[2mBlogPublicService[2m > [22m[2mGiven an API failure, When listing published articles, Then fallback articles are returned
[client] [22m[39m[BlogPublicService] listPublishedArticles fallback {
[client]   error: HttpErrorResponse {
[client]     headers: HttpHeaders {
[client]       headers: Map(0) {},
[client]       normalizedNames: Map(0) {},
[client]       lazyInit: [90mundefined[39m,
[client]       lazyUpdate: [1mnull[22m
[client]     },
[client]     status: [33m500[39m,
[client]     statusText: [32m'Server Error'[39m,
[client]     url: [32m'http://localhost:3000/articles'[39m,
[client]     ok: [33mfalse[39m,
[client]     type: [90mundefined[39m,
[client]     redirected: [90mundefined[39m,
[client]     responseType: [90mundefined[39m,
[client]     name: [32m'HttpErrorResponse'[39m,
[client]     message: [32m'Http failure response for http://localhost:3000/articles: 500 Server Error'[39m,
[client]     error: { message: [32m'error'[39m }
[client]   }
[client] }
[client] 
[client] [90mstderr[2m | projects/web/src/app/features/blog/blog-public.service.spec.ts[2m > [22m[2mBlogPublicService[2m > [22m[2mGiven a missing API article, When loading by slug, Then fallback lookup returns null when slug is unknown
[client] [22m[39m[BlogPublicService] getPublishedArticleBySlug fallback {
[client]   slug: [32m'slug-introuvable'[39m,
[client]   decodedSlug: [32m'slug-introuvable'[39m,
[client]   hasFallback: [33mfalse[39m,
[client]   fallbackCount: [33m3[39m,
[client]   error: HttpErrorResponse {
[client]     headers: HttpHeaders {
[client]       headers: Map(0) {},
[client]       normalizedNames: Map(0) {},
[client]       lazyInit: [90mundefined[39m,
[client]       lazyUpdate: [1mnull[22m
[client]     },
[client]     status: [33m404[39m,
[client]     statusText: [32m'Not Found'[39m,
[client]     url: [32m'http://localhost:3000/articles/slug-introuvable'[39m,
[client]     ok: [33mfalse[39m,
[client]     type: [90mundefined[39m,
[client]     redirected: [90mundefined[39m,
[client]     responseType: [90mundefined[39m,
[client]     name: [32m'HttpErrorResponse'[39m,
[client]     message: [32m'Http failure response for http://localhost:3000/articles/slug-introuvable: 404 Not Found'[39m,
[client]     error: { message: [32m'not found'[39m }
[client]   }
[client] }
[client] 
[client] [90mstderr[2m | projects/web/src/app/features/blog/blog-public.service.spec.ts[2m > [22m[2mBlogPublicService[2m > [22m[2mGiven a malformed encoded slug, When API fails, Then fallback lookup does not throw and returns null
[client] [22m[39m[BlogPublicService] getPublishedArticleBySlug fallback {
[client]   slug: [32m'%'[39m,
[client]   decodedSlug: [32m'%'[39m,
[client]   hasFallback: [33mfalse[39m,
[client]   fallbackCount: [33m3[39m,
[client]   error: HttpErrorResponse {
[client]     headers: HttpHeaders {
[client]       headers: Map(0) {},
[client]       normalizedNames: Map(0) {},
[client]       lazyInit: [90mundefined[39m,
[client]       lazyUpdate: [1mnull[22m
[client]     },
[client]     status: [33m404[39m,
[client]     statusText: [32m'Not Found'[39m,
[client]     url: [32m'http://localhost:3000/articles/%'[39m,
[client]     ok: [33mfalse[39m,
[client]     type: [90mundefined[39m,
[client]     redirected: [90mundefined[39m,
[client]     responseType: [90mundefined[39m,
[client]     name: [32m'HttpErrorResponse'[39m,
[client]     message: [32m'Http failure response for http://localhost:3000/articles/%: 404 Not Found'[39m,
[client]     error: { message: [32m'not found'[39m }
[client]   }
[client] }
[client] 
[client]  [32m✓[39m [30m[46m web [49m[39m projects/web/src/app/features/admin/dashboard/dashboard.page.spec.ts [2m([22m[2m2 tests[22m[2m)[22m[32m 178[2mms[22m[39m
[client]  [32m✓[39m [30m[46m web [49m[39m projects/web/src/app/features/admin/utilisateurs/steps/business-information.page.spec.ts [2m([22m[2m4 tests[22m[2m)[22m[32m 239[2mms[22m[39m
[client]  [32m✓[39m [30m[46m web [49m[39m projects/web/src/app/features/blog/blog-public.service.spec.ts [2m([22m[2m4 tests[22m[2m)[22m[32m 78[2mms[22m[39m
[client]  [32m✓[39m [30m[46m web [49m[39m projects/web/src/app/features/admin/utilisateurs/steps/basic-information.page.spec.ts [2m([22m[2m3 tests[22m[2m)[22m[32m 234[2mms[22m[39m
[client]  [32m✓[39m [30m[46m web [49m[39m projects/web/src/app/features/admin/utilisateurs/admin-user-list.page.spec.ts [2m([22m[2m4 tests[22m[2m)[22m[32m 162[2mms[22m[39m
[client]  [32m✓[39m [30m[46m web [49m[39m projects/web/src/app/shared/home-preview-sections/home-preview-sections.component.spec.ts [2m([22m[2m1 test[22m[2m)[22m[32m 139[2mms[22m[39m
[client]  [32m✓[39m [30m[46m web [49m[39m projects/web/src/app/shared/team-grid/team-grid.component.spec.ts [2m([22m[2m2 tests[22m[2m)[22m[32m 81[2mms[22m[39m
[client]  [32m✓[39m [30m[46m web [49m[39m projects/web/src/app/features/admin/utilisateurs/user-form-state.service.spec.ts [2m([22m[2m8 tests[22m[2m)[22m[32m 89[2mms[22m[39m
[client]  [32m✓[39m [30m[46m web [49m[39m projects/web/src/app/features/support/server-error.page.spec.ts [2m([22m[2m2 tests[22m[2m)[22m[32m 127[2mms[22m[39m
[client]  [32m✓[39m [30m[46m web [49m[39m projects/web/src/app/features/auth/password-reset.page.spec.ts [2m([22m[2m2 tests[22m[2m)[22m[32m 141[2mms[22m[39m
[client]  [32m✓[39m [30m[46m web [49m[39m projects/web/src/app/shared/team-grid/team-grid.spec.ts [2m([22m[2m2 tests[22m[2m)[22m[32m 124[2mms[22m[39m
[client]  [32m✓[39m [30m[46m web [49m[39m projects/web/src/app/shared/section/section.component.spec.ts [2m([22m[2m3 tests[22m[2m)[22m[32m 99[2mms[22m[39m
[client]  [32m✓[39m [30m[46m web [49m[39m projects/web/src/app/shared/impact-stats/impact-stats.component.spec.ts [2m([22m[2m3 tests[22m[2m)[22m[32m 88[2mms[22m[39m
[client]  [32m✓[39m [30m[46m web [49m[39m projects/web/src/app/shared/impact-stats/impact-stats.spec.ts [2m([22m[2m3 tests[22m[2m)[22m[32m 79[2mms[22m[39m
[client]  [32m✓[39m [30m[46m web [49m[39m projects/web/src/app/core/runtime/runtime-config.spec.ts [2m([22m[2m9 tests[22m[2m)[22m[32m 19[2mms[22m[39m
[client]  [32m✓[39m [30m[46m web [49m[39m projects/web/src/app/shared/about-preview-sections/about-preview-sections.component.spec.ts [2m([22m[2m1 test[22m[2m)[22m[32m 65[2mms[22m[39m
[client]  [32m✓[39m [30m[46m web [49m[39m projects/web/src/app/seo/site-seo.spec.ts [2m([22m[2m9 tests[22m[2m)[22m[32m 21[2mms[22m[39m
[client]  [32m✓[39m [30m[46m web [49m[39m projects/web/src/app/shared/about-preview-sections/about-preview-sections.prod.component.spec.ts [2m([22m[2m1 test[22m[2m)[22m[32m 19[2mms[22m[39m
[client]  [32m✓[39m [30m[46m web [49m[39m projects/web/src/app/shared/badge/badge.component.spec.ts [2m([22m[2m1 test[22m[2m)[22m[32m 95[2mms[22m[39m
[client]  [32m✓[39m [30m[46m web [49m[39m projects/web/src/app/shared/home-preview-sections/home-preview-sections.prod.component.spec.ts [2m([22m[2m1 test[22m[2m)[22m[32m 17[2mms[22m[39m
[client]  [32m✓[39m [30m[46m web [49m[39m projects/web/src/app/core/error-handler/kraak-error-handler.spec.ts [2m([22m[2m2 tests[22m[2m)[22m[32m 9[2mms[22m[39m
[client]  [32m✓[39m [30m[46m web [49m[39m projects/web/src/app/shared/participant-nav-cta/participant-nav-cta.prod.component.spec.ts [2m([22m[2m1 test[22m[2m)[22m[32m 29[2mms[22m[39m
[client]  [32m✓[39m [30m[46m web [49m[39m projects/web/src/ssr-path.spec.ts [2m([22m[2m2 tests[22m[2m)[22m[32m 2[2mms[22m[39m
[client]  [32m✓[39m [30m[46m web [49m[39m projects/web/src/app/admin-area.routes.spec.ts [2m([22m[2m2 tests[22m[2m)[22m[32m 3[2mms[22m[39m
[client]  [32m✓[39m [30m[46m web [49m[39m projects/web/src/app/app.routes.server.spec.ts [2m([22m[2m7 tests[22m[2m)[22m[32m 11[2mms[22m[39m
[client]  [32m✓[39m [30m[46m web [49m[39m projects/web/src/app/features/resources/resources.page.spec.ts [2m([22m[2m3 tests[22m[2m)[22m[33m 12479[2mms[22m[39m
[client]      [33m[2m✓[22m[39m Given the resources page When the component is created Then the instance exists [33m 5624[2mms[22m[39m
[client]      [33m[2m✓[22m[39m Given the resources page When it renders Then it states that the route is an orientation page and not a news hub [33m 4217[2mms[22m[39m
[client]      [33m[2m✓[22m[39m Given the resources page When it renders Then it keeps the four orientation pillars visible [33m 2626[2mms[22m[39m
[client]  [32m✓[39m [30m[46m web [49m[39m projects/web/src/app/features/programs/programs.page.spec.ts [2m([22m[2m4 tests[22m[2m)[22m[33m 13885[2mms[22m[39m
[client]      [33m[2m✓[22m[39m Given the Programs page route, when the component initializes, then the page instance is created [33m 589[2mms[22m[39m
[client]      [33m[2m✓[22m[39m Given the Programs page, when the view is rendered, then the heading and key program cards are visible [33m 6423[2mms[22m[39m
[client]      [33m[2m✓[22m[39m Given the registration process section, when the Programs page is rendered, then the four expected steps are displayed in order [33m 4259[2mms[22m[39m
[client]      [33m[2m✓[22m[39m Given the Programs page CTA, when a visitor reaches the end of the page, then the registration call-to-action points to contact [33m 2600[2mms[22m[39m
[client]  [32m✓[39m [30m[46m web [49m[39m projects/web/src/app/features/about/about.page.spec.ts [2m([22m[2m5 tests[22m[2m)[22m[33m 15685[2mms[22m[39m
[client]      [33m[2m✓[22m[39m Given the about page component When it is created Then the instance exists [33m 685[2mms[22m[39m
[client]      [33m[2m✓[22m[39m Given the about page When it renders Then it shows the page heading [33m 6494[2mms[22m[39m
[client]      [33m[2m✓[22m[39m Given the about page When it renders Then it shows the mission, intervention levels and values [33m 4234[2mms[22m[39m
[client]      [33m[2m✓[22m[39m Given the about page When it renders Then it shows real organizational proof instead of a generic team preview [33m 2542[2mms[22m[39m
[client]      [33m[2m✓[22m[39m should render the team preview section [33m 1715[2mms[22m[39m
[client]  [32m✓[39m [30m[46m web [49m[39m projects/web/src/app/features/services/services.page.spec.ts [2m([22m[2m5 tests[22m[2m)[22m[33m 20552[2mms[22m[39m
[client]      [33m[2m✓[22m[39m Given the services page When the component is created Then the instance exists [33m 847[2mms[22m[39m
[client]      [33m[2m✓[22m[39m Given the services page When it renders Then the page heading is visible [33m 8505[2mms[22m[39m
[client]      [33m[2m✓[22m[39m Given the services page When it renders Then the four consulting service families are visible [33m 4665[2mms[22m[39m
[client]      [33m[2m✓[22m[39m Given the services page When it renders Then it shows a single service-specific FAQ section [33m 2933[2mms[22m[39m
[client]      [33m[2m✓[22m[39m should render service-specific FAQ section [33m 3589[2mms[22m[39m
[client] [90mstdout[2m | projects/web/src/app/features/contact/contact.page.spec.ts[2m > [22m[2mContactPage[2m > [22m[2mGiven un formulaire valide When l'API renvoie des erreurs de validation Then elles sont affichees dans la page
[client] [22m[39m[Debug] web.contact.submit
[client]   Contexte : { route: [32m'/contact'[39m, status: [33m400[39m, apiErrorCount: [33m2[39m }
[client] 
[client] [90mstdout[2m | projects/web/src/app/features/contact/contact.page.spec.ts[2m > [22m[2mContactPage[2m > [22m[2mGiven l'API indique une panne de livraison When la soumission echoue Then les canaux directs sont affiches
[client] [22m[39m[Debug] web.contact.submit
[client]   Contexte : { route: [32m'/contact'[39m, status: [33m500[39m, apiErrorCount: [33m1[39m }
[client] 
[client] [90mstdout[2m | projects/web/src/app/features/contact/contact.page.spec.ts[2m > [22m[2mContactPage[2m > [22m[2mGiven un formulaire valide When l'API renvoie une erreur non structuree Then le message generique est affiche
[client] [22m[39m[Debug] web.contact.submit
[client]   Contexte : { route: [32m'/contact'[39m, status: [33m500[39m, apiErrorCount: [33m1[39m }
[client] 
[client] [90mstdout[2m | projects/web/src/app/features/contact/contact.page.spec.ts[2m > [22m[2mContactPage[2m > [22m[2mdevrait afficher le message générique si la réponse erreur ne contient pas de tableau errors
[client] [22m[39m[Debug] web.contact.submit
[client]   Contexte : { route: [32m'/contact'[39m, status: [33m500[39m, apiErrorCount: [33m1[39m }
[client] 
[client]  [32m✓[39m [30m[46m web [49m[39m projects/web/src/app/features/contact/contact.page.spec.ts [2m([22m[2m21 tests[22m[2m)[22m[33m 31289[2mms[22m[39m
[client]      [33m[2m✓[22m[39m Given la page de contact When le composant est instancie Then il se cree sans erreur [33m 731[2mms[22m[39m
[client]      [33m[2m✓[22m[39m Given la page de contact When le contenu est rendu Then le titre principal est visible [33m 5416[2mms[22m[39m
[client]      [33m[2m✓[22m[39m Given la page de contact When le formulaire est rendu Then tous les champs requis sont presents [33m 3285[2mms[22m[39m
[client]      [33m[2m✓[22m[39m Given la page de contact When le bloc de contact est rendu Then une action WhatsApp visible est presente [33m 2342[2mms[22m[39m
[client]      [33m[2m✓[22m[39m Given la page de contact When le lien WhatsApp direct est clique Then un evenement WhatsApp public est envoye [33m 1332[2mms[22m[39m
[client]      [33m[2m✓[22m[39m Given la page de contact When le lien e-mail direct est clique Then un evenement e-mail public est envoye [33m 1214[2mms[22m[39m
[client]      [33m[2m✓[22m[39m Given la page de contact When les coordonnees sont rendues Then le numero public utilise un lien tel explicite [33m 1265[2mms[22m[39m
[client]      [33m[2m✓[22m[39m Given la page de contact When le bloc de contact est rendu Then les boutons sociaux sont plus visibles [33m 1324[2mms[22m[39m
[client]      [33m[2m✓[22m[39m Given the contact page When it renders Then it does not duplicate the dedicated FAQ route content [33m 1631[2mms[22m[39m
[client]      [33m[2m✓[22m[39m Given un formulaire vide When la soumission est declenchee Then le formulaire devient invalide [33m 1810[2mms[22m[39m
[client]      [33m[2m✓[22m[39m Given le formulaire de contact When tous les champs valides sont renseignes Then le formulaire devient valide [33m 1388[2mms[22m[39m
[client]      [33m[2m✓[22m[39m Given la page de contact When le type de service est choisi Then le workflow de triage est rendu [33m 1442[2mms[22m[39m
[client]      [33m[2m✓[22m[39m Given un formulaire valide When la soumission reussit Then un retour de succes est affiche [33m 1589[2mms[22m[39m
[client]      [33m[2m✓[22m[39m Given un succes precedent When une nouvelle soumission commence Then success repasse immediatement a false [33m 1474[2mms[22m[39m
[client]      [33m[2m✓[22m[39m Given un formulaire valide When l'API renvoie des erreurs de validation Then elles sont affichees dans la page [33m 1591[2mms[22m[39m
[client]      [33m[2m✓[22m[39m Given l'API indique une panne de livraison When la soumission echoue Then les canaux directs sont affiches [33m 1119[2mms[22m[39m
[client]      [33m[2m✓[22m[39m Given un formulaire valide When l'API renvoie une erreur non structuree Then le message generique est affiche [33m 1096[2mms[22m[39m
[client]      [33m[2m✓[22m[39m devrait afficher le message générique si la réponse erreur ne contient pas de tableau errors [33m 1073[2mms[22m[39m
[client] 
[client] [2m Test Files [22m [1m[32m66 passed[39m[22m[90m (66)[39m
[client] [2m      Tests [22m [1m[32m385 passed[39m[22m[90m (385)[39m
[client] [2m   Start at [22m 12:18:37
[client] [2m   Duration [22m 64.55s[2m (transform 12.80s, setup 29.28s, import 74.54s, tests 140.47s, environment 301.82s)[22m
[client] 
[client] [34m % [39m[2mCoverage report from [22m[33mv8[39m
[client] -------------------|---------|----------|---------|---------|-------------------
[client] File               | % Stmts | % Branch | % Funcs | % Lines | Uncovered Line #s 
[client] -------------------|---------|----------|---------|---------|-------------------
[client] All files          |   87.74 |    82.09 |   69.31 |   88.41 |                   
[client]  src               |   84.61 |    78.26 |     100 |      84 |                   
[client]   ssr-path.ts      |   84.61 |    78.26 |     100 |      84 | 22,39,53,70       
[client]  src/app           |   89.55 |    95.23 |   82.35 |   88.33 |                   
[client]   ...rea.routes.ts |   57.14 |      100 |      40 |      50 | 24-36             
[client]   ...omponent.html |     100 |      100 |     100 |     100 |                   
[client]   app.component.ts |   72.72 |    92.85 |      50 |   57.14 | 21,26-29          
[client]   ...tes.server.ts |     100 |      100 |     100 |     100 |                   
[client]   app.routes.ts    |     100 |      100 |     100 |     100 |                   
[client]   ...rea.routes.ts |   83.33 |      100 |      80 |   83.33 | 9                 
[client]  ...core/analytics |   95.65 |    83.33 |     100 |   95.34 |                   
[client]   ...cs.service.ts |   95.65 |    83.33 |     100 |   95.34 | 58,70             
[client]  ...ore/animations |   58.46 |    72.88 |   52.72 |   57.93 |                   
[client]   ...ns.service.ts |   58.46 |    72.88 |   52.72 |   57.93 | ...45,463-479,500 
[client]  src/app/core/auth |     100 |      100 |     100 |     100 |                   
[client]   auth.guard.ts    |     100 |      100 |     100 |     100 |                   
[client]   ...th.service.ts |     100 |      100 |     100 |     100 |                   
[client]  .../error-handler |   95.23 |    91.66 |     100 |   95.23 |                   
[client]   ...or-handler.ts |   95.23 |    91.66 |     100 |   95.23 | 36                
[client]  src/app/core/ml   |   93.87 |    77.77 |     100 |   93.47 |                   
[client]   ...me.service.ts |   93.47 |    77.77 |     100 |   93.02 | 71,77,89          
[client]   tfjs-config.ts   |     100 |      100 |     100 |     100 |                   
[client]  ...p/core/runtime |     100 |      100 |     100 |     100 |                   
[client]   ...ime-config.ts |     100 |      100 |     100 |     100 |                   
[client]  ...features/about |     100 |      100 |     100 |     100 |                   
[client]   about.page.html  |     100 |      100 |     100 |     100 |                   
[client]   about.page.ts    |     100 |      100 |     100 |     100 |                   
[client]  ...dmin/dashboard |     100 |    91.66 |     100 |     100 |                   
[client]   ...ard.page.html |     100 |      100 |     100 |     100 |                   
[client]   ...board.page.ts |     100 |    91.66 |     100 |     100 | 65                
[client]  ...min/programmes |   87.55 |       92 |   68.18 |   91.25 |                   
[client]   ...mes.page.html |   83.22 |     90.9 |       0 |   88.28 | ...18,239,295,306 
[client]   ...ammes.page.ts |   96.25 |    92.85 |   93.75 |   95.83 | 42,217-221        
[client]  ...min/ressources |   91.49 |       85 |   66.66 |   93.98 |                   
[client]   ...ces.page.html |   88.95 |    88.88 |       0 |   92.52 | ...16,237,294,305 
[client]   ...urces.page.ts |   96.42 |    83.33 |   93.33 |   96.05 | 64,260-264        
[client]  ...n/utilisateurs |   29.54 |    45.13 |      25 |    29.9 |                   
[client]   ...out.page.html |   52.63 |        0 |       0 |   57.44 | ...-78,96,106-113 
[client]   ...ayout.page.ts |   57.14 |    55.55 |    37.5 |   54.05 | ...-84,97,111-133 
[client]   ...ist.page.html |   10.44 |        0 |       0 |   10.84 | ...65-193,201-380 
[client]   ...-list.page.ts |    32.5 |    65.78 |   21.05 |   31.88 | 31,62-80,89-169   
[client]   ...te.service.ts |     100 |      100 |     100 |     100 |                   
[client]  ...isateurs/steps |   78.78 |    48.48 |   24.24 |   82.16 |                   
[client]   ...tus.page.html |   77.14 |        0 |       0 |   79.66 | ...,86,99,109-114 
[client]   ...tatus.page.ts |   72.97 |       60 |   66.66 |   69.69 | 29,51-52,64,78-90 
[client]   ...ion.page.html |   77.08 |        0 |       0 |   89.18 | 26,30-31,45       
[client]   ...ation.page.ts |   78.94 |       90 |      60 |   73.33 | 43-51             
[client]   ...ion.page.html |   82.14 |        0 |       0 |   86.48 | 24,41,59,79,91    
[client]   ...ation.page.ts |   89.47 |       90 |      75 |   86.66 | 42-43             
[client]   ...ion.page.html |      75 |        0 |       0 |   85.36 | 23,29-30,44,58,74 
[client]   ...ation.page.ts |   80.95 |       90 |      60 |   76.47 | 48-54             
[client]   ...ion.page.html |   80.32 |        0 |       0 |    87.8 | 23,37,52,66,80    
[client]   ...ation.page.ts |    82.6 |       90 |      60 |   78.94 | 45-53             
[client]  .../features/auth |    84.3 |    68.42 |   76.92 |   85.03 |                   
[client]   ...form.utils.ts |     100 |    66.66 |     100 |     100 | 16-27             
[client]   ...set.page.html |      60 |        0 |       0 |   63.63 | 19,39-42,46-58,68 
[client]   ...reset.page.ts |   88.46 |    88.23 |     100 |   86.36 | 53,79-82          
[client]   ...-in.page.html |   90.78 |      100 |       0 |   91.89 | 120-122,144-146   
[client]   sign-in.page.ts  |     100 |      100 |     100 |     100 |                   
[client]   ...-up.page.html |   76.34 |        0 |       0 |   77.77 | ...92,196-208,218 
[client]   sign-up.page.ts  |     100 |    95.23 |     100 |     100 | 37                
[client]  .../features/blog |   89.67 |    80.51 |   84.12 |   89.44 |                   
[client]   ...cle.page.html |    87.5 |       50 |     100 |   86.73 | 176-205           
[client]   ...ticle.page.ts |     100 |     92.3 |     100 |     100 | 61,133            
[client]   ...ic.service.ts |      90 |      100 |    87.5 |   88.88 | 30,37,60          
[client]   blog.data.ts     |   86.07 |    78.87 |   95.83 |   85.71 | ...68,374,441-444 
[client]   blog.page.html   |    92.1 |    66.66 |       0 |   93.54 | ...06,173,184,201 
[client]   blog.page.ts     |      80 |    63.15 |   64.28 |    77.5 | 64,78-91,108-110  
[client]  ...atures/contact |   98.08 |    93.75 |      96 |   98.07 |                   
[client]   ...act.page.html |   97.86 |    95.83 |       0 |   97.87 | 262,301,341,488   
[client]   contact.page.ts  |   98.63 |    91.42 |     100 |   98.52 | 272               
[client]   ...ct.service.ts |     100 |      100 |     100 |     100 |                   
[client]  .../features/home |     100 |      100 |     100 |     100 |                   
[client]   home.page.html   |     100 |      100 |     100 |     100 |                   
[client]   home.page.ts     |     100 |      100 |     100 |     100 |                   
[client]  ...features/legal |     100 |      100 |     100 |     100 |                   
[client]   ...les.page.html |     100 |      100 |     100 |     100 |                   
[client]   ...gales.page.ts |     100 |      100 |     100 |     100 |                   
[client]   ...ite.page.html |     100 |      100 |     100 |     100 |                   
[client]   ...alite.page.ts |     100 |      100 |     100 |     100 |                   
[client]  ...pant/dashboard |   99.57 |    94.64 |   94.73 |   99.54 |                   
[client]   ...ard.page.html |     100 |      100 |     100 |     100 |                   
[client]   ...board.page.ts |   98.21 |    91.66 |   94.44 |   98.07 | 61                
[client]  ...tures/programs |     100 |      100 |     100 |     100 |                   
[client]   ...ams.page.html |     100 |      100 |     100 |     100 |                   
[client]   programs.page.ts |     100 |      100 |     100 |     100 |                   
[client]  ...ures/resources |     100 |      100 |     100 |     100 |                   
[client]   ...ces.page.html |     100 |      100 |     100 |     100 |                   
[client]   ...urces.page.ts |     100 |      100 |     100 |     100 |                   
[client]  ...tures/services |     100 |      100 |     100 |     100 |                   
[client]   ...ces.page.html |     100 |      100 |     100 |     100 |                   
[client]   services.page.ts |     100 |      100 |     100 |     100 |                   
[client]  ...atures/support |     100 |      100 |     100 |     100 |                   
[client]   faq.page.html    |     100 |      100 |     100 |     100 |                   
[client]   faq.page.ts      |     100 |      100 |     100 |     100 |                   
[client]   ...den.page.html |     100 |      100 |     100 |     100 |                   
[client]   ...idden.page.ts |     100 |      100 |     100 |     100 |                   
[client]   ...und.page.html |     100 |      100 |     100 |     100 |                   
[client]   ...found.page.ts |     100 |      100 |     100 |     100 |                   
[client]   ...ror.page.html |     100 |      100 |     100 |     100 |                   
[client]   ...error.page.ts |     100 |      100 |     100 |     100 |                   
[client]   ...zed.page.html |     100 |      100 |     100 |     100 |                   
[client]   ...rized.page.ts |     100 |      100 |     100 |     100 |                   
[client]  ...layouts/footer |     100 |      100 |     100 |     100 |                   
[client]   ...omponent.html |     100 |      100 |     100 |     100 |                   
[client]   ....component.ts |     100 |      100 |     100 |     100 |                   
[client]  ...layouts/navbar |      80 |     92.3 |    12.5 |   88.46 |                   
[client]   ...omponent.html |   83.33 |       50 |       0 |   95.23 | 46                
[client]   ....component.ts |      70 |      100 |      25 |      60 | 30-34             
[client]  src/app/seo       |     100 |      100 |     100 |     100 |                   
[client]   ...ap-pages.json |     100 |      100 |     100 |     100 |                   
[client]   seo.service.ts   |     100 |      100 |     100 |     100 |                   
[client]   site-seo.json    |     100 |      100 |     100 |     100 |                   
[client]   site-seo.ts      |     100 |      100 |     100 |     100 |                   
[client]  ...eview-sections |     100 |      100 |     100 |     100 |                   
[client]   ...omponent.html |     100 |      100 |     100 |     100 |                   
[client]   ....component.ts |     100 |      100 |     100 |     100 |                   
[client]   ....component.ts |     100 |      100 |     100 |     100 |                   
[client]  ...ared/analytics |    92.3 |    88.88 |     100 |    87.5 |                   
[client]   ....directive.ts |    92.3 |    88.88 |     100 |    87.5 | 22                
[client]  ...p/shared/badge |     100 |      100 |     100 |     100 |                   
[client]   ...omponent.html |     100 |      100 |     100 |     100 |                   
[client]   ....component.ts |     100 |      100 |     100 |     100 |                   
[client]  ...p/shared/brand |     100 |      100 |     100 |     100 |                   
[client]   ...-constants.ts |     100 |      100 |     100 |     100 |                   
[client]  ...pp/shared/card |     100 |      100 |     100 |     100 |                   
[client]   ...omponent.html |     100 |      100 |     100 |     100 |                   
[client]   ....component.ts |     100 |      100 |     100 |     100 |                   
[client]  ...red/cta-banner |   94.11 |      100 |      75 |   96.55 |                   
[client]   ...omponent.html |   89.47 |      100 |       0 |   94.44 | 32                
[client]   ....component.ts |     100 |      100 |     100 |     100 |                   
[client]  ...ading-partners |     100 |      100 |     100 |     100 |                   
[client]   ...omponent.html |     100 |      100 |     100 |     100 |                   
[client]   ....component.ts |     100 |      100 |     100 |     100 |                   
[client]   ...partners.html |     100 |      100 |     100 |     100 |                   
[client]   ...g-partners.ts |     100 |      100 |     100 |     100 |                   
[client]  .../faq-accordion |     100 |      100 |     100 |     100 |                   
[client]   ...omponent.html |     100 |      100 |     100 |     100 |                   
[client]   ....component.ts |     100 |      100 |     100 |     100 |                   
[client]  ...eview-sections |     100 |      100 |     100 |     100 |                   
[client]   ...omponent.html |     100 |      100 |     100 |     100 |                   
[client]   ....component.ts |     100 |      100 |     100 |     100 |                   
[client]   ....component.ts |     100 |      100 |     100 |     100 |                   
[client]  ...d/impact-stats |     100 |      100 |     100 |     100 |                   
[client]   ...omponent.html |     100 |      100 |     100 |     100 |                   
[client]   ....component.ts |     100 |      100 |     100 |     100 |                   
[client]   ...ct-stats.html |     100 |      100 |     100 |     100 |                   
[client]   impact-stats.ts  |     100 |      100 |     100 |     100 |                   
[client]  ...cipant-nav-cta |   96.55 |      100 |    87.5 |   93.75 |                   
[client]   ...omponent.html |     100 |      100 |     100 |     100 |                   
[client]   ....component.ts |     100 |      100 |     100 |     100 |                   
[client]   ...omponent.html |     100 |      100 |     100 |     100 |                   
[client]   ....component.ts |     100 |      100 |     100 |     100 |                   
[client]   ....component.ts |      80 |      100 |      50 |   66.66 | 12                
[client]  .../scroll-to-top |   89.47 |     87.5 |   85.71 |    91.3 |                   
[client]   ...omponent.html |   83.33 |      100 |       0 |     100 |                   
[client]   ....component.ts |    91.3 |       90 |     100 |   89.47 | 26,48             
[client]   ...l-to-top.html |   85.71 |      100 |       0 |     100 |                   
[client]   scroll-to-top.ts |   90.47 |       85 |     100 |    87.5 | 27,47             
[client]  ...shared/section |     100 |       95 |     100 |     100 |                   
[client]   ...omponent.html |     100 |       75 |     100 |     100 | 3                 
[client]   ....component.ts |     100 |      100 |     100 |     100 |                   
[client]  ...ared/team-grid |   97.67 |     90.9 |     100 |   97.14 |                   
[client]   ...omponent.html |     100 |       75 |     100 |     100 | 5                 
[client]   ....component.ts |   93.75 |    94.44 |     100 |   91.66 | 99                
[client]   team-grid.html   |     100 |       75 |     100 |     100 | 5                 
[client]   team-grid.ts     |   93.75 |    94.44 |     100 |   91.66 | 110               
[client]  ...d/testimonials |   73.68 |    69.69 |   66.66 |   73.07 |                   
[client]   ...omponent.html |   89.47 |      100 |       0 |   93.75 | 29,90             
[client]   ....component.ts |   65.78 |    67.74 |      80 |   63.88 | ...71,177,193-206 
[client]  src/environments  |     100 |       80 |     100 |     100 |                   
[client]   ...ment.local.ts |     100 |       80 |     100 |     100 | 3                 
[client] -------------------|---------|----------|---------|---------|-------------------
[client] Using Vitest configuration file: C:\Users\USER\kraak-consulting\apps\client\projects\mobile\vitest.config.ts
[client] [33m❯[39m Building...
[client] [32m✔[39m Building...
[client] [1mInitial chunk files[22m                                        [2m | [22m[1mNames[22m                                                   [2m | [22m [1mRaw size[22m
[client] [32mstyles.css[39m                                                 [2m | [22m[2mstyles[22m                                                  [2m | [22m[36m169.63 kB[39m[2m | [22m
[client] [32mchunk-2G2XQKBT.js[39m                                          [2m | [22m[2m-[22m                                                       [2m | [22m [36m28.61 kB[39m[2m | [22m
[client] [32mspec-app-core-mobile-push-notifications.service.js[39m         [2m | [22m[2mspec-app-core-mobile-push-notifications.service[22m         [2m | [22m [36m25.25 kB[39m[2m | [22m
[client] [32mchunk-UWHG724Z.js[39m                                          [2m | [22m[2m-[22m                                                       [2m | [22m [36m24.88 kB[39m[2m | [22m
[client] [32mchunk-DLEP4GKA.js[39m                                          [2m | [22m[2m-[22m                                                       [2m | [22m [36m24.24 kB[39m[2m | [22m
[client] [32mchunk-JDQP7G2P.js[39m                                          [2m | [22m[2m-[22m                                                       [2m | [22m [36m20.65 kB[39m[2m | [22m
[client] [32mchunk-NPNGJJRF.js[39m                                          [2m | [22m[2m-[22m                                                       [2m | [22m [36m18.24 kB[39m[2m | [22m
[client] [32mchunk-ADAE6FCY.js[39m                                          [2m | [22m[2m-[22m                                                       [2m | [22m [36m15.57 kB[39m[2m | [22m
[client] [32mspec-app-features-auth-mobile-auth.service.js[39m              [2m | [22m[2mspec-app-features-auth-mobile-auth.service[22m              [2m | [22m [36m15.24 kB[39m[2m | [22m
[client] [32mchunk-2B2DGS72.js[39m                                          [2m | [22m[2m-[22m                                                       [2m | [22m [36m13.52 kB[39m[2m | [22m
[client] [32mchunk-VQCIR4KG.js[39m                                          [2m | [22m[2m-[22m                                                       [2m | [22m [36m12.98 kB[39m[2m | [22m
[client] [32mchunk-ZS3NY3G5.js[39m                                          [2m | [22m[2m-[22m                                                       [2m | [22m [36m11.67 kB[39m[2m | [22m
[client] [32mspec-app-features-support-support-request.page.js[39m          [2m | [22m[2mspec-app-features-support-support-request.page[22m          [2m | [22m [36m11.09 kB[39m[2m | [22m
[client] [32mchunk-23A6VW3X.js[39m                                          [2m | [22m[2m-[22m                                                       [2m | [22m [36m10.87 kB[39m[2m | [22m
[client] [32mchunk-AAISWDX5.js[39m                                          [2m | [22m[2m-[22m                                                       [2m | [22m [36m10.59 kB[39m[2m | [22m
[client] [32mspec-app-features-dashboard-home.page.js[39m                   [2m | [22m[2mspec-app-features-dashboard-home.page[22m                   [2m | [22m  [36m9.99 kB[39m[2m | [22m
[client] [32mchunk-NGQI5RIT.js[39m                                          [2m | [22m[2m-[22m                                                       [2m | [22m  [36m9.62 kB[39m[2m | [22m
[client] [32mspec-app-features-resources-resource-list.page.js[39m          [2m | [22m[2mspec-app-features-resources-resource-list.page[22m          [2m | [22m  [36m9.21 kB[39m[2m | [22m
[client] [32mspec-app-features-programs-program-detail.page.js[39m          [2m | [22m[2mspec-app-features-programs-program-detail.page[22m          [2m | [22m  [36m8.85 kB[39m[2m | [22m
[client] [32mspec-app-features-programs-session-detail.page.js[39m          [2m | [22m[2mspec-app-features-programs-session-detail.page[22m          [2m | [22m  [36m8.68 kB[39m[2m | [22m
[client] [32mchunk-V2BOPZ7A.js[39m                                          [2m | [22m[2m-[22m                                                       [2m | [22m  [36m8.41 kB[39m[2m | [22m
[client] [32mspec-app-core-auth-auth.guard.js[39m                           [2m | [22m[2mspec-app-core-auth-auth.guard[22m                           [2m | [22m  [36m7.79 kB[39m[2m | [22m
[client] [32mspec-app-features-announcements-announcement-list.page.js[39m  [2m | [22m[2mspec-app-features-announcements-announcement-list.page[22m  [2m | [22m  [36m7.22 kB[39m[2m | [22m
[client] [32mspec-app-features-announcements-announcement-detail.page.js[39m[2m | [22m[2mspec-app-features-announcements-announcement-detail.page[22m[2m | [22m  [36m7.16 kB[39m[2m | [22m
[client] [32mchunk-RLOQMF2Z.js[39m                                          [2m | [22m[2m-[22m                                                       [2m | [22m  [36m6.05 kB[39m[2m | [22m
[client] [32mspec-app-features-resources-resource-detail.page.js[39m        [2m | [22m[2mspec-app-features-resources-resource-detail.page[22m        [2m | [22m  [36m6.03 kB[39m[2m | [22m
[client] [32mspec-app-features-auth-sign-up.page.js[39m                     [2m | [22m[2mspec-app-features-auth-sign-up.page[22m                     [2m | [22m  [36m5.66 kB[39m[2m | [22m
[client] [32mspec-app-features-programs-mobile-programs.service.js[39m      [2m | [22m[2mspec-app-features-programs-mobile-programs.service[22m      [2m | [22m  [36m4.94 kB[39m[2m | [22m
[client] [32mspec-app-shared-ui-section-title-section-title.component.js[39m[2m | [22m[2mspec-app-shared-ui-section-title-section-title.component[22m[2m | [22m  [36m4.86 kB[39m[2m | [22m
[client] [32mchunk-RWT7E5I6.js[39m                                          [2m | [22m[2m-[22m                                                       [2m | [22m  [36m4.85 kB[39m[2m | [22m
[client] [32mchunk-RSTWSNOR.js[39m                                          [2m | [22m[2m-[22m                                                       [2m | [22m  [36m4.75 kB[39m[2m | [22m
[client] [32mspec-app-app.routes.js[39m                                     [2m | [22m[2mspec-app-app.routes[22m                                     [2m | [22m  [36m4.13 kB[39m[2m | [22m
[client] [32mchunk-NMAUHUOL.js[39m                                          [2m | [22m[2m-[22m                                                       [2m | [22m  [36m4.08 kB[39m[2m | [22m
[client] [32mspec-app-features-auth-password-reset.page.js[39m              [2m | [22m[2mspec-app-features-auth-password-reset.page[22m              [2m | [22m  [36m3.82 kB[39m[2m | [22m
[client] [32mspec-app-features-resources-mobile-resources.service.js[39m    [2m | [22m[2mspec-app-features-resources-mobile-resources.service[22m    [2m | [22m  [36m3.82 kB[39m[2m | [22m
[client] [32mchunk-YZGGIZYB.js[39m                                          [2m | [22m[2m-[22m                                                       [2m | [22m  [36m3.53 kB[39m[2m | [22m
[client] [32mspec-app-features-auth-sign-in.page.js[39m                     [2m | [22m[2mspec-app-features-auth-sign-in.page[22m                     [2m | [22m  [36m3.47 kB[39m[2m | [22m
[client] [32mspec-app-features-support-mobile-support.service.js[39m        [2m | [22m[2mspec-app-features-support-mobile-support.service[22m        [2m | [22m  [36m3.43 kB[39m[2m | [22m
[client] [32mspec-app-features-programs-program-list.page.js[39m            [2m | [22m[2mspec-app-features-programs-program-list.page[22m            [2m | [22m  [36m3.42 kB[39m[2m | [22m
[client] [32mspec-app-layouts-tabs-tabs.component.js[39m                    [2m | [22m[2mspec-app-layouts-tabs-tabs.component[22m                    [2m | [22m  [36m3.35 kB[39m[2m | [22m
[client] [32mchunk-NRNNU5PG.js[39m                                          [2m | [22m[2m-[22m                                                       [2m | [22m  [36m3.26 kB[39m[2m | [22m
[client] [32mspec-app-shared-page-shell-page-shell.component.js[39m         [2m | [22m[2mspec-app-shared-page-shell-page-shell.component[22m         [2m | [22m  [36m3.08 kB[39m[2m | [22m
[client] [32mchunk-ZFUKJMPL.js[39m                                          [2m | [22m[2m-[22m                                                       [2m | [22m  [36m2.74 kB[39m[2m | [22m
[client] [32mspec-app-features-support-support.page.js[39m                  [2m | [22m[2mspec-app-features-support-support.page[22m                  [2m | [22m  [36m2.44 kB[39m[2m | [22m
[client] [32mchunk-O3QXMZTI.js[39m                                          [2m | [22m[2m-[22m                                                       [2m | [22m  [36m2.42 kB[39m[2m | [22m
[client] [32mspec-app-app.component.js[39m                                  [2m | [22m[2mspec-app-app.component[22m                                  [2m | [22m  [36m2.30 kB[39m[2m | [22m
[client] [32mspec-app-core-navigation-mobile-shell.config.js[39m            [2m | [22m[2mspec-app-core-navigation-mobile-shell.config[22m            [2m | [22m  [36m1.72 kB[39m[2m | [22m
[client] [32mchunk-FS7DT2YB.js[39m                                          [2m | [22m[2m-[22m                                                       [2m | [22m  [36m1.56 kB[39m[2m | [22m
[client] [32mspec-app-shared-ui-feature-card-feature-card.component.js[39m  [2m | [22m[2mspec-app-shared-ui-feature-card-feature-card.component[22m  [2m | [22m  [36m1.55 kB[39m[2m | [22m
[client] [32mchunk-3ONVZ7NT.js[39m                                          [2m | [22m[2m-[22m                                                       [2m | [22m  [36m1.32 kB[39m[2m | [22m
[client] [32mchunk-6OS24N5Q.js[39m                                          [2m | [22m[2m-[22m                                                       [2m | [22m  [36m1.32 kB[39m[2m | [22m
[client] [32minit-testbed.js[39m                                            [2m | [22m[2minit-testbed[22m                                            [2m | [22m  [36m1.21 kB[39m[2m | [22m
[client] [32mspec-app-features-onboarding-welcome.page.js[39m               [2m | [22m[2mspec-app-features-onboarding-welcome.page[22m               [2m | [22m  [36m1.15 kB[39m[2m | [22m
[client] [32mvitest-mock-patch.js[39m                                       [2m | [22m[2mvitest-mock-patch[22m                                       [2m | [22m[36m969 bytes[39m[2m | [22m
[client] [32mchunk-HA5ZAH4F.js[39m                                          [2m | [22m[2m-[22m                                                       [2m | [22m[36m906 bytes[39m[2m | [22m
[client] [32mchunk-5SPF4IXF.js[39m                                          [2m | [22m[2m-[22m                                                       [2m | [22m[36m617 bytes[39m[2m | [22m
[client] 
[client] [1m [22m                                                          [2m | [22m[1mInitial total[22m                                           [2m | [22m[1m588.71 kB[22m
[client] 
[client] [1mLazy chunk files[22m                                           [2m | [22m[1mNames[22m                                                   [2m | [22m [1mRaw size[22m
[client] [32mchunk-EEV2SEB4.js[39m                                          [2m | [22m[2msession-detail-page[22m                                     [2m | [22m[36m325 bytes[39m[2m | [22m
[client] [32mchunk-V7MOZT3G.js[39m                                          [2m | [22m[2mprogram-detail-page[22m                                     [2m | [22m[36m325 bytes[39m[2m | [22m
[client] [32mchunk-H6BFUOWR.js[39m                                          [2m | [22m[2mresource-detail-page[22m                                    [2m | [22m[36m297 bytes[39m[2m | [22m
[client] [32mchunk-4H7UARH4.js[39m                                          [2m | [22m[2msupport-request-page[22m                                    [2m | [22m[36m297 bytes[39m[2m | [22m
[client] [32mchunk-WOFJIPKQ.js[39m                                          [2m | [22m[2mresource-list-page[22m                                      [2m | [22m[36m293 bytes[39m[2m | [22m
[client] [32mchunk-4AVAC73C.js[39m                                          [2m | [22m[2mprogram-list-page[22m                                       [2m | [22m[36m291 bytes[39m[2m | [22m
[client] [32mchunk-YDUEBSCE.js[39m                                          [2m | [22m[2msupport-page[22m                                            [2m | [22m[36m283 bytes[39m[2m | [22m
[client] [32mchunk-FFOXNXXZ.js[39m                                          [2m | [22m[2mannouncement-detail-page[22m                                [2m | [22m[36m275 bytes[39m[2m | [22m
[client] [32mchunk-7TQARKPG.js[39m                                          [2m | [22m[2mannouncement-list-page[22m                                  [2m | [22m[36m271 bytes[39m[2m | [22m
[client] [32mchunk-LONU7FKL.js[39m                                          [2m | [22m[2mpassword-reset-page[22m                                     [2m | [22m[36m265 bytes[39m[2m | [22m
[client] [32mchunk-WHQEDHVJ.js[39m                                          [2m | [22m[2msign-in-page[22m                                            [2m | [22m[36m251 bytes[39m[2m | [22m
[client] [32mchunk-YYTDVGI7.js[39m                                          [2m | [22m[2msign-up-page[22m                                            [2m | [22m[36m251 bytes[39m[2m | [22m
[client] [32mchunk-NCJJHPWT.js[39m                                          [2m | [22m[2mhome-page[22m                                               [2m | [22m[36m247 bytes[39m[2m | [22m
[client] [32mchunk-AL7VZQ2Q.js[39m                                          [2m | [22m[2mwelcome-page[22m                                            [2m | [22m[36m223 bytes[39m[2m | [22m
[client] [32mchunk-UQWNUSNT.js[39m                                          [2m | [22m[2mtabs-component[22m                                          [2m | [22m[36m180 bytes[39m[2m | [22m
[client] 
[client] Application bundle generation complete. [12.937 seconds] - 2026-05-25T12:19:57.170Z
[client] 
[client] 
[client] [1m[30m[46m RUN [49m[39m[22m [36mv4.1.4 [39m[90mC:/Users/USER/kraak-consulting/apps/client[39m
[client]       [2mCoverage enabled with [22m[33mv8[39m
[client] 
[client] [90mstdout[2m | projects/mobile/src/app/features/resources/resource-detail.page.spec.ts[2m > [22m[2mMobile ResourceDetailPage[2m > [22m[2mGiven an API failure, when detail loads, then an error message is shown
[client] [22m[39m[Debug] mobile.resources.detail.load
[client]   Contexte : { feature: [32m'resources'[39m }
[client] 
[client] [90mstderr[2m | projects/mobile/src/app/features/resources/resource-detail.page.spec.ts[2m > [22m[2mMobile ResourceDetailPage[2m > [22m[2mGiven an API failure, when detail loads, then an error message is shown
[client] [22m[39m  Error: Erreur detail test
[client]       at C:/Users/USER/kraak-consulting/apps/client/projects/mobile/src/app/features/resources/resource-detail.page.spec.ts:98:47
[client]       at file:///C:/Users/USER/kraak-consulting/node_modules/[4m.pnpm[24m/@vitest+runner@4.1.4/node_modules/[4m@vitest/runner[24m/dist/chunk-artifact.js:302:11
[client]       at file:///C:/Users/USER/kraak-consulting/node_modules/[4m.pnpm[24m/@vitest+runner@4.1.4/node_modules/[4m@vitest/runner[24m/dist/chunk-artifact.js:1903:26
[client]       at file:///C:/Users/USER/kraak-consulting/node_modules/[4m.pnpm[24m/@vitest+runner@4.1.4/node_modules/[4m@vitest/runner[24m/dist/chunk-artifact.js:2326:20
[client]       at new Promise (<anonymous>)
[client]       at runWithCancel (file:///C:/Users/USER/kraak-consulting/node_modules/[4m.pnpm[24m/@vitest+runner@4.1.4/node_modules/[4m@vitest/runner[24m/dist/chunk-artifact.js:2323:10)
[client]       at file:///C:/Users/USER/kraak-consulting/node_modules/[4m.pnpm[24m/@vitest+runner@4.1.4/node_modules/[4m@vitest/runner[24m/dist/chunk-artifact.js:2305:20
[client]       at new Promise (<anonymous>)
[client]       at runWithTimeout (file:///C:/Users/USER/kraak-consulting/node_modules/[4m.pnpm[24m/@vitest+runner@4.1.4/node_modules/[4m@vitest/runner[24m/dist/chunk-artifact.js:2272:10)
[client]       at file:///C:/Users/USER/kraak-consulting/node_modules/[4m.pnpm[24m/@vitest+runner@4.1.4/node_modules/[4m@vitest/runner[24m/dist/chunk-artifact.js:2955:64
[client] 
[client] [90mstdout[2m | projects/mobile/src/app/features/announcements/announcement-list.page.spec.ts[2m > [22m[2mMobile AnnouncementListPage[2m > [22m[2mGiven an API error, when page loads, then it shows an actionable error state
[client] [22m[39m[Debug] mobile.announcements.list
[client]   Contexte : { route: [32m'/tabs/annonces'[39m }
[client] 
[client] [90mstderr[2m | projects/mobile/src/app/features/announcements/announcement-list.page.spec.ts[2m > [22m[2mMobile AnnouncementListPage[2m > [22m[2mGiven an API error, when page loads, then it shows an actionable error state
[client] [22m[39m  Error: Erreur annonces test
[client]       at C:/Users/USER/kraak-consulting/apps/client/projects/mobile/src/app/features/announcements/announcement-list.page.spec.ts:88:22
[client]       at file:///C:/Users/USER/kraak-consulting/node_modules/[4m.pnpm[24m/@vitest+runner@4.1.4/node_modules/[4m@vitest/runner[24m/dist/chunk-artifact.js:302:11
[client]       at file:///C:/Users/USER/kraak-consulting/node_modules/[4m.pnpm[24m/@vitest+runner@4.1.4/node_modules/[4m@vitest/runner[24m/dist/chunk-artifact.js:1903:26
[client]       at file:///C:/Users/USER/kraak-consulting/node_modules/[4m.pnpm[24m/@vitest+runner@4.1.4/node_modules/[4m@vitest/runner[24m/dist/chunk-artifact.js:2326:20
[client]       at new Promise (<anonymous>)
[client]       at runWithCancel (file:///C:/Users/USER/kraak-consulting/node_modules/[4m.pnpm[24m/@vitest+runner@4.1.4/node_modules/[4m@vitest/runner[24m/dist/chunk-artifact.js:2323:10)
[client]       at file:///C:/Users/USER/kraak-consulting/node_modules/[4m.pnpm[24m/@vitest+runner@4.1.4/node_modules/[4m@vitest/runner[24m/dist/chunk-artifact.js:2305:20
[client]       at new Promise (<anonymous>)
[client]       at runWithTimeout (file:///C:/Users/USER/kraak-consulting/node_modules/[4m.pnpm[24m/@vitest+runner@4.1.4/node_modules/[4m@vitest/runner[24m/dist/chunk-artifact.js:2272:10)
[client]       at file:///C:/Users/USER/kraak-consulting/node_modules/[4m.pnpm[24m/@vitest+runner@4.1.4/node_modules/[4m@vitest/runner[24m/dist/chunk-artifact.js:2955:64
[client] 
[client] [90mstdout[2m | projects/mobile/src/app/features/announcements/announcement-detail.page.spec.ts[2m > [22m[2mMobile AnnouncementDetailPage[2m > [22m[2mGiven a detail load error, when detail initializes, then it shows retry action
[client] [22m[39m[Debug] mobile.announcements.detail.load
[client]   Contexte : { feature: [32m'announcements'[39m }
[client] 
[client] [90mstderr[2m | projects/mobile/src/app/features/announcements/announcement-detail.page.spec.ts[2m > [22m[2mMobile AnnouncementDetailPage[2m > [22m[2mGiven a detail load error, when detail initializes, then it shows retry action
[client] [22m[39m  Error: Erreur detail annonce test
[client]       at C:/Users/USER/kraak-consulting/apps/client/projects/mobile/src/app/features/announcements/announcement-detail.page.spec.ts:92:22
[client]       at file:///C:/Users/USER/kraak-consulting/node_modules/[4m.pnpm[24m/@vitest+runner@4.1.4/node_modules/[4m@vitest/runner[24m/dist/chunk-artifact.js:302:11
[client]       at file:///C:/Users/USER/kraak-consulting/node_modules/[4m.pnpm[24m/@vitest+runner@4.1.4/node_modules/[4m@vitest/runner[24m/dist/chunk-artifact.js:1903:26
[client]       at file:///C:/Users/USER/kraak-consulting/node_modules/[4m.pnpm[24m/@vitest+runner@4.1.4/node_modules/[4m@vitest/runner[24m/dist/chunk-artifact.js:2326:20
[client]       at new Promise (<anonymous>)
[client]       at runWithCancel (file:///C:/Users/USER/kraak-consulting/node_modules/[4m.pnpm[24m/@vitest+runner@4.1.4/node_modules/[4m@vitest/runner[24m/dist/chunk-artifact.js:2323:10)
[client]       at file:///C:/Users/USER/kraak-consulting/node_modules/[4m.pnpm[24m/@vitest+runner@4.1.4/node_modules/[4m@vitest/runner[24m/dist/chunk-artifact.js:2305:20
[client]       at new Promise (<anonymous>)
[client]       at runWithTimeout (file:///C:/Users/USER/kraak-consulting/node_modules/[4m.pnpm[24m/@vitest+runner@4.1.4/node_modules/[4m@vitest/runner[24m/dist/chunk-artifact.js:2272:10)
[client]       at file:///C:/Users/USER/kraak-consulting/node_modules/[4m.pnpm[24m/@vitest+runner@4.1.4/node_modules/[4m@vitest/runner[24m/dist/chunk-artifact.js:2955:64
[client] 
[client] [90mstdout[2m | projects/mobile/src/app/features/programs/program-detail.page.spec.ts[2m > [22m[2mMobile ProgramDetailPage[2m > [22m[2mOn load[2m > [22m[2mGiven the page is initialized, when an error occurs, then error message is displayed
[client] [22m[39m[Debug] mobile.programs.detail.load
[client]   Contexte : { feature: [32m'programs'[39m }
[client] 
[client] [90mstderr[2m | projects/mobile/src/app/features/programs/program-detail.page.spec.ts[2m > [22m[2mMobile ProgramDetailPage[2m > [22m[2mOn load[2m > [22m[2mGiven the page is initialized, when an error occurs, then error message is displayed
[client] [22m[39m  Error: API Error
[client]       at C:/Users/USER/kraak-consulting/apps/client/projects/mobile/src/app/features/programs/program-detail.page.spec.ts:117:50
[client]       at file:///C:/Users/USER/kraak-consulting/node_modules/[4m.pnpm[24m/@vitest+runner@4.1.4/node_modules/[4m@vitest/runner[24m/dist/chunk-artifact.js:302:11
[client]       at file:///C:/Users/USER/kraak-consulting/node_modules/[4m.pnpm[24m/@vitest+runner@4.1.4/node_modules/[4m@vitest/runner[24m/dist/chunk-artifact.js:1903:26
[client]       at file:///C:/Users/USER/kraak-consulting/node_modules/[4m.pnpm[24m/@vitest+runner@4.1.4/node_modules/[4m@vitest/runner[24m/dist/chunk-artifact.js:2326:20
[client]       at new Promise (<anonymous>)
[client]       at runWithCancel (file:///C:/Users/USER/kraak-consulting/node_modules/[4m.pnpm[24m/@vitest+runner@4.1.4/node_modules/[4m@vitest/runner[24m/dist/chunk-artifact.js:2323:10)
[client]       at file:///C:/Users/USER/kraak-consulting/node_modules/[4m.pnpm[24m/@vitest+runner@4.1.4/node_modules/[4m@vitest/runner[24m/dist/chunk-artifact.js:2305:20
[client]       at new Promise (<anonymous>)
[client]       at runWithTimeout (file:///C:/Users/USER/kraak-consulting/node_modules/[4m.pnpm[24m/@vitest+runner@4.1.4/node_modules/[4m@vitest/runner[24m/dist/chunk-artifact.js:2272:10)
[client]       at file:///C:/Users/USER/kraak-consulting/node_modules/[4m.pnpm[24m/@vitest+runner@4.1.4/node_modules/[4m@vitest/runner[24m/dist/chunk-artifact.js:2955:64
[client] 
[client] [90mstderr[2m | projects/mobile/src/app/features/resources/resource-detail.page.spec.ts[2m > [22m[2mMobile ResourceDetailPage[2m > [22m[2mGiven tracking fails, when detail loads, then resource remains visible without blocking the page
[client] [22m[39m[Debug] mobile.resources.detail.track Error: Tracking unavailable
[client]     at C:/Users/USER/kraak-consulting/apps/client/projects/mobile/src/app/features/resources/resource-detail.page.spec.ts:140:7
[client]     at file:///C:/Users/USER/kraak-consulting/node_modules/[4m.pnpm[24m/@vitest+runner@4.1.4/node_modules/[4m@vitest/runner[24m/dist/chunk-artifact.js:302:11
[client]     at file:///C:/Users/USER/kraak-consulting/node_modules/[4m.pnpm[24m/@vitest+runner@4.1.4/node_modules/[4m@vitest/runner[24m/dist/chunk-artifact.js:1903:26
[client]     at file:///C:/Users/USER/kraak-consulting/node_modules/[4m.pnpm[24m/@vitest+runner@4.1.4/node_modules/[4m@vitest/runner[24m/dist/chunk-artifact.js:2326:20
[client]     at new Promise (<anonymous>)
[client]     at runWithCancel (file:///C:/Users/USER/kraak-consulting/node_modules/[4m.pnpm[24m/@vitest+runner@4.1.4/node_modules/[4m@vitest/runner[24m/dist/chunk-artifact.js:2323:10)
[client]     at file:///C:/Users/USER/kraak-consulting/node_modules/[4m.pnpm[24m/@vitest+runner@4.1.4/node_modules/[4m@vitest/runner[24m/dist/chunk-artifact.js:2305:20
[client]     at new Promise (<anonymous>)
[client]     at runWithTimeout (file:///C:/Users/USER/kraak-consulting/node_modules/[4m.pnpm[24m/@vitest+runner@4.1.4/node_modules/[4m@vitest/runner[24m/dist/chunk-artifact.js:2272:10)
[client]     at file:///C:/Users/USER/kraak-consulting/node_modules/[4m.pnpm[24m/@vitest+runner@4.1.4/node_modules/[4m@vitest/runner[24m/dist/chunk-artifact.js:2955:64
[client] 
[client] [90mstderr[2m | projects/mobile/src/app/features/resources/resource-detail.page.spec.ts[2m > [22m[2mMobile ResourceDetailPage[2m > [22m[2mGiven tracking fails, when detail loads, then resource remains visible without blocking the page
[client] [22m[39m[Debug] mobile.resources.detail.track Error: Tracking unavailable
[client]     at C:/Users/USER/kraak-consulting/apps/client/projects/mobile/src/app/features/resources/resource-detail.page.spec.ts:140:7
[client]     at file:///C:/Users/USER/kraak-consulting/node_modules/[4m.pnpm[24m/@vitest+runner@4.1.4/node_modules/[4m@vitest/runner[24m/dist/chunk-artifact.js:302:11
[client]     at file:///C:/Users/USER/kraak-consulting/node_modules/[4m.pnpm[24m/@vitest+runner@4.1.4/node_modules/[4m@vitest/runner[24m/dist/chunk-artifact.js:1903:26
[client]     at file:///C:/Users/USER/kraak-consulting/node_modules/[4m.pnpm[24m/@vitest+runner@4.1.4/node_modules/[4m@vitest/runner[24m/dist/chunk-artifact.js:2326:20
[client]     at new Promise (<anonymous>)
[client]     at runWithCancel (file:///C:/Users/USER/kraak-consulting/node_modules/[4m.pnpm[24m/@vitest+runner@4.1.4/node_modules/[4m@vitest/runner[24m/dist/chunk-artifact.js:2323:10)
[client]     at file:///C:/Users/USER/kraak-consulting/node_modules/[4m.pnpm[24m/@vitest+runner@4.1.4/node_modules/[4m@vitest/runner[24m/dist/chunk-artifact.js:2305:20
[client]     at new Promise (<anonymous>)
[client]     at runWithTimeout (file:///C:/Users/USER/kraak-consulting/node_modules/[4m.pnpm[24m/@vitest+runner@4.1.4/node_modules/[4m@vitest/runner[24m/dist/chunk-artifact.js:2272:10)
[client]     at file:///C:/Users/USER/kraak-consulting/node_modules/[4m.pnpm[24m/@vitest+runner@4.1.4/node_modules/[4m@vitest/runner[24m/dist/chunk-artifact.js:2955:64
[client] 
[client] [90mstdout[2m | projects/mobile/src/app/features/auth/sign-in.page.spec.ts[2m > [22m[2mMobile SignInPage[2m > [22m[2mGiven signIn throws an error, when submit is called, then the error message is rendered
[client] [22m[39m[Debug] mobile.auth.sign-in.submit
[client]   Contexte : { route: [32m'/connexion'[39m }
[client] 
[client] [90mstderr[2m | projects/mobile/src/app/features/auth/sign-in.page.spec.ts[2m > [22m[2mMobile SignInPage[2m > [22m[2mGiven signIn throws an error, when submit is called, then the error message is rendered
[client] [22m[39m  Error: Identifiants incorrects
[client]       at C:/Users/USER/kraak-consulting/apps/client/projects/mobile/src/app/features/auth/sign-in.page.spec.ts:84:42
[client]       at file:///C:/Users/USER/kraak-consulting/node_modules/[4m.pnpm[24m/@vitest+runner@4.1.4/node_modules/[4m@vitest/runner[24m/dist/chunk-artifact.js:302:11
[client]       at file:///C:/Users/USER/kraak-consulting/node_modules/[4m.pnpm[24m/@vitest+runner@4.1.4/node_modules/[4m@vitest/runner[24m/dist/chunk-artifact.js:1903:26
[client]       at file:///C:/Users/USER/kraak-consulting/node_modules/[4m.pnpm[24m/@vitest+runner@4.1.4/node_modules/[4m@vitest/runner[24m/dist/chunk-artifact.js:2326:20
[client]       at new Promise (<anonymous>)
[client]       at runWithCancel (file:///C:/Users/USER/kraak-consulting/node_modules/[4m.pnpm[24m/@vitest+runner@4.1.4/node_modules/[4m@vitest/runner[24m/dist/chunk-artifact.js:2323:10)
[client]       at file:///C:/Users/USER/kraak-consulting/node_modules/[4m.pnpm[24m/@vitest+runner@4.1.4/node_modules/[4m@vitest/runner[24m/dist/chunk-artifact.js:2305:20
[client]       at new Promise (<anonymous>)
[client]       at runWithTimeout (file:///C:/Users/USER/kraak-consulting/node_modules/[4m.pnpm[24m/@vitest+runner@4.1.4/node_modules/[4m@vitest/runner[24m/dist/chunk-artifact.js:2272:10)
[client]       at file:///C:/Users/USER/kraak-consulting/node_modules/[4m.pnpm[24m/@vitest+runner@4.1.4/node_modules/[4m@vitest/runner[24m/dist/chunk-artifact.js:2955:64
[client] 
[client] [90mstdout[2m | projects/mobile/src/app/features/auth/password-reset.page.spec.ts[2m > [22m[2mMobile PasswordResetPage[2m > [22m[2mGiven requestPasswordReset throws, when submit is called, then the error message is rendered
[client] [22m[39m[Debug] mobile.auth.password-reset.submit
[client]   Contexte : { route: [32m'/mot-de-passe-oublie'[39m }
[client] 
[client] [90mstderr[2m | projects/mobile/src/app/features/auth/password-reset.page.spec.ts[2m > [22m[2mMobile PasswordResetPage[2m > [22m[2mGiven requestPasswordReset throws, when submit is called, then the error message is rendered
[client] [22m[39m  Error: Service indisponible
[client]       at C:/Users/USER/kraak-consulting/apps/client/projects/mobile/src/app/features/auth/password-reset.page.spec.ts:78:7
[client]       at file:///C:/Users/USER/kraak-consulting/node_modules/[4m.pnpm[24m/@vitest+runner@4.1.4/node_modules/[4m@vitest/runner[24m/dist/chunk-artifact.js:302:11
[client]       at file:///C:/Users/USER/kraak-consulting/node_modules/[4m.pnpm[24m/@vitest+runner@4.1.4/node_modules/[4m@vitest/runner[24m/dist/chunk-artifact.js:1903:26
[client]       at file:///C:/Users/USER/kraak-consulting/node_modules/[4m.pnpm[24m/@vitest+runner@4.1.4/node_modules/[4m@vitest/runner[24m/dist/chunk-artifact.js:2326:20
[client]       at new Promise (<anonymous>)
[client]       at runWithCancel (file:///C:/Users/USER/kraak-consulting/node_modules/[4m.pnpm[24m/@vitest+runner@4.1.4/node_modules/[4m@vitest/runner[24m/dist/chunk-artifact.js:2323:10)
[client]       at file:///C:/Users/USER/kraak-consulting/node_modules/[4m.pnpm[24m/@vitest+runner@4.1.4/node_modules/[4m@vitest/runner[24m/dist/chunk-artifact.js:2305:20
[client]       at new Promise (<anonymous>)
[client]       at runWithTimeout (file:///C:/Users/USER/kraak-consulting/node_modules/[4m.pnpm[24m/@vitest+runner@4.1.4/node_modules/[4m@vitest/runner[24m/dist/chunk-artifact.js:2272:10)
[client]       at file:///C:/Users/USER/kraak-consulting/node_modules/[4m.pnpm[24m/@vitest+runner@4.1.4/node_modules/[4m@vitest/runner[24m/dist/chunk-artifact.js:2955:64
[client] 
[client] [90mstdout[2m | projects/mobile/src/app/features/programs/session-detail.page.spec.ts[2m > [22m[2mMobile SessionDetailPage[2m > [22m[2mOn load[2m > [22m[2mGiven the page is initialized, when an error occurs, then error message is displayed
[client] [22m[39m[Debug] mobile.programs.detail.load
[client]   Contexte : { feature: [32m'programs'[39m }
[client] 
[client] [90mstderr[2m | projects/mobile/src/app/features/programs/session-detail.page.spec.ts[2m > [22m[2mMobile SessionDetailPage[2m > [22m[2mOn load[2m > [22m[2mGiven the page is initialized, when an error occurs, then error message is displayed
[client] [22m[39m  Error: API Error
[client]       at C:/Users/USER/kraak-consulting/apps/client/projects/mobile/src/app/features/programs/session-detail.page.spec.ts:133:50
[client]       at file:///C:/Users/USER/kraak-consulting/node_modules/[4m.pnpm[24m/@vitest+runner@4.1.4/node_modules/[4m@vitest/runner[24m/dist/chunk-artifact.js:302:11
[client]       at file:///C:/Users/USER/kraak-consulting/node_modules/[4m.pnpm[24m/@vitest+runner@4.1.4/node_modules/[4m@vitest/runner[24m/dist/chunk-artifact.js:1903:26
[client]       at file:///C:/Users/USER/kraak-consulting/node_modules/[4m.pnpm[24m/@vitest+runner@4.1.4/node_modules/[4m@vitest/runner[24m/dist/chunk-artifact.js:2326:20
[client]       at new Promise (<anonymous>)
[client]       at runWithCancel (file:///C:/Users/USER/kraak-consulting/node_modules/[4m.pnpm[24m/@vitest+runner@4.1.4/node_modules/[4m@vitest/runner[24m/dist/chunk-artifact.js:2323:10)
[client]       at file:///C:/Users/USER/kraak-consulting/node_modules/[4m.pnpm[24m/@vitest+runner@4.1.4/node_modules/[4m@vitest/runner[24m/dist/chunk-artifact.js:2305:20
[client]       at new Promise (<anonymous>)
[client]       at runWithTimeout (file:///C:/Users/USER/kraak-consulting/node_modules/[4m.pnpm[24m/@vitest+runner@4.1.4/node_modules/[4m@vitest/runner[24m/dist/chunk-artifact.js:2272:10)
[client]       at file:///C:/Users/USER/kraak-consulting/node_modules/[4m.pnpm[24m/@vitest+runner@4.1.4/node_modules/[4m@vitest/runner[24m/dist/chunk-artifact.js:2955:64
[client] 
[client] [90mstdout[2m | projects/mobile/src/app/features/resources/resource-list.page.spec.ts[2m > [22m[2mMobile ResourceListPage[2m > [22m[2mGiven a load error, when page initializes, then the error state is displayed
[client] [22m[39m[Debug] mobile.resources.list
[client]   Contexte : { route: [32m'/tabs/programmes/ressources'[39m }
[client] 
[client] [90mstderr[2m | projects/mobile/src/app/features/resources/resource-list.page.spec.ts[2m > [22m[2mMobile ResourceListPage[2m > [22m[2mGiven a load error, when page initializes, then the error state is displayed
[client] [22m[39m  Error: Erreur API test
[client]       at C:/Users/USER/kraak-consulting/apps/client/projects/mobile/src/app/features/resources/resource-list.page.spec.ts:104:45
[client]       at file:///C:/Users/USER/kraak-consulting/node_modules/[4m.pnpm[24m/@vitest+runner@4.1.4/node_modules/[4m@vitest/runner[24m/dist/chunk-artifact.js:302:11
[client]       at file:///C:/Users/USER/kraak-consulting/node_modules/[4m.pnpm[24m/@vitest+runner@4.1.4/node_modules/[4m@vitest/runner[24m/dist/chunk-artifact.js:1903:26
[client]       at file:///C:/Users/USER/kraak-consulting/node_modules/[4m.pnpm[24m/@vitest+runner@4.1.4/node_modules/[4m@vitest/runner[24m/dist/chunk-artifact.js:2326:20
[client]       at new Promise (<anonymous>)
[client]       at runWithCancel (file:///C:/Users/USER/kraak-consulting/node_modules/[4m.pnpm[24m/@vitest+runner@4.1.4/node_modules/[4m@vitest/runner[24m/dist/chunk-artifact.js:2323:10)
[client]       at file:///C:/Users/USER/kraak-consulting/node_modules/[4m.pnpm[24m/@vitest+runner@4.1.4/node_modules/[4m@vitest/runner[24m/dist/chunk-artifact.js:2305:20
[client]       at new Promise (<anonymous>)
[client]       at runWithTimeout (file:///C:/Users/USER/kraak-consulting/node_modules/[4m.pnpm[24m/@vitest+runner@4.1.4/node_modules/[4m@vitest/runner[24m/dist/chunk-artifact.js:2272:10)
[client]       at file:///C:/Users/USER/kraak-consulting/node_modules/[4m.pnpm[24m/@vitest+runner@4.1.4/node_modules/[4m@vitest/runner[24m/dist/chunk-artifact.js:2955:64
[client] 
[client]  [32m✓[39m [30m[45m mobile [49m[39m projects/mobile/src/app/features/auth/sign-in.page.spec.ts [2m([22m[2m5 tests[22m[2m)[22m[33m 1781[2mms[22m[39m
[client]      [33m[2m✓[22m[39m should create [33m 771[2mms[22m[39m
[client]      [33m[2m✓[22m[39m Given the mobile auth flow, when the page renders, then the login form and auth links are visible [33m 382[2mms[22m[39m
[client] [90mstdout[2m | projects/mobile/src/app/features/programs/session-detail.page.spec.ts[2m > [22m[2mMobile SessionDetailPage[2m > [22m[2mOn load[2m > [22m[2mGiven a loaded session, when markSessionCompletion fails with non-Error rejection, then generic error is shown
[client] [22m[39m[Debug] mobile.programs.session.progress
[client]   Contexte : { completed: [33mtrue[39m }
[client] 
[client] [90mstderr[2m | projects/mobile/src/app/features/programs/session-detail.page.spec.ts[2m > [22m[2mMobile SessionDetailPage[2m > [22m[2mOn load[2m > [22m[2mGiven a loaded session, when markSessionCompletion fails with non-Error rejection, then generic error is shown
[client] [22m[39m  string rejection
[client] 
[client] [90mstdout[2m | projects/mobile/src/app/features/auth/sign-up.page.spec.ts[2m > [22m[2mMobile SignUpPage[2m > [22m[2mGiven signUp throws an error, when submit is called, then the error message is rendered
[client] [22m[39m[Debug] mobile.auth.sign-up.submit
[client]   Contexte : { route: [32m'/inscription'[39m }
[client] 
[client] [90mstderr[2m | projects/mobile/src/app/features/auth/sign-up.page.spec.ts[2m > [22m[2mMobile SignUpPage[2m > [22m[2mGiven signUp throws an error, when submit is called, then the error message is rendered
[client] [22m[39m  Error: Compte déjà existant
[client]       at C:/Users/USER/kraak-consulting/apps/client/projects/mobile/src/app/features/auth/sign-up.page.spec.ts:90:7
[client]       at file:///C:/Users/USER/kraak-consulting/node_modules/[4m.pnpm[24m/@vitest+runner@4.1.4/node_modules/[4m@vitest/runner[24m/dist/chunk-artifact.js:302:11
[client]       at file:///C:/Users/USER/kraak-consulting/node_modules/[4m.pnpm[24m/@vitest+runner@4.1.4/node_modules/[4m@vitest/runner[24m/dist/chunk-artifact.js:1903:26
[client]       at file:///C:/Users/USER/kraak-consulting/node_modules/[4m.pnpm[24m/@vitest+runner@4.1.4/node_modules/[4m@vitest/runner[24m/dist/chunk-artifact.js:2326:20
[client]       at new Promise (<anonymous>)
[client]       at runWithCancel (file:///C:/Users/USER/kraak-consulting/node_modules/[4m.pnpm[24m/@vitest+runner@4.1.4/node_modules/[4m@vitest/runner[24m/dist/chunk-artifact.js:2323:10)
[client]       at file:///C:/Users/USER/kraak-consulting/node_modules/[4m.pnpm[24m/@vitest+runner@4.1.4/node_modules/[4m@vitest/runner[24m/dist/chunk-artifact.js:2305:20
[client]       at new Promise (<anonymous>)
[client]       at runWithTimeout (file:///C:/Users/USER/kraak-consulting/node_modules/[4m.pnpm[24m/@vitest+runner@4.1.4/node_modules/[4m@vitest/runner[24m/dist/chunk-artifact.js:2272:10)
[client]       at file:///C:/Users/USER/kraak-consulting/node_modules/[4m.pnpm[24m/@vitest+runner@4.1.4/node_modules/[4m@vitest/runner[24m/dist/chunk-artifact.js:2955:64
[client] 
[client] [90mstdout[2m | projects/mobile/src/app/features/dashboard/home.page.spec.ts[2m > [22m[2mMobile HomePage[2m > [22m[2mGiven a dashboard API error, when the page loads, then it shows an actionable error message
[client] [22m[39m[Debug] mobile.dashboard.load
[client]   Contexte : { route: [32m'/tabs/accueil'[39m }
[client] 
[client] [90mstderr[2m | projects/mobile/src/app/features/dashboard/home.page.spec.ts[2m > [22m[2mMobile HomePage[2m > [22m[2mGiven a dashboard API error, when the page loads, then it shows an actionable error message
[client] [22m[39m  ApiError: 503 Service Unavailable
[client]       at C:/Users/USER/kraak-consulting/apps/client/projects/mobile/src/app/features/dashboard/home.page.spec.ts:193:9
[client]       at file:///C:/Users/USER/kraak-consulting/node_modules/[4m.pnpm[24m/@vitest+runner@4.1.4/node_modules/[4m@vitest/runner[24m/dist/chunk-artifact.js:302:11
[client]       at file:///C:/Users/USER/kraak-consulting/node_modules/[4m.pnpm[24m/@vitest+runner@4.1.4/node_modules/[4m@vitest/runner[24m/dist/chunk-artifact.js:1903:26
[client]       at file:///C:/Users/USER/kraak-consulting/node_modules/[4m.pnpm[24m/@vitest+runner@4.1.4/node_modules/[4m@vitest/runner[24m/dist/chunk-artifact.js:2326:20
[client]       at new Promise (<anonymous>)
[client]       at runWithCancel (file:///C:/Users/USER/kraak-consulting/node_modules/[4m.pnpm[24m/@vitest+runner@4.1.4/node_modules/[4m@vitest/runner[24m/dist/chunk-artifact.js:2323:10)
[client]       at file:///C:/Users/USER/kraak-consulting/node_modules/[4m.pnpm[24m/@vitest+runner@4.1.4/node_modules/[4m@vitest/runner[24m/dist/chunk-artifact.js:2305:20
[client]       at new Promise (<anonymous>)
[client]       at runWithTimeout (file:///C:/Users/USER/kraak-consulting/node_modules/[4m.pnpm[24m/@vitest+runner@4.1.4/node_modules/[4m@vitest/runner[24m/dist/chunk-artifact.js:2272:10)
[client]       at file:///C:/Users/USER/kraak-consulting/node_modules/[4m.pnpm[24m/@vitest+runner@4.1.4/node_modules/[4m@vitest/runner[24m/dist/chunk-artifact.js:2955:64 {
[client]     status: [33m503[39m,
[client]     statusText: [32m'Service Unavailable'[39m,
[client]     body: { message: [32m'Service indisponible'[39m }
[client]   }
[client] 
[client]  [32m✓[39m [30m[45m mobile [49m[39m projects/mobile/src/app/features/auth/password-reset.page.spec.ts [2m([22m[2m6 tests[22m[2m)[22m[33m 1875[2mms[22m[39m
[client]      [33m[2m✓[22m[39m should create [33m 701[2mms[22m[39m
[client]      [33m[2m✓[22m[39m Given the reset flow, when the page renders, then the email form and sign-in link are visible [33m 358[2mms[22m[39m
[client]  [32m✓[39m [30m[45m mobile [49m[39m projects/mobile/src/app/features/resources/resource-detail.page.spec.ts [2m([22m[2m7 tests[22m[2m)[22m[33m 1896[2mms[22m[39m
[client]      [33m[2m✓[22m[39m should create [33m 608[2mms[22m[39m
[client]      [33m[2m✓[22m[39m Given a valid resource id, when detail loads, then resource data is rendered [33m 417[2mms[22m[39m
[client] [90mstdout[2m | projects/mobile/src/app/features/support/support-request.page.spec.ts[2m > [22m[2mMobile SupportRequestPage[2m > [22m[2mGiven a service error, when submit is called, then the error message is set and navigation does not occur
[client] [22m[39m[Debug] mobile.support.submit
[client]   Contexte : { route: [32m'/tabs/support/request'[39m }
[client] 
[client] [90mstdout[2m | projects/mobile/src/app/features/support/support-request.page.spec.ts[2m > [22m[2mMobile SupportRequestPage[2m > [22m[2mGiven an API validation error payload, when submit is called, then the backend message is surfaced to the user
[client] [22m[39m[Debug] mobile.support.submit
[client]   Contexte : { route: [32m'/tabs/support/request'[39m }
[client] 
[client]  [32m✓[39m [30m[45m mobile [49m[39m projects/mobile/src/app/features/announcements/announcement-list.page.spec.ts [2m([22m[2m10 tests[22m[2m)[22m[33m 1918[2mms[22m[39m
[client]      [33m[2m✓[22m[39m should create [33m 570[2mms[22m[39m
[client]      [33m[2m✓[22m[39m Given API announcements, when page loads, then it renders the feed and entry point to detail [33m 310[2mms[22m[39m
[client] [90mstdout[2m | projects/mobile/src/app/features/dashboard/home.page.spec.ts[2m > [22m[2mMobile HomePage[2m > [22m[2mGiven an error state, when the user retries, then the dashboard reloads successfully
[client] [22m[39m[Debug] mobile.dashboard.load
[client]   Contexte : { route: [32m'/tabs/accueil'[39m }
[client] 
[client] [90mstdout[2m | projects/mobile/src/app/features/support/support-request.page.spec.ts[2m > [22m[2mMobile SupportRequestPage[2m > [22m[2mGiven an ApiError with a body message string, when submit is called, then the body message is shown
[client] [22m[39m[Debug] mobile.support.submit
[client]   Contexte : { route: [32m'/tabs/support/request'[39m }
[client] 
[client] [90mstderr[2m | projects/mobile/src/app/features/dashboard/home.page.spec.ts[2m > [22m[2mMobile HomePage[2m > [22m[2mGiven an error state, when the user retries, then the dashboard reloads successfully
[client] [22m[39m  ApiError: 503 Service Unavailable
[client]       at C:/Users/USER/kraak-consulting/apps/client/projects/mobile/src/app/features/dashboard/home.page.spec.ts:289:9
[client]       at file:///C:/Users/USER/kraak-consulting/node_modules/[4m.pnpm[24m/@vitest+runner@4.1.4/node_modules/[4m@vitest/runner[24m/dist/chunk-artifact.js:302:11
[client]       at file:///C:/Users/USER/kraak-consulting/node_modules/[4m.pnpm[24m/@vitest+runner@4.1.4/node_modules/[4m@vitest/runner[24m/dist/chunk-artifact.js:1903:26
[client]       at file:///C:/Users/USER/kraak-consulting/node_modules/[4m.pnpm[24m/@vitest+runner@4.1.4/node_modules/[4m@vitest/runner[24m/dist/chunk-artifact.js:2326:20
[client]       at new Promise (<anonymous>)
[client]       at runWithCancel (file:///C:/Users/USER/kraak-consulting/node_modules/[4m.pnpm[24m/@vitest+runner@4.1.4/node_modules/[4m@vitest/runner[24m/dist/chunk-artifact.js:2323:10)
[client]       at file:///C:/Users/USER/kraak-consulting/node_modules/[4m.pnpm[24m/@vitest+runner@4.1.4/node_modules/[4m@vitest/runner[24m/dist/chunk-artifact.js:2305:20
[client]       at new Promise (<anonymous>)
[client]       at runWithTimeout (file:///C:/Users/USER/kraak-consulting/node_modules/[4m.pnpm[24m/@vitest+runner@4.1.4/node_modules/[4m@vitest/runner[24m/dist/chunk-artifact.js:2272:10)
[client]       at file:///C:/Users/USER/kraak-consulting/node_modules/[4m.pnpm[24m/@vitest+runner@4.1.4/node_modules/[4m@vitest/runner[24m/dist/chunk-artifact.js:2955:64 {
[client]     status: [33m503[39m,
[client]     statusText: [32m'Service Unavailable'[39m,
[client]     body: { message: [32m'Service temporairement indisponible'[39m }
[client]   }
[client] 
[client]  [32m✓[39m [30m[45m mobile [49m[39m projects/mobile/src/app/features/announcements/announcement-detail.page.spec.ts [2m([22m[2m9 tests[22m[2m)[22m[33m 2103[2mms[22m[39m
[client]      [33m[2m✓[22m[39m should create [33m 739[2mms[22m[39m
[client]  [32m✓[39m [30m[45m mobile [49m[39m projects/mobile/src/app/features/programs/program-detail.page.spec.ts [2m([22m[2m8 tests[22m[2m)[22m[33m 2069[2mms[22m[39m
[client]      [33m[2m✓[22m[39m should create [33m 461[2mms[22m[39m
[client]        [33m[2m✓[22m[39m Given the page is initialized with a program ID, when program loads successfully, then the detail is displayed [33m 462[2mms[22m[39m
[client]        [33m[2m✓[22m[39m Given a program with sessions, resources and announcements, when the page loads, then all sections are displayed [33m 353[2mms[22m[39m
[client] [90mstdout[2m | projects/mobile/src/app/features/support/support-request.page.spec.ts[2m > [22m[2mMobile SupportRequestPage[2m > [22m[2mGiven an ApiError with a body errors string, when submit is called, then the errors string is shown
[client] [22m[39m[Debug] mobile.support.submit
[client]   Contexte : { route: [32m'/tabs/support/request'[39m }
[client] 
[client]  [32m✓[39m [30m[45m mobile [49m[39m projects/mobile/src/app/core/mobile-push-notifications.service.spec.ts [2m([22m[2m17 tests[22m[2m)[22m[32m 292[2mms[22m[39m
[client]  [32m✓[39m [30m[45m mobile [49m[39m projects/mobile/src/app/features/auth/sign-up.page.spec.ts [2m([22m[2m8 tests[22m[2m)[22m[33m 2423[2mms[22m[39m
[client]      [33m[2m✓[22m[39m should create [33m 730[2mms[22m[39m
[client]      [33m[2m✓[22m[39m Given a participant signup flow, when the page renders, then the signup form and sign-in link are visible [33m 418[2mms[22m[39m
[client] [90mstdout[2m | projects/mobile/src/app/features/support/support-request.page.spec.ts[2m > [22m[2mMobile SupportRequestPage[2m > [22m[2mGiven an ApiError with a body errors object, when submit is called, then field errors are joined and shown
[client] [22m[39m[Debug] mobile.support.submit
[client]   Contexte : { route: [32m'/tabs/support/request'[39m }
[client] 
[client]  [32m✓[39m [30m[45m mobile [49m[39m projects/mobile/src/app/features/dashboard/home.page.spec.ts [2m([22m[2m10 tests[22m[2m)[22m[33m 2583[2mms[22m[39m
[client]      [33m[2m✓[22m[39m should create [33m 788[2mms[22m[39m
[client] [90mstdout[2m | projects/mobile/src/app/features/support/support-request.page.spec.ts[2m > [22m[2mMobile SupportRequestPage[2m > [22m[2mGiven a non-object error (null), when submit is called, then the generic fallback message is shown
[client] [22m[39m[Debug] mobile.support.submit
[client]   Contexte : { route: [32m'/tabs/support/request'[39m }
[client] 
[client] [90mstdout[2m | projects/mobile/src/app/features/programs/program-list.page.spec.ts[2m > [22m[2mMobile ProgramListPage[2m > [22m[2mOn load[2m > [22m[2mGiven the page is initialized, when an error occurs, then error message is displayed
[client] [22m[39m[Debug] mobile.programs.list
[client]   Contexte : { route: [32m'/tabs/programmes'[39m }
[client] 
[client] [90mstderr[2m | projects/mobile/src/app/features/programs/program-list.page.spec.ts[2m > [22m[2mMobile ProgramListPage[2m > [22m[2mOn load[2m > [22m[2mGiven the page is initialized, when an error occurs, then error message is displayed
[client] [22m[39m  Error: API Error
[client]       at C:/Users/USER/kraak-consulting/apps/client/projects/mobile/src/app/features/programs/program-list.page.spec.ts:86:46
[client]       at file:///C:/Users/USER/kraak-consulting/node_modules/[4m.pnpm[24m/@vitest+runner@4.1.4/node_modules/[4m@vitest/runner[24m/dist/chunk-artifact.js:302:11
[client]       at file:///C:/Users/USER/kraak-consulting/node_modules/[4m.pnpm[24m/@vitest+runner@4.1.4/node_modules/[4m@vitest/runner[24m/dist/chunk-artifact.js:1903:26
[client]       at file:///C:/Users/USER/kraak-consulting/node_modules/[4m.pnpm[24m/@vitest+runner@4.1.4/node_modules/[4m@vitest/runner[24m/dist/chunk-artifact.js:2326:20
[client]       at new Promise (<anonymous>)
[client]       at runWithCancel (file:///C:/Users/USER/kraak-consulting/node_modules/[4m.pnpm[24m/@vitest+runner@4.1.4/node_modules/[4m@vitest/runner[24m/dist/chunk-artifact.js:2323:10)
[client]       at file:///C:/Users/USER/kraak-consulting/node_modules/[4m.pnpm[24m/@vitest+runner@4.1.4/node_modules/[4m@vitest/runner[24m/dist/chunk-artifact.js:2305:20
[client]       at new Promise (<anonymous>)
[client]       at runWithTimeout (file:///C:/Users/USER/kraak-consulting/node_modules/[4m.pnpm[24m/@vitest+runner@4.1.4/node_modules/[4m@vitest/runner[24m/dist/chunk-artifact.js:2272:10)
[client]       at file:///C:/Users/USER/kraak-consulting/node_modules/[4m.pnpm[24m/@vitest+runner@4.1.4/node_modules/[4m@vitest/runner[24m/dist/chunk-artifact.js:2955:64
[client] 
[client] [90mstdout[2m | projects/mobile/src/app/features/support/support-request.page.spec.ts[2m > [22m[2mMobile SupportRequestPage[2m > [22m[2mGiven an ApiError with an errors object containing non-string non-array values, when submit is called, then only valid string messages are shown
[client] [22m[39m[Debug] mobile.support.submit
[client]   Contexte : { route: [32m'/tabs/support/request'[39m }
[client] 
[client]  [32m✓[39m [30m[45m mobile [49m[39m projects/mobile/src/app/features/programs/program-list.page.spec.ts [2m([22m[2m4 tests[22m[2m)[22m[33m 466[2mms[22m[39m
[client] [90mstdout[2m | projects/mobile/src/app/features/support/support-request.page.spec.ts[2m > [22m[2mMobile SupportRequestPage[2m > [22m[2mGiven an ApiError with an empty errors object, when submit is called, then the HTTP status message is shown
[client] [22m[39m[Debug] mobile.support.submit
[client]   Contexte : { route: [32m'/tabs/support/request'[39m }
[client] 
[client]  [32m✓[39m [30m[45m mobile [49m[39m projects/mobile/src/app/features/programs/session-detail.page.spec.ts [2m([22m[2m9 tests[22m[2m)[22m[33m 2429[2mms[22m[39m
[client]      [33m[2m✓[22m[39m should create [33m 486[2mms[22m[39m
[client]        [33m[2m✓[22m[39m Given the page is initialized with program and session IDs, when session loads successfully, then the session detail is displayed [33m 571[2mms[22m[39m
[client]  [32m✓[39m [30m[45m mobile [49m[39m projects/mobile/src/app/core/auth/auth.guard.spec.ts [2m([22m[2m10 tests[22m[2m)[22m[32m 233[2mms[22m[39m
[client]  [32m✓[39m [30m[45m mobile [49m[39m projects/mobile/src/app/app.component.spec.ts [2m([22m[2m2 tests[22m[2m)[22m[32m 203[2mms[22m[39m
[client]  [32m✓[39m [30m[45m mobile [49m[39m projects/mobile/src/app/features/auth/mobile-auth.service.spec.ts [2m([22m[2m14 tests[22m[2m)[22m[33m 325[2mms[22m[39m
[client]  [32m✓[39m [30m[45m mobile [49m[39m projects/mobile/src/app/features/support/support-request.page.spec.ts [2m([22m[2m14 tests[22m[2m)[22m[33m 3009[2mms[22m[39m
[client]      [33m[2m✓[22m[39m should create [33m 731[2mms[22m[39m
[client]      [33m[2m✓[22m[39m Given the Support stack, when the request page renders, then it keeps the expected mobile header [33m 418[2mms[22m[39m
[client]  [32m✓[39m [30m[45m mobile [49m[39m projects/mobile/src/app/shared/page-shell/page-shell.component.spec.ts [2m([22m[2m2 tests[22m[2m)[22m[32m 278[2mms[22m[39m
[client]  [32m✓[39m [30m[45m mobile [49m[39m projects/mobile/src/app/features/support/support.page.spec.ts [2m([22m[2m3 tests[22m[2m)[22m[33m 452[2mms[22m[39m
[client]  [32m✓[39m [30m[45m mobile [49m[39m projects/mobile/src/app/shared/ui/feature-card/feature-card.component.spec.ts [2m([22m[2m2 tests[22m[2m)[22m[32m 80[2mms[22m[39m
[client]  [32m✓[39m [30m[45m mobile [49m[39m projects/mobile/src/app/features/programs/mobile-programs.service.spec.ts [2m([22m[2m4 tests[22m[2m)[22m[32m 118[2mms[22m[39m
[client]  [32m✓[39m [30m[45m mobile [49m[39m projects/mobile/src/app/features/support/mobile-support.service.spec.ts [2m([22m[2m4 tests[22m[2m)[22m[32m 61[2mms[22m[39m
[client]  [32m✓[39m [30m[45m mobile [49m[39m projects/mobile/src/app/features/onboarding/welcome.page.spec.ts [2m([22m[2m1 test[22m[2m)[22m[32m 152[2mms[22m[39m
[client]  [32m✓[39m [30m[45m mobile [49m[39m projects/mobile/src/app/shared/ui/section-title/section-title.component.spec.ts [2m([22m[2m1 test[22m[2m)[22m[32m 50[2mms[22m[39m
[client]  [32m✓[39m [30m[45m mobile [49m[39m projects/mobile/src/app/features/resources/mobile-resources.service.spec.ts [2m([22m[2m4 tests[22m[2m)[22m[32m 94[2mms[22m[39m
[client]  [32m✓[39m [30m[45m mobile [49m[39m projects/mobile/src/app/features/resources/resource-list.page.spec.ts [2m([22m[2m15 tests[22m[2m)[22m[33m 3212[2mms[22m[39m
[client]      [33m[2m✓[22m[39m should create [33m 488[2mms[22m[39m
[client]      [33m[2m✓[22m[39m Given available resources, when page loads, then list and title are rendered [33m 540[2mms[22m[39m
[client]  [32m✓[39m [30m[45m mobile [49m[39m projects/mobile/src/app/core/navigation/mobile-shell.config.spec.ts [2m([22m[2m2 tests[22m[2m)[22m[32m 3[2mms[22m[39m
[client]  [32m✓[39m [30m[45m mobile [49m[39m projects/mobile/src/app/app.routes.spec.ts [2m([22m[2m8 tests[22m[2m)[22m[32m 22[2mms[22m[39m
[client]  [32m✓[39m [30m[45m mobile [49m[39m projects/mobile/src/app/layouts/tabs/tabs.component.spec.ts [2m([22m[2m7 tests[22m[2m)[22m[33m 905[2mms[22m[39m
[client]      [33m[2m✓[22m[39m should create [33m 320[2mms[22m[39m
[client] 
[client] [2m Test Files [22m [1m[32m27 passed[39m[22m[90m (27)[39m
[client] [2m      Tests [22m [1m[32m186 passed[39m[22m[90m (186)[39m
[client] [2m   Start at [22m 12:19:57
[client] [2m   Duration [22m 33.99s[2m (transform 23.37s, setup 25.72s, import 81.28s, tests 29.03s, environment 166.76s)[22m
[client] 
[client] [34m % [39m[2mCoverage report from [22m[33mv8[39m
[client] -------------------|---------|----------|---------|---------|-------------------
[client] File               | % Stmts | % Branch | % Funcs | % Lines | Uncovered Line #s 
[client] -------------------|---------|----------|---------|---------|-------------------
[client] All files          |    91.6 |    90.41 |   76.92 |   93.93 |                   
[client]  app               |      60 |      100 |   14.28 |      50 |                   
[client]   ...omponent.html |     100 |      100 |     100 |     100 |                   
[client]   app.component.ts |     100 |      100 |     100 |     100 |                   
[client]   app.routes.ts    |   14.28 |      100 |       0 |   16.66 | 11-28             
[client]  app/core          |   97.02 |    91.11 |    90.9 |   96.93 |                   
[client]   ...ns.service.ts |   97.02 |    91.11 |    90.9 |   96.93 | 219,238,288       
[client]  app/core/auth     |   95.45 |    83.33 |     100 |   95.45 |                   
[client]   auth.guard.ts    |   95.45 |    83.33 |     100 |   95.45 | 29                
[client]  ...ore/navigation |    37.5 |       50 |   23.07 |   33.33 |                   
[client]   ...ell.config.ts |    37.5 |       50 |   23.07 |   33.33 | 31-108            
[client]  .../announcements |   93.75 |     87.5 |   66.66 |   98.54 |                   
[client]   ...ail.page.html |   88.57 |       75 |       0 |     100 | 45                
[client]   ...etail.page.ts |   97.29 |     92.3 |   85.71 |   96.96 | 25                
[client]   ...ist.page.html |    91.3 |       75 |       0 |     100 | 61                
[client]   ...-list.page.ts |   97.61 |    86.84 |   85.71 |   97.36 | 26                
[client]  app/features/auth |   97.77 |     95.9 |   90.62 |    98.8 |                   
[client]   ...form.utils.ts |     100 |      100 |     100 |     100 |                   
[client]   ...th.service.ts |   95.65 |    95.23 |     100 |   95.31 | 127-128,159       
[client]   ...set.page.html |   96.42 |     87.5 |       0 |     100 | 60                
[client]   ...reset.page.ts |     100 |      100 |     100 |     100 |                   
[client]   ...-in.page.html |   97.22 |     87.5 |       0 |     100 | 74                
[client]   sign-in.page.ts  |     100 |      100 |     100 |     100 |                   
[client]   ...-up.page.html |      98 |     87.5 |       0 |     100 | 133               
[client]   sign-up.page.ts  |     100 |      100 |     100 |     100 |                   
[client]  ...ures/dashboard |   97.22 |    94.11 |   81.25 |    99.2 |                   
[client]   home.page.html   |   97.45 |      100 |       0 |     100 |                   
[client]   home.page.ts     |   96.15 |    91.66 |   92.85 |   95.45 | 52                
[client]  ...res/onboarding |     100 |      100 |     100 |     100 |                   
[client]   ...ome.page.html |     100 |      100 |     100 |     100 |                   
[client]   welcome.page.ts  |     100 |      100 |     100 |     100 |                   
[client]  ...tures/programs |   88.78 |       88 |   69.44 |   93.09 |                   
[client]   ...ms.service.ts |     100 |      100 |     100 |     100 |                   
[client]   ...oader.util.ts |     100 |      100 |     100 |     100 |                   
[client]   ...ail.page.html |   97.33 |    86.36 |       0 |     100 | 80,96,124         
[client]   ...etail.page.ts |     100 |       95 |     100 |     100 | 35                
[client]   ...ist.page.html |   78.18 |       50 |       0 |   85.41 | 75-85             
[client]   ...-list.page.ts |   94.73 |      100 |      75 |   93.33 | 50                
[client]   ...ail.page.html |   74.79 |    68.75 |       0 |   82.22 | ...23-132,166-178 
[client]   ...etail.page.ts |      98 |    92.68 |     100 |   97.77 | 54                
[client]  ...ures/resources |    93.2 |       88 |   81.81 |   96.71 |                   
[client]   ...es.service.ts |   96.87 |    85.71 |     100 |   96.55 | 91                
[client]   ...ail.page.html |    82.5 |     62.5 |       0 |   91.42 | 64-66             
[client]   ...etail.page.ts |     100 |      100 |     100 |     100 |                   
[client]   ...ist.page.html |   89.41 |       75 |      20 |   95.38 | 91-96             
[client]   ...-list.page.ts |     100 |    90.24 |     100 |     100 | 75,144-161        
[client]  ...atures/support |   86.48 |    91.01 |      95 |   85.62 |                   
[client]   ...rt.service.ts |     100 |    85.71 |     100 |     100 | 18                
[client]   ...est.page.html |   72.41 |    83.33 |       0 |   72.22 | ...19-121,126-130 
[client]   ...quest.page.ts |   96.92 |     90.9 |     100 |   96.72 | 142-143           
[client]   ...ort.page.html |   82.35 |      100 |     100 |   80.64 | 32-40             
[client]   support.page.ts  |   94.73 |      100 |     100 |   93.33 | 48                
[client]  app/layouts/tabs  |   31.57 |       60 |     100 |      25 |                   
[client]   ...omponent.html |       0 |      100 |     100 |       0 | 1-15              
[client]   ....component.ts |   85.71 |       60 |     100 |     100 | 46                
[client]  ...red/page-shell |     100 |       95 |     100 |     100 |                   
[client]   ...omponent.html |     100 |    83.33 |     100 |     100 | 10                
[client]   ....component.ts |     100 |      100 |     100 |     100 |                   
[client]  ...i/feature-card |     100 |      100 |     100 |     100 |                   
[client]   ...omponent.html |     100 |      100 |     100 |     100 |                   
[client]   ....component.ts |     100 |      100 |     100 |     100 |                   
[client]  .../section-title |     100 |    85.71 |     100 |     100 |                   
[client]   ...omponent.html |     100 |       50 |     100 |     100 | 2-12              
[client]   ....component.ts |     100 |      100 |     100 |     100 |                   
[client]  environments      |     100 |       80 |     100 |     100 |                   
[client]   ...ment.local.ts |     100 |       80 |     100 |     100 | 3                 
[client] -------------------|---------|----------|---------|---------|-------------------
 ELIFECYCLE  Test failed. See above for more details.
